Archive member included because of file (symbol)

..\..\..\..\..\..\..\..\Program Files (x86)\GNU Tools ARM Embedded\4.7 2012q4\arm-none-eabi\lib\armv7e-m\libc.a(lib_a-__atexit.o)
                              d:/program files (x86)/gnu tools arm embedded/4.7 2012q4/bin/../lib/gcc/arm-none-eabi/4.7.3/../../../../arm-none-eabi/lib/armv7e-m/crt0.o (__register_exitproc)
..\..\..\..\..\..\..\..\Program Files (x86)\GNU Tools ARM Embedded\4.7 2012q4\arm-none-eabi\lib\armv7e-m\libc.a(lib_a-exit.o)
                              d:/program files (x86)/gnu tools arm embedded/4.7 2012q4/bin/../lib/gcc/arm-none-eabi/4.7.3/../../../../arm-none-eabi/lib/armv7e-m/crt0.o (exit)
..\..\..\..\..\..\..\..\Program Files (x86)\GNU Tools ARM Embedded\4.7 2012q4\arm-none-eabi\lib\armv7e-m\libc.a(lib_a-fini.o)
                              d:/program files (x86)/gnu tools arm embedded/4.7 2012q4/bin/../lib/gcc/arm-none-eabi/4.7.3/../../../../arm-none-eabi/lib/armv7e-m/crt0.o (__libc_fini_array)
..\..\..\..\..\..\..\..\Program Files (x86)\GNU Tools ARM Embedded\4.7 2012q4\arm-none-eabi\lib\armv7e-m\libc.a(lib_a-impure.o)
                              ..\..\..\..\..\..\..\..\Program Files (x86)\GNU Tools ARM Embedded\4.7 2012q4\arm-none-eabi\lib\armv7e-m\libc.a(lib_a-__atexit.o) (_global_impure_ptr)
..\..\..\..\..\..\..\..\Program Files (x86)\GNU Tools ARM Embedded\4.7 2012q4\arm-none-eabi\lib\armv7e-m\libc.a(lib_a-init.o)
                              d:/program files (x86)/gnu tools arm embedded/4.7 2012q4/bin/../lib/gcc/arm-none-eabi/4.7.3/../../../../arm-none-eabi/lib/armv7e-m/crt0.o (__libc_init_array)
..\..\..\..\..\..\..\..\Program Files (x86)\GNU Tools ARM Embedded\4.7 2012q4\arm-none-eabi\lib\armv7e-m\libc.a(lib_a-memset.o)
                              d:/program files (x86)/gnu tools arm embedded/4.7 2012q4/bin/../lib/gcc/arm-none-eabi/4.7.3/../../../../arm-none-eabi/lib/armv7e-m/crt0.o (memset)
..\..\..\..\..\..\..\..\Program Files (x86)\GNU Tools ARM Embedded\4.7 2012q4\arm-none-eabi\lib\armv7e-m\libc.a(lib_a-__call_atexit.o)
                              ..\..\..\..\..\..\..\..\Program Files (x86)\GNU Tools ARM Embedded\4.7 2012q4\arm-none-eabi\lib\armv7e-m\libc.a(lib_a-exit.o) (__call_exitprocs)
..\..\..\..\..\..\..\..\Program Files (x86)\GNU Tools ARM Embedded\4.7 2012q4\arm-none-eabi\lib\armv7e-m\libc.a(lib_a-atexit.o)
                              ..\..\..\..\..\..\..\..\Program Files (x86)\GNU Tools ARM Embedded\4.7 2012q4\arm-none-eabi\lib\armv7e-m\libc.a(lib_a-__call_atexit.o) (atexit)
..\..\..\..\..\..\..\..\Program Files (x86)\GNU Tools ARM Embedded\4.7 2012q4\arm-none-eabi\lib\armv7e-m\libm.a(lib_a-s_cos.o)
                              ..\obj\MotionControlSystem.o (cos)
..\..\..\..\..\..\..\..\Program Files (x86)\GNU Tools ARM Embedded\4.7 2012q4\arm-none-eabi\lib\armv7e-m\libm.a(lib_a-s_sin.o)
                              ..\obj\MotionControlSystem.o (sin)
..\..\..\..\..\..\..\..\Program Files (x86)\GNU Tools ARM Embedded\4.7 2012q4\arm-none-eabi\lib\armv7e-m\libm.a(lib_a-e_rem_pio2.o)
                              ..\..\..\..\..\..\..\..\Program Files (x86)\GNU Tools ARM Embedded\4.7 2012q4\arm-none-eabi\lib\armv7e-m\libm.a(lib_a-s_cos.o) (__ieee754_rem_pio2)
..\..\..\..\..\..\..\..\Program Files (x86)\GNU Tools ARM Embedded\4.7 2012q4\arm-none-eabi\lib\armv7e-m\libm.a(lib_a-k_cos.o)
                              ..\..\..\..\..\..\..\..\Program Files (x86)\GNU Tools ARM Embedded\4.7 2012q4\arm-none-eabi\lib\armv7e-m\libm.a(lib_a-s_cos.o) (__kernel_cos)
..\..\..\..\..\..\..\..\Program Files (x86)\GNU Tools ARM Embedded\4.7 2012q4\arm-none-eabi\lib\armv7e-m\libm.a(lib_a-k_rem_pio2.o)
                              ..\..\..\..\..\..\..\..\Program Files (x86)\GNU Tools ARM Embedded\4.7 2012q4\arm-none-eabi\lib\armv7e-m\libm.a(lib_a-e_rem_pio2.o) (__kernel_rem_pio2)
..\..\..\..\..\..\..\..\Program Files (x86)\GNU Tools ARM Embedded\4.7 2012q4\arm-none-eabi\lib\armv7e-m\libm.a(lib_a-k_sin.o)
                              ..\..\..\..\..\..\..\..\Program Files (x86)\GNU Tools ARM Embedded\4.7 2012q4\arm-none-eabi\lib\armv7e-m\libm.a(lib_a-s_cos.o) (__kernel_sin)
..\..\..\..\..\..\..\..\Program Files (x86)\GNU Tools ARM Embedded\4.7 2012q4\arm-none-eabi\lib\armv7e-m\libm.a(lib_a-s_fabs.o)
                              ..\..\..\..\..\..\..\..\Program Files (x86)\GNU Tools ARM Embedded\4.7 2012q4\arm-none-eabi\lib\armv7e-m\libm.a(lib_a-e_rem_pio2.o) (fabs)
..\..\..\..\..\..\..\..\Program Files (x86)\GNU Tools ARM Embedded\4.7 2012q4\arm-none-eabi\lib\armv7e-m\libm.a(lib_a-s_floor.o)
                              ..\..\..\..\..\..\..\..\Program Files (x86)\GNU Tools ARM Embedded\4.7 2012q4\arm-none-eabi\lib\armv7e-m\libm.a(lib_a-k_rem_pio2.o) (floor)
..\..\..\..\..\..\..\..\Program Files (x86)\GNU Tools ARM Embedded\4.7 2012q4\arm-none-eabi\lib\armv7e-m\libm.a(lib_a-s_scalbn.o)
[...]
Memory Configuration

Name             Origin             Length             Attributes
rom              0x08000000         0x00100000         xr
ram              0x20000000         0x00020000         xrw
ram1             0x10000000         0x00010000         xrw
*default*        0x00000000         0xffffffff

Linker script and memory map

LOAD d:/program files (x86)/gnu tools arm embedded/4.7 2012q4/bin/../lib/gcc/arm-none-eabi/4.7.3/armv7e-m/crti.o
LOAD d:/program files (x86)/gnu tools arm embedded/4.7 2012q4/bin/../lib/gcc/arm-none-eabi/4.7.3/armv7e-m/crtbegin.o
LOAD d:/program files (x86)/gnu tools arm embedded/4.7 2012q4/bin/../lib/gcc/arm-none-eabi/4.7.3/../../../../arm-none-eabi/lib/armv7e-m/crt0.o
LOAD d:/program files (x86)/gnu tools arm embedded/4.7 2012q4/bin/../lib/gcc/arm-none-eabi/4.7.3/armv7e-m\libgcc.a
LOAD ..\..\..\..\..\..\..\..\Program Files (x86)\GNU Tools ARM Embedded\4.7 2012q4\arm-none-eabi\lib\armv7e-m\libc.a
LOAD ..\..\..\..\..\..\..\..\Program Files (x86)\GNU Tools ARM Embedded\4.7 2012q4\arm-none-eabi\lib\armv7e-m\libm.a
LOAD ..\..\..\..\..\..\..\..\Program Files (x86)\GNU Tools ARM Embedded\4.7 2012q4\arm-none-eabi\lib\armv7e-m\libstdc++.a
                0x20020000                _eram = 0x20020000

.text           0x08000000     0xd29c
 *(.isr_vector .isr_vector.*)
 .isr_vector    0x08000000      0x188 ..\obj\startup_stm32f4xx.o
                0x08000000                g_pfnVectors
 *(.text .text.* .gnu.linkonce.t.*)
 .text.memset   0x08000188      0x12c ..\..\..\..\..\..\..\..\Program Files (x86)\GNU Tools ARM Embedded\4.7 2012q4\arm-none-eabi\lib\armv7e-m\libc.a(lib_a-memset.o)
                0x08000188                memset
 .text.Delay    0x080002b4       0x20 ..\obj\delay.o
                0x080002b4                Delay
 .text.Delay_Init
                0x080002d4       0x3c ..\obj\delay.o
                0x080002d4                Delay_Init
 .text.SysTick_Handler
                0x08000310       0x10 ..\obj\delay.o
                0x08000310                SysTick_Handler
 .text.Millis   0x08000320        0xc ..\obj\delay.o
                0x08000320                Millis
 .text.USART_Init
                0x0800032c       0xe0 ..\obj\stm32f4xx_usart.o
                0x0800032c                USART_Init
 .text.USART_Cmd
                0x0800040c       0x1c ..\obj\stm32f4xx_usart.o
                0x0800040c                USART_Cmd
 .text.USART_SendData
                0x08000428        0x8 ..\obj\stm32f4xx_usart.o
                0x08000428                USART_SendData
 .text.USART_ReceiveData
                0x08000430        0x8 ..\obj\stm32f4xx_usart.o
                0x08000430                USART_ReceiveData
 .text.USART_ITConfig
                0x08000438       0x38 ..\obj\stm32f4xx_usart.o
                0x08000438                USART_ITConfig
 .text.USART_GetFlagStatus
                0x08000470        0xc ..\obj\stm32f4xx_usart.o
                0x08000470                USART_GetFlagStatus
 .text.USART_GetITStatus
                0x0800047c       0x48 ..\obj\stm32f4xx_usart.o
                0x0800047c                USART_GetITStatus
 .text.Default_Handler
                0x080004c4        0x4 ..\obj\startup_stm32f4xx.o
                0x080004c4                RTC_Alarm_IRQHandler
                0x080004c4                HASH_RNG_IRQHandler
                0x080004c4                EXTI2_IRQHandler
                0x080004c4                TIM8_CC_IRQHandler
                0x080004c4                DebugMon_Handler
                0x080004c4                TIM1_CC_IRQHandler
                0x080004c4                DMA2_Stream5_IRQHandler
                0x080004c4                HardFault_Handler
                0x080004c4                DMA1_Stream5_IRQHandler
                0x080004c4                PVD_IRQHandler
                0x080004c4                SDIO_IRQHandler
                0x080004c4                TAMP_STAMP_IRQHandler
                0x080004c4                PendSV_Handler
                0x080004c4                NMI_Handler
                0x080004c4                CAN2_RX1_IRQHandler
                0x080004c4                EXTI3_IRQHandler
                0x080004c4                TIM8_TRG_COM_TIM14_IRQHandler
                0x080004c4                TIM1_UP_TIM10_IRQHandler
                0x080004c4                TIM8_UP_TIM13_IRQHandler
                0x080004c4                I2C3_ER_IRQHandler
                0x080004c4                EXTI0_IRQHandler
                0x080004c4                I2C2_EV_IRQHandler
                0x080004c4                DMA1_Stream2_IRQHandler
                0x080004c4                CAN1_RX0_IRQHandler
                0x080004c4                FPU_IRQHandler
                0x080004c4                OTG_HS_WKUP_IRQHandler
                0x080004c4                UsageFault_Handler
                0x080004c4                CAN2_SCE_IRQHandler
                0x080004c4                DMA2_Stream2_IRQHandler
                0x080004c4                SPI1_IRQHandler
                0x080004c4                TIM6_DAC_IRQHandler
                0x080004c4                TIM1_BRK_TIM9_IRQHandler
                0x080004c4                DCMI_IRQHandler
                0x080004c4                CAN2_RX0_IRQHandler
                0x080004c4                DMA2_Stream3_IRQHandler
                0x080004c4                CRYP_IRQHandler
                0x080004c4                CAN1_RX1_IRQHandler
                0x080004c4                DMA2_Stream0_IRQHandler
                0x080004c4                I2C1_EV_IRQHandler
                0x080004c4                DMA1_Stream6_IRQHandler
                0x080004c4                DMA1_Stream1_IRQHandler
                0x080004c4                TIM3_IRQHandler
                0x080004c4                RCC_IRQHandler
                0x080004c4                TIM8_BRK_TIM12_IRQHandler
                0x080004c4                EXTI15_10_IRQHandler
                0x080004c4                ADC_IRQHandler
                0x080004c4                DMA1_Stream7_IRQHandler
                0x080004c4                TIM7_IRQHandler
                0x080004c4                CAN2_TX_IRQHandler
                0x080004c4                TIM5_IRQHandler
                0x080004c4                DMA2_Stream7_IRQHandler
                0x080004c4                I2C3_EV_IRQHandler
                0x080004c4                EXTI9_5_IRQHandler
                0x080004c4                RTC_WKUP_IRQHandler
                0x080004c4                ETH_WKUP_IRQHandler
                0x080004c4                SPI2_IRQHandler
                0x080004c4                OTG_HS_EP1_IN_IRQHandler
                0x080004c4                MemManage_Handler
                0x080004c4                DMA1_Stream0_IRQHandler
                0x080004c4                CAN1_TX_IRQHandler
                0x080004c4                SVC_Handler
                0x080004c4                EXTI4_IRQHandler
                0x080004c4                FSMC_IRQHandler
                0x080004c4                ETH_IRQHandler
                0x080004c4                OTG_HS_EP1_OUT_IRQHandler
                0x080004c4                WWDG_IRQHandler
                0x080004c4                TIM2_IRQHandler
                0x080004c4                OTG_FS_WKUP_IRQHandler
                0x080004c4                TIM1_TRG_COM_TIM11_IRQHandler
                0x080004c4                OTG_HS_IRQHandler
                0x080004c4                EXTI1_IRQHandler
                0x080004c4                I2C2_ER_IRQHandler
                0x080004c4                DMA2_Stream1_IRQHandler
                0x080004c4                CAN1_SCE_IRQHandler
                0x080004c4                FLASH_IRQHandler
                0x080004c4                DMA2_Stream4_IRQHandler
                0x080004c4                BusFault_Handler
                0x080004c4                OTG_FS_IRQHandler
                0x080004c4                SPI3_IRQHandler
                0x080004c4                DMA1_Stream4_IRQHandler
                0x080004c4                I2C1_ER_IRQHandler
                0x080004c4                DMA2_Stream6_IRQHandler
                0x080004c4                DMA1_Stream3_IRQHandler
 .text.Default_Reset_Handler
                0x080004c8       0x88 ..\obj\startup_stm32f4xx.o
                0x080004c8                Default_Reset_Handler
                0x080004c8                Reset_Handler
 .text._ZN4UartILh1EE4initEm
                0x08000550       0xb4 ..\obj\main.o
                0x08000550                Uart<(unsigned char)1>::init(unsigned long)
 .text._ZN4UartILh1EE8printflnEPKcz
                0x08000604       0x84 ..\obj\main.o
                0x08000604                Uart<(unsigned char)1>::printfln(char const*, ...)
 .text.TIM4_IRQHandler
                0x08000688       0xb8 ..\obj\main.o
                0x08000688                TIM4_IRQHandler
 .text.startup.main
                0x08000740      0x888 ..\obj\main.o
                0x08000740                main
 .text.RCC_GetClocksFreq
                0x08000fc8       0xb4 ..\obj\stm32f4xx_rcc.o
                0x08000fc8                RCC_GetClocksFreq
 .text.RCC_AHB1PeriphClockCmd
                0x0800107c       0x1c ..\obj\stm32f4xx_rcc.o
                0x0800107c                RCC_AHB1PeriphClockCmd
 .text.RCC_APB1PeriphClockCmd
                0x08001098       0x1c ..\obj\stm32f4xx_rcc.o
                0x08001098                RCC_APB1PeriphClockCmd
 .text.RCC_APB2PeriphClockCmd
                0x080010b4       0x1c ..\obj\stm32f4xx_rcc.o
                0x080010b4                RCC_APB2PeriphClockCmd
 .text._ZN19MotionControlSystemC2Ev
                0x080010d0       0xd0 ..\obj\MotionControlSystem.o
                0x080010d0                MotionControlSystem::MotionControlSystem()
                0x080010d0                MotionControlSystem::MotionControlSystem()
 .text._ZN19MotionControlSystem17getPWMTranslationEv
                0x080011a0        0x8 ..\obj\MotionControlSystem.o
                0x080011a0                MotionControlSystem::getPWMTranslation()
 .text._ZN19MotionControlSystem14getPWMRotationEv
                0x080011a8        0x8 ..\obj\MotionControlSystem.o
                0x080011a8                MotionControlSystem::getPWMRotation()
 .text._ZN19MotionControlSystem18getTranslationGoalEv
                0x080011b0        0x4 ..\obj\MotionControlSystem.o
                0x080011b0                MotionControlSystem::getTranslationGoal()
 .text._ZN19MotionControlSystem15getRotationGoalEv
                0x080011b4        0x4 ..\obj\MotionControlSystem.o
                0x080011b4                MotionControlSystem::getRotationGoal()
 .text._ZN19MotionControlSystem14getLeftEncoderEv
                0x080011b8        0x4 ..\obj\MotionControlSystem.o
                0x080011b8                MotionControlSystem::getLeftEncoder()
 .text._ZN19MotionControlSystem15getRightEncoderEv
                0x080011bc        0x4 ..\obj\MotionControlSystem.o
                0x080011bc                MotionControlSystem::getRightEncoder()
 .text._ZN19MotionControlSystem15moveLeftEncoderEl
                0x080011c0        0x8 ..\obj\MotionControlSystem.o
                0x080011c0                MotionControlSystem::moveLeftEncoder(long)
 .text._ZN19MotionControlSystem16moveRightEncoderEl
                0x080011c8        0x8 ..\obj\MotionControlSystem.o
                0x080011c8                MotionControlSystem::moveRightEncoder(long)
 .text._ZN19MotionControlSystem24enableTranslationControlEb
                0x080011d0        0x4 ..\obj\MotionControlSystem.o
                0x080011d0                MotionControlSystem::enableTranslationControl(bool)
 .text._ZN19MotionControlSystem21enableRotationControlEb
                0x080011d4        0x4 ..\obj\MotionControlSystem.o
                0x080011d4                MotionControlSystem::enableRotationControl(bool)
 .text._ZN19MotionControlSystem14updatePositionEv
                0x080011d8      0x108 ..\obj\MotionControlSystem.o
                0x080011d8                MotionControlSystem::updatePosition()
 .text._ZN19MotionControlSystem12applyControlEv
                0x080012e0       0x30 ..\obj\MotionControlSystem.o
                0x080012e0                MotionControlSystem::applyControl()
 .text._ZN19MotionControlSystem7controlEv
                0x08001310      0x13c ..\obj\MotionControlSystem.o
                0x08001310                MotionControlSystem::control()
 *fill*         0x0800144c        0x4 00
 .text._ZN19MotionControlSystem16orderTranslationEl
                0x08001450       0x48 ..\obj\MotionControlSystem.o
                0x08001450                MotionControlSystem::orderTranslation(long)
 .text._ZN19MotionControlSystem13orderRotationEf
                0x08001498       0xe8 ..\obj\MotionControlSystem.o
                0x08001498                MotionControlSystem::orderRotation(float)
 .text._ZN19MotionControlSystem11orderRawPwmE9safe_enumI8side_defNS1_4typeEEs
                0x08001580       0x10 ..\obj\MotionControlSystem.o
                0x08001580                MotionControlSystem::orderRawPwm(safe_enum<side_def, side_def::type>, short)
 .text._ZN19MotionControlSystem4stopEv
                0x08001590       0x34 ..\obj\MotionControlSystem.o
                0x08001590                MotionControlSystem::stop()
 .text._ZN19MotionControlSystem10manageStopEv
                0x080015c4       0xb8 ..\obj\MotionControlSystem.o
                0x080015c4                MotionControlSystem::manageStop()
 .text._ZN19MotionControlSystem4initEv
                0x0800167c       0x8c ..\obj\MotionControlSystem.o
                0x0800167c                MotionControlSystem::init()
 .text._ZN19MotionControlSystem21setTranslationTuningsEfff
                0x08001708       0x44 ..\obj\MotionControlSystem.o
                0x08001708                MotionControlSystem::setTranslationTunings(float, float, float)
 .text._ZN19MotionControlSystem18setRotationTuningsEfff
                0x0800174c       0x48 ..\obj\MotionControlSystem.o
                0x0800174c                MotionControlSystem::setRotationTunings(float, float, float)
 *fill*         0x08001794        0x4 00
 .text._ZNK19MotionControlSystem14getAngleRadianEv
                0x08001798       0x40 ..\obj\MotionControlSystem.o
                0x08001798                MotionControlSystem::getAngleRadian() const
 .text._ZN19MotionControlSystem4getXEv
                0x080017d8        0x8 ..\obj\MotionControlSystem.o
                0x080017d8                MotionControlSystem::getX()
 .text._ZN19MotionControlSystem4getYEv
                0x080017e0        0x8 ..\obj\MotionControlSystem.o
                0x080017e0                MotionControlSystem::getY()
 .text.GPIO_Init
                0x080017e8      0x150 ..\obj\stm32f4xx_gpio.o
                0x080017e8                GPIO_Init
 .text.GPIO_StructInit
                0x08001938       0x14 ..\obj\stm32f4xx_gpio.o
                0x08001938                GPIO_StructInit
 .text.GPIO_SetBits
                0x0800194c        0x4 ..\obj\stm32f4xx_gpio.o
                0x0800194c                GPIO_SetBits
 .text.GPIO_ResetBits
                0x08001950        0x4 ..\obj\stm32f4xx_gpio.o
                0x08001950                GPIO_ResetBits
 .text.GPIO_PinAFConfig
                0x08001954       0x30 ..\obj\stm32f4xx_gpio.o
                0x08001954                GPIO_PinAFConfig
 .text.SystemInit
                0x08001984      0x154 ..\obj\system_stm32f4xx.o
                0x08001984                SystemInit
 .text._sbrk    0x08001ad8       0x20 ..\obj\syscalls.o
                0x08001ad8                _sbrk
 .text.abort    0x08001af8        0x4 ..\obj\syscalls.o
                0x08001af8                abort
 .text.NVIC_Init
                0x08001afc       0x80 ..\obj\misc.o
                0x08001afc                NVIC_Init
 .text.USART1_IRQHandler
                0x08001b7c       0x54 ..\obj\Uart_IT.o
                0x08001b7c                USART1_IRQHandler
 .text.USART2_IRQHandler
                0x08001bd0       0x54 ..\obj\Uart_IT.o
                0x08001bd0                USART2_IRQHandler
 .text.USART3_IRQHandler
                0x08001c24       0x54 ..\obj\Uart_IT.o
                0x08001c24                USART3_IRQHandler
 .text.UART4_IRQHandler
                0x08001c78       0x54 ..\obj\Uart_IT.o
                0x08001c78                UART4_IRQHandler
 .text.UART5_IRQHandler
                0x08001ccc       0x54 ..\obj\Uart_IT.o
                0x08001ccc                UART5_IRQHandler
 .text.USART6_IRQHandler
                0x08001d20       0x54 ..\obj\Uart_IT.o
                0x08001d20                USART6_IRQHandler
 .text._ZN5Motor7initPWMEv
                0x08001d74       0xcc ..\obj\Motor.o
                0x08001d74                Motor::initPWM()
 .text._ZN5Motor12setDirectionE9safe_enumI13direction_defNS1_4typeEE
                0x08001e40       0x28 ..\obj\Motor.o
                0x08001e40                Motor::setDirection(safe_enum<direction_def, direction_def::type>)
 .text._ZN5Motor3runEs
                0x08001e68       0x6c ..\obj\Motor.o
                0x08001e68                Motor::run(short)
 .text._ZN5MotorC2E9safe_enumI8side_defNS1_4typeEE
                0x08001ed4       0x54 ..\obj\Motor.o
                0x08001ed4                Motor::Motor(safe_enum<side_def, side_def::type>)
                0x08001ed4                Motor::Motor(safe_enum<side_def, side_def::type>)
 .text._ZN7CounterC2Ev
                0x08001f28      0x154 ..\obj\Counter.o
                0x08001f28                Counter::Counter()
                0x08001f28                Counter::Counter()
 .text._ZN7Counter12getLeftValueEv
                0x0800207c       0x18 ..\obj\Counter.o
                0x0800207c                Counter::getLeftValue()
 .text._ZN7Counter13getRightValueEv
                0x08002094       0x14 ..\obj\Counter.o
                0x08002094                Counter::getRightValue()
 .text.TIM_TimeBaseInit
                0x080020a8       0xb0 ..\obj\stm32f4xx_tim.o
                0x080020a8                TIM_TimeBaseInit
 .text.TIM_TimeBaseStructInit
                0x08002158       0x14 ..\obj\stm32f4xx_tim.o
                0x08002158                TIM_TimeBaseStructInit
 .text.TIM_SetCounter
                0x0800216c        0x4 ..\obj\stm32f4xx_tim.o
                0x0800216c                TIM_SetCounter
 .text.TIM_GetCounter
                0x08002170        0x4 ..\obj\stm32f4xx_tim.o
                0x08002170                TIM_GetCounter
 .text.TIM_ARRPreloadConfig
                0x08002174       0x1c ..\obj\stm32f4xx_tim.o
                0x08002174                TIM_ARRPreloadConfig
 .text.TIM_Cmd  0x08002190       0x1c ..\obj\stm32f4xx_tim.o
                0x08002190                TIM_Cmd
 .text.TIM_OC1Init
                0x080021ac       0x94 ..\obj\stm32f4xx_tim.o
                0x080021ac                TIM_OC1Init
 .text.TIM_OC2Init
                0x08002240       0x9c ..\obj\stm32f4xx_tim.o
                0x08002240                TIM_OC2Init
 .text.TIM_OC1PreloadConfig
                0x080022dc       0x10 ..\obj\stm32f4xx_tim.o
                0x080022dc                TIM_OC1PreloadConfig
 .text.TIM_OC2PreloadConfig
                0x080022ec       0x14 ..\obj\stm32f4xx_tim.o
                0x080022ec                TIM_OC2PreloadConfig
 .text.TIM_ITConfig
                0x08002300       0x14 ..\obj\stm32f4xx_tim.o
                0x08002300                TIM_ITConfig
 .text.TIM_GetITStatus
                0x08002314       0x18 ..\obj\stm32f4xx_tim.o
                0x08002314                TIM_GetITStatus
 .text.TIM_ClearITPendingBit
                0x0800232c        0x8 ..\obj\stm32f4xx_tim.o
                0x0800232c                TIM_ClearITPendingBit
 .text.TIM_EncoderInterfaceConfig
                0x08002334       0x40 ..\obj\stm32f4xx_tim.o
                0x08002334                TIM_EncoderInterfaceConfig
 .text.cos      0x08002374       0x90 ..\..\..\..\..\..\..\..\Program Files (x86)\GNU Tools ARM Embedded\4.7 2012q4\arm-none-eabi\lib\armv7e-m\libm.a(lib_a-s_cos.o)
                0x08002374                cos
 .text.sin      0x08002404       0x98 ..\..\..\..\..\..\..\..\Program Files (x86)\GNU Tools ARM Embedded\4.7 2012q4\arm-none-eabi\lib\armv7e-m\libm.a(lib_a-s_sin.o)
                0x08002404                sin
 *fill*         0x0800249c        0x4 00
 .text.__ieee754_rem_pio2
                0x080024a0      0x468 ..\..\..\..\..\..\..\..\Program Files (x86)\GNU Tools ARM Embedded\4.7 2012q4\arm-none-eabi\lib\armv7e-m\libm.a(lib_a-e_rem_pio2.o)
                0x080024a0                __ieee754_rem_pio2
 .text.__kernel_cos
                0x08002908      0x258 ..\..\..\..\..\..\..\..\Program Files (x86)\GNU Tools ARM Embedded\4.7 2012q4\arm-none-eabi\lib\armv7e-m\libm.a(lib_a-k_cos.o)
                0x08002908                __kernel_cos
 .text.__kernel_rem_pio2
                0x08002b60      0xdec ..\..\..\..\..\..\..\..\Program Files (x86)\GNU Tools ARM Embedded\4.7 2012q4\arm-none-eabi\lib\armv7e-m\libm.a(lib_a-k_rem_pio2.o)
                0x08002b60                __kernel_rem_pio2
 *fill*         0x0800394c        0x4 00
 .text.__kernel_sin
                0x08003950      0x170 ..\..\..\..\..\..\..\..\Program Files (x86)\GNU Tools ARM Embedded\4.7 2012q4\arm-none-eabi\lib\armv7e-m\libm.a(lib_a-k_sin.o)
                0x08003950                __kernel_sin
 .text.fabs     0x08003ac0        0x8 ..\..\..\..\..\..\..\..\Program Files (x86)\GNU Tools ARM Embedded\4.7 2012q4\arm-none-eabi\lib\armv7e-m\libm.a(lib_a-s_fabs.o)
                0x08003ac0                fabs
 .text.floor    0x08003ac8      0x110 ..\..\..\..\..\..\..\..\Program Files (x86)\GNU Tools ARM Embedded\4.7 2012q4\arm-none-eabi\lib\armv7e-m\libm.a(lib_a-s_floor.o)
                0x08003ac8                floor
 .text.scalbn   0x08003bd8      0x108 ..\..\..\..\..\..\..\..\Program Files (x86)\GNU Tools ARM Embedded\4.7 2012q4\arm-none-eabi\lib\armv7e-m\libm.a(lib_a-s_scalbn.o)
                0x08003bd8                scalbn
 .text.copysign
                0x08003ce0       0x18 ..\..\..\..\..\..\..\..\Program Files (x86)\GNU Tools ARM Embedded\4.7 2012q4\arm-none-eabi\lib\armv7e-m\libm.a(lib_a-s_copysign.o)
                0x08003ce0                copysign
 .text          0x08003cf8      0x370 d:/program files (x86)/gnu tools arm embedded/4.7 2012q4/bin/../lib/gcc/arm-none-eabi/4.7.3/armv7e-m\libgcc.a(_arm_addsubdf3.o)
                0x08003cf8                __aeabi_drsub
                0x08003d00                __aeabi_dsub
                0x08003d00                __subdf3
                0x08003d04                __aeabi_dadd
                0x08003d04                __adddf3
                0x08003f7c                __floatunsidf
                0x08003f7c                __aeabi_ui2d
                0x08003f9c                __floatsidf
                0x08003f9c                __aeabi_i2d
                0x08003fc0                __aeabi_f2d
                0x08003fc0                __extendsfdf2
                0x08003ffc                __floatundidf
                0x08003ffc                __aeabi_ul2d
                0x0800400c                __floatdidf
                0x0800400c                __aeabi_l2d
 .text          0x08004068      0x424 d:/program files (x86)/gnu tools arm embedded/4.7 2012q4/bin/../lib/gcc/arm-none-eabi/4.7.3/armv7e-m\libgcc.a(_arm_muldivdf3.o)
                0x08004068                __aeabi_dmul
                0x08004068                __muldf3
                0x080042bc                __divdf3
                0x080042bc                __aeabi_ddiv
 .text          0x0800448c      0x110 d:/program files (x86)/gnu tools arm embedded/4.7 2012q4/bin/../lib/gcc/arm-none-eabi/4.7.3/armv7e-m\libgcc.a(_arm_cmpdf2.o)
                0x0800448c                __gtdf2
                0x0800448c                __gedf2
                0x08004494                __ltdf2
                0x08004494                __ledf2
                0x0800449c                __nedf2
                0x0800449c                __eqdf2
                0x0800449c                __cmpdf2
                0x08004518                __aeabi_cdrcmple
                0x08004528                __aeabi_cdcmpeq
                0x08004528                __aeabi_cdcmple
                0x08004538                __aeabi_dcmpeq
                0x0800454c                __aeabi_dcmplt
                0x08004560                __aeabi_dcmple
                0x08004574                __aeabi_dcmpge
                0x08004588                __aeabi_dcmpgt
 .text          0x0800459c       0x50 d:/program files (x86)/gnu tools arm embedded/4.7 2012q4/bin/../lib/gcc/arm-none-eabi/4.7.3/armv7e-m\libgcc.a(_arm_fixdfsi.o)
                0x0800459c                __aeabi_d2iz
                0x0800459c                __fixdfsi
 .text          0x080045ec       0xa0 d:/program files (x86)/gnu tools arm embedded/4.7 2012q4/bin/../lib/gcc/arm-none-eabi/4.7.3/armv7e-m\libgcc.a(_arm_truncdfsf2.o)
                0x080045ec                __truncdfsf2
                0x080045ec                __aeabi_d2f
 .text          0x0800468c      0xba4 d:/program files (x86)/gnu tools arm embedded/4.7 2012q4/bin/../lib/gcc/arm-none-eabi/4.7.3/armv7e-m\libgcc.a(unwind-arm.o)
                0x08004950                _Unwind_GetCFA
                0x08004954                __gnu_Unwind_RaiseException
                0x080049b4                __gnu_Unwind_ForcedUnwind
                0x080049cc                __gnu_Unwind_Resume
                0x08004a10                __gnu_Unwind_Resume_or_Rethrow
                0x08004a28                _Unwind_Complete
                0x08004a2c                _Unwind_DeleteException
                0x08004a3c                _Unwind_VRS_Get
                0x08004a78                _Unwind_VRS_Set
                0x08004e14                __aeabi_unwind_cpp_pr2
                0x08004e1c                __aeabi_unwind_cpp_pr1
                0x08004e24                __aeabi_unwind_cpp_pr0
                0x08004e2c                __gnu_Unwind_Backtrace
                0x08004e98                _Unwind_VRS_Pop
 .text          0x08005230      0x1ac d:/program files (x86)/gnu tools arm embedded/4.7 2012q4/bin/../lib/gcc/arm-none-eabi/4.7.3/armv7e-m\libgcc.a(libunwind.o)
                0x08005230                __restore_core_regs
                0x08005230                restore_core_regs
                0x08005248                __gnu_Unwind_Restore_VFP
                0x08005250                __gnu_Unwind_Save_VFP
                0x08005258                __gnu_Unwind_Restore_VFP_D
                0x08005260                __gnu_Unwind_Save_VFP_D
                0x08005268                __gnu_Unwind_Restore_VFP_D_16_to_31
                0x08005270                __gnu_Unwind_Save_VFP_D_16_to_31
                0x08005278                __gnu_Unwind_Restore_WMMXD
                0x080052bc                __gnu_Unwind_Save_WMMXD
                0x08005300                __gnu_Unwind_Restore_WMMXC
                0x08005314                __gnu_Unwind_Save_WMMXC
                0x08005328                ___Unwind_RaiseException
                0x08005328                _Unwind_RaiseException
                0x0800534c                _Unwind_Resume
                0x0800534c                ___Unwind_Resume
                0x08005370                _Unwind_Resume_or_Rethrow
                0x08005370                ___Unwind_Resume_or_Rethrow
                0x08005394                _Unwind_ForcedUnwind
                0x08005394                ___Unwind_ForcedUnwind
                0x080053b8                ___Unwind_Backtrace
                0x080053b8                _Unwind_Backtrace
 .text          0x080053dc      0x3a0 d:/program files (x86)/gnu tools arm embedded/4.7 2012q4/bin/../lib/gcc/arm-none-eabi/4.7.3/armv7e-m\libgcc.a(pr-support.o)
                0x08005428                __gnu_unwind_execute
                0x08005724                __gnu_unwind_frame
                0x0800574c                _Unwind_GetRegionStart
                0x08005758                _Unwind_GetLanguageSpecificData
                0x0800576c                _Unwind_GetDataRelBase
                0x08005774                _Unwind_GetTextRelBase
 .text.atof     0x0800577c        0x8 ..\..\..\..\..\..\..\..\Program Files (x86)\GNU Tools ARM Embedded\4.7 2012q4\arm-none-eabi\lib\armv7e-m\libg.a(lib_a-atof.o)
                0x0800577c                atof
 .text.atol     0x08005784        0x8 ..\..\..\..\..\..\..\..\Program Files (x86)\GNU Tools ARM Embedded\4.7 2012q4\arm-none-eabi\lib\armv7e-m\libg.a(lib_a-atol.o)
                0x08005784                atol
 .text.memcpy   0x0800578c      0x144 ..\..\..\..\..\..\..\..\Program Files (x86)\GNU Tools ARM Embedded\4.7 2012q4\arm-none-eabi\lib\armv7e-m\libg.a(lib_a-memcpy.o)
                0x0800578c                memcpy
 .text.strcmp   0x080058d0       0x80 ..\..\..\..\..\..\..\..\Program Files (x86)\GNU Tools ARM Embedded\4.7 2012q4\arm-none-eabi\lib\armv7e-m\libg.a(lib_a-strcmp.o)
                0x080058d0                strcmp
 .text.strcmp_unaligned
                0x08005950      0x15c ..\..\..\..\..\..\..\..\Program Files (x86)\GNU Tools ARM Embedded\4.7 2012q4\arm-none-eabi\lib\armv7e-m\libg.a(lib_a-strcmp.o)
 .text.strlen   0x08005aac       0x60 ..\..\..\..\..\..\..\..\Program Files (x86)\GNU Tools ARM Embedded\4.7 2012q4\arm-none-eabi\lib\armv7e-m\libg.a(lib_a-strlen.o)
                0x08005aac                strlen
 *fill*         0x08005b0c        0x4 00
 .text._strtod_r
                0x08005b10      0xea0 ..\..\..\..\..\..\..\..\Program Files (x86)\GNU Tools ARM Embedded\4.7 2012q4\arm-none-eabi\lib\armv7e-m\libg.a(lib_a-strtod.o)
                0x08005b10                _strtod_r
 .text.strtod   0x080069b0       0x18 ..\..\..\..\..\..\..\..\Program Files (x86)\GNU Tools ARM Embedded\4.7 2012q4\arm-none-eabi\lib\armv7e-m\libg.a(lib_a-strtod.o)
                0x080069b0                strtod
 .text._strtol_r
                0x080069c8      0x134 ..\..\..\..\..\..\..\..\Program Files (x86)\GNU Tools ARM Embedded\4.7 2012q4\arm-none-eabi\lib\armv7e-m\libg.a(lib_a-strtol.o)
                0x080069c8                _strtol_r
 .text.strtol   0x08006afc       0x1c ..\..\..\..\..\..\..\..\Program Files (x86)\GNU Tools ARM Embedded\4.7 2012q4\arm-none-eabi\lib\armv7e-m\libg.a(lib_a-strtol.o)
                0x08006afc                strtol
 .text._vsnprintf_r
                0x08006b18       0x58 ..\..\..\..\..\..\..\..\Program Files (x86)\GNU Tools ARM Embedded\4.7 2012q4\arm-none-eabi\lib\armv7e-m\libg.a(lib_a-vsnprintf.o)
                0x08006b18                _vsnprintf_r
 .text.vsnprintf
                0x08006b70       0x24 ..\..\..\..\..\..\..\..\Program Files (x86)\GNU Tools ARM Embedded\4.7 2012q4\arm-none-eabi\lib\armv7e-m\libg.a(lib_a-vsnprintf.o)
                0x08006b70                vsnprintf
 .text.rshift   0x08006b94      0x13c ..\..\..\..\..\..\..\..\Program Files (x86)\GNU Tools ARM Embedded\4.7 2012q4\arm-none-eabi\lib\armv7e-m\libg.a(lib_a-gdtoa-gethex.o)
 .text.__hexdig_init
                0x08006cd0       0x50 ..\..\..\..\..\..\..\..\Program Files (x86)\GNU Tools ARM Embedded\4.7 2012q4\arm-none-eabi\lib\armv7e-m\libg.a(lib_a-gdtoa-gethex.o)
                0x08006cd0                __hexdig_init
 .text.__gethex
                0x08006d20      0x58c ..\..\..\..\..\..\..\..\Program Files (x86)\GNU Tools ARM Embedded\4.7 2012q4\arm-none-eabi\lib\armv7e-m\libg.a(lib_a-gdtoa-gethex.o)
                0x08006d20                __gethex
 .text.__hexnan
                0x080072ac      0x2f0 ..\..\..\..\..\..\..\..\Program Files (x86)\GNU Tools ARM Embedded\4.7 2012q4\arm-none-eabi\lib\armv7e-m\libg.a(lib_a-gdtoa-hexnan.o)
                0x080072ac                __hexnan
 .text._localeconv_r
                0x0800759c        0xc ..\..\..\..\..\..\..\..\Program Files (x86)\GNU Tools ARM Embedded\4.7 2012q4\arm-none-eabi\lib\armv7e-m\libg.a(lib_a-locale.o)
                0x0800759c                _localeconv_r
 .text._Balloc  0x080075a8       0x4c ..\..\..\..\..\..\..\..\Program Files (x86)\GNU Tools ARM Embedded\4.7 2012q4\arm-none-eabi\lib\armv7e-m\libg.a(lib_a-mprec.o)
                0x080075a8                _Balloc
 .text._Bfree   0x080075f4       0x14 ..\..\..\..\..\..\..\..\Program Files (x86)\GNU Tools ARM Embedded\4.7 2012q4\arm-none-eabi\lib\armv7e-m\libg.a(lib_a-mprec.o)
                0x080075f4                _Bfree
 .text.__multadd
                0x08007608       0xf8 ..\..\..\..\..\..\..\..\Program Files (x86)\GNU Tools ARM Embedded\4.7 2012q4\arm-none-eabi\lib\armv7e-m\libg.a(lib_a-mprec.o)
                0x08007608                __multadd
 .text.__s2b    0x08007700      0x140 ..\..\..\..\..\..\..\..\Program Files (x86)\GNU Tools ARM Embedded\4.7 2012q4\arm-none-eabi\lib\armv7e-m\libg.a(lib_a-mprec.o)
                0x08007700                __s2b
 .text.__hi0bits
                0x08007840       0x3c ..\..\..\..\..\..\..\..\Program Files (x86)\GNU Tools ARM Embedded\4.7 2012q4\arm-none-eabi\lib\armv7e-m\libg.a(lib_a-mprec.o)
                0x08007840                __hi0bits
 .text.__lo0bits
                0x0800787c       0x5c ..\..\..\..\..\..\..\..\Program Files (x86)\GNU Tools ARM Embedded\4.7 2012q4\arm-none-eabi\lib\armv7e-m\libg.a(lib_a-mprec.o)
                0x0800787c                __lo0bits
 .text.__i2b    0x080078d8       0x14 ..\..\..\..\..\..\..\..\Program Files (x86)\GNU Tools ARM Embedded\4.7 2012q4\arm-none-eabi\lib\armv7e-m\libg.a(lib_a-mprec.o)
                0x080078d8                __i2b
 .text.__multiply
                0x080078ec      0x2d0 ..\..\..\..\..\..\..\..\Program Files (x86)\GNU Tools ARM Embedded\4.7 2012q4\arm-none-eabi\lib\armv7e-m\libg.a(lib_a-mprec.o)
                0x080078ec                __multiply
 .text.__pow5mult
                0x08007bbc       0x94 ..\..\..\..\..\..\..\..\Program Files (x86)\GNU Tools ARM Embedded\4.7 2012q4\arm-none-eabi\lib\armv7e-m\libg.a(lib_a-mprec.o)
                0x08007bbc                __pow5mult
 .text.__lshift
                0x08007c50      0x188 ..\..\..\..\..\..\..\..\Program Files (x86)\GNU Tools ARM Embedded\4.7 2012q4\arm-none-eabi\lib\armv7e-m\libg.a(lib_a-mprec.o)
                0x08007c50                __lshift
 .text.__mcmp   0x08007dd8       0x5c ..\..\..\..\..\..\..\..\Program Files (x86)\GNU Tools ARM Embedded\4.7 2012q4\arm-none-eabi\lib\armv7e-m\libg.a(lib_a-mprec.o)
                0x08007dd8                __mcmp
 .text.__mdiff  0x08007e34      0x20c ..\..\..\..\..\..\..\..\Program Files (x86)\GNU Tools ARM Embedded\4.7 2012q4\arm-none-eabi\lib\armv7e-m\libg.a(lib_a-mprec.o)
                0x08007e34                __mdiff
 .text.__ulp    0x08008040       0x44 ..\..\..\..\..\..\..\..\Program Files (x86)\GNU Tools ARM Embedded\4.7 2012q4\arm-none-eabi\lib\armv7e-m\libg.a(lib_a-mprec.o)
                0x08008040                __ulp
 .text.__b2d    0x08008084       0xbc ..\..\..\..\..\..\..\..\Program Files (x86)\GNU Tools ARM Embedded\4.7 2012q4\arm-none-eabi\lib\armv7e-m\libg.a(lib_a-mprec.o)
                0x08008084                __b2d
 .text.__d2b    0x08008140       0xc0 ..\..\..\..\..\..\..\..\Program Files (x86)\GNU Tools ARM Embedded\4.7 2012q4\arm-none-eabi\lib\armv7e-m\libg.a(lib_a-mprec.o)
                0x08008140                __d2b
 .text.__ratio  0x08008200       0x54 ..\..\..\..\..\..\..\..\Program Files (x86)\GNU Tools ARM Embedded\4.7 2012q4\arm-none-eabi\lib\armv7e-m\libg.a(lib_a-mprec.o)
                0x08008200                __ratio
 .text.__copybits
                0x08008254       0xa4 ..\..\..\..\..\..\..\..\Program Files (x86)\GNU Tools ARM Embedded\4.7 2012q4\arm-none-eabi\lib\armv7e-m\libg.a(lib_a-mprec.o)
                0x08008254                __copybits
 .text.__any_on
                0x080082f8       0x74 ..\..\..\..\..\..\..\..\Program Files (x86)\GNU Tools ARM Embedded\4.7 2012q4\arm-none-eabi\lib\armv7e-m\libg.a(lib_a-mprec.o)
                0x080082f8                __any_on
 .text.__fpclassifyd
                0x0800836c       0x68 ..\..\..\..\..\..\..\..\Program Files (x86)\GNU Tools ARM Embedded\4.7 2012q4\arm-none-eabi\lib\armv7e-m\libg.a(lib_a-s_fpclassify.o)
                0x0800836c                __fpclassifyd
 .text.strncmp  0x080083d4      0x120 ..\..\..\..\..\..\..\..\Program Files (x86)\GNU Tools ARM Embedded\4.7 2012q4\arm-none-eabi\lib\armv7e-m\libg.a(lib_a-strncmp.o)
                0x080083d4                strncmp
 .text._svfprintf_r
                0x080084f4     0x1adc ..\..\..\..\..\..\..\..\Program Files (x86)\GNU Tools ARM Embedded\4.7 2012q4\arm-none-eabi\lib\armv7e-m\libg.a(lib_a-svfprintf.o)
                0x080084f4                _svfprintf_r
 .text._calloc_r
                0x08009fd0       0x60 ..\..\..\..\..\..\..\..\Program Files (x86)\GNU Tools ARM Embedded\4.7 2012q4\arm-none-eabi\lib\armv7e-m\libg.a(lib_a-callocr.o)
                0x08009fd0                _calloc_r
 .text.quorem   0x0800a030      0x2ec ..\..\..\..\..\..\..\..\Program Files (x86)\GNU Tools ARM Embedded\4.7 2012q4\arm-none-eabi\lib\armv7e-m\libg.a(lib_a-dtoa.o)
 *fill*         0x0800a31c        0x4 00
 .text._dtoa_r  0x0800a320     0x1258 ..\..\..\..\..\..\..\..\Program Files (x86)\GNU Tools ARM Embedded\4.7 2012q4\arm-none-eabi\lib\armv7e-m\libg.a(lib_a-dtoa.o)
                0x0800a320                _dtoa_r
 .text._malloc_r
                0x0800b578      0x55c ..\..\..\..\..\..\..\..\Program Files (x86)\GNU Tools ARM Embedded\4.7 2012q4\arm-none-eabi\lib\armv7e-m\libg.a(lib_a-mallocr.o)
                0x0800b578                _malloc_r
 .text.memchr   0x0800bad4      0x140 ..\..\..\..\..\..\..\..\Program Files (x86)\GNU Tools ARM Embedded\4.7 2012q4\arm-none-eabi\lib\armv7e-m\libg.a(lib_a-memchr.o)
                0x0800bad4                memchr
 .text.__malloc_lock
                0x0800bc14        0x4 ..\..\..\..\..\..\..\..\Program Files (x86)\GNU Tools ARM Embedded\4.7 2012q4\arm-none-eabi\lib\armv7e-m\libg.a(lib_a-mlock.o)
                0x0800bc14                __malloc_lock
 .text.__malloc_unlock
                0x0800bc18        0x4 ..\..\..\..\..\..\..\..\Program Files (x86)\GNU Tools ARM Embedded\4.7 2012q4\arm-none-eabi\lib\armv7e-m\libg.a(lib_a-mlock.o)
                0x0800bc18                __malloc_unlock
 .text._sbrk_r  0x0800bc1c       0x24 ..\..\..\..\..\..\..\..\Program Files (x86)\GNU Tools ARM Embedded\4.7 2012q4\arm-none-eabi\lib\armv7e-m\libg.a(lib_a-sbrkr.o)
                0x0800bc1c                _sbrk_r
 .text.__ssprint_r
                0x0800bc40      0x100 ..\..\..\..\..\..\..\..\Program Files (x86)\GNU Tools ARM Embedded\4.7 2012q4\arm-none-eabi\lib\armv7e-m\libg.a(lib_a-svfiprintf.o)
                0x0800bc40                __ssprint_r
 .text._malloc_trim_r
                0x0800bd40       0x98 ..\..\..\..\..\..\..\..\Program Files (x86)\GNU Tools ARM Embedded\4.7 2012q4\arm-none-eabi\lib\armv7e-m\libg.a(lib_a-freer.o)
                0x0800bd40                _malloc_trim_r
 .text._free_r  0x0800bdd8      0x194 ..\..\..\..\..\..\..\..\Program Files (x86)\GNU Tools ARM Embedded\4.7 2012q4\arm-none-eabi\lib\armv7e-m\libg.a(lib_a-freer.o)
                0x0800bdd8                _free_r
 .text.memmove  0x0800bf6c      0x198 ..\..\..\..\..\..\..\..\Program Files (x86)\GNU Tools ARM Embedded\4.7 2012q4\arm-none-eabi\lib\armv7e-m\libg.a(lib_a-memmove.o)
                0x0800bf6c                memmove
 .text._realloc_r
                0x0800c104      0x3dc ..\..\..\..\..\..\..\..\Program Files (x86)\GNU Tools ARM Embedded\4.7 2012q4\arm-none-eabi\lib\armv7e-m\libg.a(lib_a-reallocr.o)
                0x0800c104                _realloc_r
 .text          0x0800c4e0       0x40 d:/program files (x86)/gnu tools arm embedded/4.7 2012q4/bin/../lib/gcc/arm-none-eabi/4.7.3/armv7e-m\libgcc.a(_arm_fixunsdfsi.o)
                0x0800c4e0                __aeabi_d2uiz
                0x0800c4e0                __fixunsdfsi
 .text          0x0800c520       0x2c d:/program files (x86)/gnu tools arm embedded/4.7 2012q4/bin/../lib/gcc/arm-none-eabi/4.7.3/armv7e-m\libgcc.a(_aeabi_uldivmod.o)
                0x0800c520                __aeabi_uldivmod
 .text          0x0800c54c       0x58 d:/program files (x86)/gnu tools arm embedded/4.7 2012q4/bin/../lib/gcc/arm-none-eabi/4.7.3/armv7e-m\libgcc.a(bpabi.o)
                0x0800c54c                __gnu_ldivmod_helper
                0x0800c578                __gnu_uldivmod_helper
 .text          0x0800c5a4        0x4 d:/program files (x86)/gnu tools arm embedded/4.7 2012q4/bin/../lib/gcc/arm-none-eabi/4.7.3/armv7e-m\libgcc.a(_dvmd_tls.o)
                0x0800c5a4                __aeabi_idiv0
                0x0800c5a4                __aeabi_ldiv0
 .text          0x0800c5a8      0x2bc d:/program files (x86)/gnu tools arm embedded/4.7 2012q4/bin/../lib/gcc/arm-none-eabi/4.7.3/armv7e-m\libgcc.a(_divdi3.o)
                0x0800c5a8                __divdi3
 .text          0x0800c864      0x288 d:/program files (x86)/gnu tools arm embedded/4.7 2012q4/bin/../lib/gcc/arm-none-eabi/4.7.3/armv7e-m\libgcc.a(_udivdi3.o)
                0x0800c864                __udivdi3
 *(.glue_7t)
 .glue_7t       0x00000000        0x0 linker stubs
 *(.glue_7)
 .glue_7        0x00000000        0x0 linker stubs
 *(.rodata .rodata* .gnu.linkonce.r.*)
 .rodata.str1.4
                0x0800caec        0x2 ..\..\..\..\..\..\..\..\Program Files (x86)\GNU Tools ARM Embedded\4.7 2012q4\arm-none-eabi\lib\armv7e-m\libc.a(lib_a-impure.o)
                                  0x4 (size before relaxing)
 *fill*         0x0800caee        0x2 00
 .rodata.str1.4
                0x0800caf0      0x300 ..\obj\main.o
                                0x338 (size before relaxing)
 .rodata.npio2_hw
                0x0800cdf0       0x80 ..\..\..\..\..\..\..\..\Program Files (x86)\GNU Tools ARM Embedded\4.7 2012q4\arm-none-eabi\lib\armv7e-m\libm.a(lib_a-e_rem_pio2.o)
 .rodata.two_over_pi
                0x0800ce70      0x108 ..\..\..\..\..\..\..\..\Program Files (x86)\GNU Tools ARM Embedded\4.7 2012q4\arm-none-eabi\lib\armv7e-m\libm.a(lib_a-e_rem_pio2.o)
 .rodata.init_jk
                0x0800cf78       0x10 ..\..\..\..\..\..\..\..\Program Files (x86)\GNU Tools ARM Embedded\4.7 2012q4\arm-none-eabi\lib\armv7e-m\libm.a(lib_a-k_rem_pio2.o)
 .rodata.PIo2   0x0800cf88       0x40 ..\..\..\..\..\..\..\..\Program Files (x86)\GNU Tools ARM Embedded\4.7 2012q4\arm-none-eabi\lib\armv7e-m\libm.a(lib_a-k_rem_pio2.o)
 .rodata.str1.4
                0x0800cfc8        0xf ..\..\..\..\..\..\..\..\Program Files (x86)\GNU Tools ARM Embedded\4.7 2012q4\arm-none-eabi\lib\armv7e-m\libg.a(lib_a-strtod.o)
                                 0x10 (size before relaxing)
 *fill*         0x0800cfd7        0x1 00
 .rodata.tinytens
                0x0800cfd8       0x28 ..\..\..\..\..\..\..\..\Program Files (x86)\GNU Tools ARM Embedded\4.7 2012q4\arm-none-eabi\lib\armv7e-m\libg.a(lib_a-strtod.o)
 .rodata._ctype_
                0x0800d000      0x104 ..\..\..\..\..\..\..\..\Program Files (x86)\GNU Tools ARM Embedded\4.7 2012q4\arm-none-eabi\lib\armv7e-m\libg.a(lib_a-ctype_.o)
                0x0800d000                _ctype_
 .rodata.str1.4
                0x0800d104       0x1b ..\..\..\..\..\..\..\..\Program Files (x86)\GNU Tools ARM Embedded\4.7 2012q4\arm-none-eabi\lib\armv7e-m\libg.a(lib_a-gdtoa-gethex.o)
                                 0x1c (size before relaxing)
 *fill*         0x0800d11f        0x1 00
 .rodata.str1.4
                0x0800d120        0xa ..\..\..\..\..\..\..\..\Program Files (x86)\GNU Tools ARM Embedded\4.7 2012q4\arm-none-eabi\lib\armv7e-m\libg.a(lib_a-locale.o)
                                 0x14 (size before relaxing)
 *fill*         0x0800d12a        0x2 00
 .rodata.p05.5242
                0x0800d12c        0xc ..\..\..\..\..\..\..\..\Program Files (x86)\GNU Tools ARM Embedded\4.7 2012q4\arm-none-eabi\lib\armv7e-m\libg.a(lib_a-mprec.o)
 .rodata.__mprec_tens
                0x0800d138       0xc8 ..\..\..\..\..\..\..\..\Program Files (x86)\GNU Tools ARM Embedded\4.7 2012q4\arm-none-eabi\lib\armv7e-m\libg.a(lib_a-mprec.o)
                0x0800d138                __mprec_tens
 .rodata.__mprec_bigtens
                0x0800d200       0x28 ..\..\..\..\..\..\..\..\Program Files (x86)\GNU Tools ARM Embedded\4.7 2012q4\arm-none-eabi\lib\armv7e-m\libg.a(lib_a-mprec.o)
                0x0800d200                __mprec_bigtens
 .rodata.str1.4
                0x0800d228       0x42 ..\..\..\..\..\..\..\..\Program Files (x86)\GNU Tools ARM Embedded\4.7 2012q4\arm-none-eabi\lib\armv7e-m\libg.a(lib_a-svfprintf.o)
                                 0x44 (size before relaxing)
 *fill*         0x0800d26a        0x2 00
 .rodata.zeroes.6721
                0x0800d26c       0x10 ..\..\..\..\..\..\..\..\Program Files (x86)\GNU Tools ARM Embedded\4.7 2012q4\arm-none-eabi\lib\armv7e-m\libg.a(lib_a-svfprintf.o)
 .rodata.blanks.6720
                0x0800d27c       0x10 ..\..\..\..\..\..\..\..\Program Files (x86)\GNU Tools ARM Embedded\4.7 2012q4\arm-none-eabi\lib\armv7e-m\libg.a(lib_a-svfprintf.o)
 .rodata.str1.4
                0x0800d28c       0x10 ..\..\..\..\..\..\..\..\Program Files (x86)\GNU Tools ARM Embedded\4.7 2012q4\arm-none-eabi\lib\armv7e-m\libg.a(lib_a-dtoa.o)
                                 0x14 (size before relaxing)

.vfp11_veneer   0x0800d29c        0x0
 .vfp11_veneer  0x00000000        0x0 linker stubs

.v4_bx          0x0800d29c        0x0
 .v4_bx         0x00000000        0x0 linker stubs

.iplt           0x0800d29c        0x0
 .iplt          0x00000000        0x0 d:/program files (x86)/gnu tools arm embedded/4.7 2012q4/bin/../lib/gcc/arm-none-eabi/4.7.3/armv7e-m/crtbegin.o

.ARM.extab      0x0800d29c       0xdc
 *(.ARM.extab* .gnu.linkonce.armextab.*)
 .ARM.extab.text._ZN4UartILh1EE4initEm
                0x0800d29c        0x0 ..\obj\main.o
 .ARM.extab.text._ZN4UartILh1EE8printflnEPKcz
                0x0800d29c        0xc ..\obj\main.o
 .ARM.extab.text.TIM4_IRQHandler
                0x0800d2a8       0x1c ..\obj\main.o
 .ARM.extab.text.startup.main
                0x0800d2c4       0x24 ..\obj\main.o
 .ARM.extab.text.USART1_IRQHandler
                0x0800d2e8        0xc ..\obj\Uart_IT.o
 .ARM.extab.text.USART2_IRQHandler
                0x0800d2f4        0xc ..\obj\Uart_IT.o
 .ARM.extab.text.USART3_IRQHandler
                0x0800d300        0xc ..\obj\Uart_IT.o
 .ARM.extab.text.UART4_IRQHandler
                0x0800d30c        0xc ..\obj\Uart_IT.o
 .ARM.extab.text.UART5_IRQHandler
                0x0800d318        0xc ..\obj\Uart_IT.o
 .ARM.extab.text.USART6_IRQHandler
                0x0800d324        0xc ..\obj\Uart_IT.o
 .ARM.extab.text._ZN7Counter12getLeftValueEv
                0x0800d330        0xc ..\obj\Counter.o
 .ARM.extab.text._ZN7Counter13getRightValueEv
                0x0800d33c        0xc ..\obj\Counter.o
 .ARM.extab     0x0800d348       0x18 d:/program files (x86)/gnu tools arm embedded/4.7 2012q4/bin/../lib/gcc/arm-none-eabi/4.7.3/armv7e-m\libgcc.a(unwind-arm.o)
 .ARM.extab     0x0800d360       0x18 d:/program files (x86)/gnu tools arm embedded/4.7 2012q4/bin/../lib/gcc/arm-none-eabi/4.7.3/armv7e-m\libgcc.a(pr-support.o)
                0x0800d378                __exidx_start = .

.ARM.exidx      0x0800d378      0x198
 *(.ARM.exidx* .gnu.linkonce.armexidx.*)
 .ARM.exidx.text._ZN4UartILh1EE4initEm
                0x0800d378        0x8 ..\obj\main.o
 .ARM.exidx.text._ZN4UartILh1EE8printflnEPKcz
                0x0800d380        0x8 ..\obj\main.o
 .ARM.exidx.text.TIM4_IRQHandler
                0x0800d388        0x8 ..\obj\main.o
 .ARM.exidx.text.startup.main
                0x0800d390       0x10 ..\obj\main.o
                                  0x8 (size before relaxing)
 .ARM.exidx.text._ZN19MotionControlSystemC2Ev
                0x0800d3a0        0x8 ..\obj\MotionControlSystem.o
 .ARM.exidx.text._ZN19MotionControlSystem17getPWMTranslationEv
                0x0800d3a8        0x8 ..\obj\MotionControlSystem.o
 .ARM.exidx.text._ZN19MotionControlSystem14getPWMRotationEv
                0x0800d3b0        0x0 ..\obj\MotionControlSystem.o
                                  0x8 (size before relaxing)
 .ARM.exidx.text._ZN19MotionControlSystem18getTranslationGoalEv
                0x0800d3b0        0x0 ..\obj\MotionControlSystem.o
                                  0x8 (size before relaxing)
 .ARM.exidx.text._ZN19MotionControlSystem15getRotationGoalEv
                0x0800d3b0        0x0 ..\obj\MotionControlSystem.o
                                  0x8 (size before relaxing)
 .ARM.exidx.text._ZN19MotionControlSystem14getLeftEncoderEv
                0x0800d3b0        0x0 ..\obj\MotionControlSystem.o
                                  0x8 (size before relaxing)
 .ARM.exidx.text._ZN19MotionControlSystem15getRightEncoderEv
                0x0800d3b0        0x0 ..\obj\MotionControlSystem.o
                                  0x8 (size before relaxing)
 .ARM.exidx.text._ZN19MotionControlSystem15moveLeftEncoderEl
                0x0800d3b0        0x0 ..\obj\MotionControlSystem.o
                                  0x8 (size before relaxing)
 .ARM.exidx.text._ZN19MotionControlSystem16moveRightEncoderEl
                0x0800d3b0        0x0 ..\obj\MotionControlSystem.o
                                  0x8 (size before relaxing)
 .ARM.exidx.text._ZN19MotionControlSystem24enableTranslationControlEb
                0x0800d3b0        0x0 ..\obj\MotionControlSystem.o
                                  0x8 (size before relaxing)
 .ARM.exidx.text._ZN19MotionControlSystem21enableRotationControlEb
                0x0800d3b0        0x0 ..\obj\MotionControlSystem.o
                                  0x8 (size before relaxing)
 .ARM.exidx.text._ZN19MotionControlSystem14updatePositionEv
                0x0800d3b0        0x0 ..\obj\MotionControlSystem.o
                                  0x8 (size before relaxing)
 .ARM.exidx.text._ZN19MotionControlSystem12applyControlEv
                0x0800d3b0        0x8 ..\obj\MotionControlSystem.o
 .ARM.exidx.text._ZN19MotionControlSystem7controlEv
                0x0800d3b8        0x8 ..\obj\MotionControlSystem.o
 .ARM.exidx.text._ZN19MotionControlSystem16orderTranslationEl
                0x0800d3c0        0x8 ..\obj\MotionControlSystem.o
 .ARM.exidx.text._ZN19MotionControlSystem13orderRotationEf
                0x0800d3c8        0x0 ..\obj\MotionControlSystem.o
                                  0x8 (size before relaxing)
 .ARM.exidx.text._ZN19MotionControlSystem11orderRawPwmE9safe_enumI8side_defNS1_4typeEEs
                0x0800d3c8        0x0 ..\obj\MotionControlSystem.o
                                  0x8 (size before relaxing)
 .ARM.exidx.text._ZN19MotionControlSystem4stopEv
                0x0800d3c8        0x8 ..\obj\MotionControlSystem.o
 .ARM.exidx.text._ZN19MotionControlSystem10manageStopEv
                0x0800d3d0        0x0 ..\obj\MotionControlSystem.o
                                  0x8 (size before relaxing)
 .ARM.exidx.text._ZN19MotionControlSystem4initEv
                0x0800d3d0        0x8 ..\obj\MotionControlSystem.o
 .ARM.exidx.text._ZN19MotionControlSystem21setTranslationTuningsEfff
                0x0800d3d8        0x8 ..\obj\MotionControlSystem.o
 .ARM.exidx.text._ZN19MotionControlSystem18setRotationTuningsEfff
                0x0800d3e0        0x0 ..\obj\MotionControlSystem.o
                                  0x8 (size before relaxing)
 .ARM.exidx.text._ZNK19MotionControlSystem14getAngleRadianEv
                0x0800d3e0        0x0 ..\obj\MotionControlSystem.o
                                  0x8 (size before relaxing)
 .ARM.exidx.text._ZN19MotionControlSystem4getXEv
                0x0800d3e0        0x0 ..\obj\MotionControlSystem.o
                                  0x8 (size before relaxing)
 .ARM.exidx.text._ZN19MotionControlSystem4getYEv
                0x0800d3e0        0x0 ..\obj\MotionControlSystem.o
                                  0x8 (size before relaxing)
 .ARM.exidx.text.USART1_IRQHandler
                0x0800d3e0        0x8 ..\obj\Uart_IT.o
 .ARM.exidx.text.USART2_IRQHandler
                0x0800d3e8        0x8 ..\obj\Uart_IT.o
 .ARM.exidx.text.USART3_IRQHandler
                0x0800d3f0        0x8 ..\obj\Uart_IT.o
 .ARM.exidx.text.UART4_IRQHandler
                0x0800d3f8        0x8 ..\obj\Uart_IT.o
 .ARM.exidx.text.UART5_IRQHandler
                0x0800d400        0x8 ..\obj\Uart_IT.o
 .ARM.exidx.text.USART6_IRQHandler
                0x0800d408        0x8 ..\obj\Uart_IT.o
 .ARM.exidx.text._ZN5Motor7initPWMEv
                0x0800d410        0x8 ..\obj\Motor.o
 .ARM.exidx.text._ZN5Motor12setDirectionE9safe_enumI13direction_defNS1_4typeEE
                0x0800d418        0x8 ..\obj\Motor.o
 .ARM.exidx.text._ZN5Motor3runEs
                0x0800d420        0x8 ..\obj\Motor.o
 .ARM.exidx.text._ZN5MotorC2E9safe_enumI8side_defNS1_4typeEE
                0x0800d428        0x8 ..\obj\Motor.o
 .ARM.exidx.text._ZN7CounterC2Ev
                0x0800d430        0x8 ..\obj\Counter.o
 .ARM.exidx.text._ZN7Counter12getLeftValueEv
                0x0800d438        0x8 ..\obj\Counter.o
 .ARM.exidx.text._ZN7Counter13getRightValueEv
                0x0800d440       0x10 ..\obj\Counter.o
                                  0x8 (size before relaxing)
 .ARM.exidx     0x0800d450       0x88 d:/program files (x86)/gnu tools arm embedded/4.7 2012q4/bin/../lib/gcc/arm-none-eabi/4.7.3/armv7e-m\libgcc.a(unwind-arm.o)
                                 0xd8 (size before relaxing)
 .ARM.exidx     0x0800d4d8       0x38 d:/program files (x86)/gnu tools arm embedded/4.7 2012q4/bin/../lib/gcc/arm-none-eabi/4.7.3/armv7e-m\libgcc.a(pr-support.o)
                                 0x48 (size before relaxing)
 .ARM.exidx     0x0800d510        0x0 d:/program files (x86)/gnu tools arm embedded/4.7 2012q4/bin/../lib/gcc/arm-none-eabi/4.7.3/armv7e-m\libgcc.a(_divdi3.o)
                                  0x8 (size before relaxing)
 .ARM.exidx     0x0800d510        0x0 d:/program files (x86)/gnu tools arm embedded/4.7 2012q4/bin/../lib/gcc/arm-none-eabi/4.7.3/armv7e-m\libgcc.a(_udivdi3.o)
                                  0x8 (size before relaxing)
                0x0800d510                __exidx_end = .

.rel.dyn        0x0800d510        0x0
 .rel.iplt      0x00000000        0x0 d:/program files (x86)/gnu tools arm embedded/4.7 2012q4/bin/../lib/gcc/arm-none-eabi/4.7.3/armv7e-m/crtbegin.o
                0x0800d510                . = ALIGN (0x4)
                0x0800d510                _etext = .
                0x0800d510                _sidata = .

.data           0x20000000      0x8dc load address 0x0800d510
                0x20000000                _sdata = .
 *(.data .data.*)
 .data.impure_data
                0x20000000      0x428 ..\..\..\..\..\..\..\..\Program Files (x86)\GNU Tools ARM Embedded\4.7 2012q4\arm-none-eabi\lib\armv7e-m\libc.a(lib_a-impure.o)
 .data._impure_ptr
                0x20000428        0x4 ..\..\..\..\..\..\..\..\Program Files (x86)\GNU Tools ARM Embedded\4.7 2012q4\arm-none-eabi\lib\armv7e-m\libc.a(lib_a-impure.o)
                0x20000428                _impure_ptr
 .data          0x2000042c       0x10 ..\obj\stm32f4xx_rcc.o
 .data          0x2000043c       0x14 ..\obj\system_stm32f4xx.o
                0x2000043c                AHBPrescTable
                0x2000044c                SystemCoreClock
 .data          0x20000450       0x18 ..\obj\Uart_IT.o
                0x20000450                Uart<(unsigned char)6>::USARTx
                0x20000454                Uart<(unsigned char)5>::USARTx
                0x20000458                Uart<(unsigned char)4>::USARTx
                0x2000045c                Uart<(unsigned char)3>::USARTx
                0x20000460                Uart<(unsigned char)2>::USARTx
                0x20000464                Uart<(unsigned char)1>::USARTx
 .data.fpi.5202
                0x20000468       0x14 ..\..\..\..\..\..\..\..\Program Files (x86)\GNU Tools ARM Embedded\4.7 2012q4\arm-none-eabi\lib\armv7e-m\libg.a(lib_a-strtod.o)
 .data.fpinan.5238
                0x2000047c       0x14 ..\..\..\..\..\..\..\..\Program Files (x86)\GNU Tools ARM Embedded\4.7 2012q4\arm-none-eabi\lib\armv7e-m\libg.a(lib_a-strtod.o)
 .data.__ctype_ptr__
                0x20000490        0x4 ..\..\..\..\..\..\..\..\Program Files (x86)\GNU Tools ARM Embedded\4.7 2012q4\arm-none-eabi\lib\armv7e-m\libg.a(lib_a-ctype_.o)
                0x20000490                __ctype_ptr__
 .data.lconv    0x20000494       0x38 ..\..\..\..\..\..\..\..\Program Files (x86)\GNU Tools ARM Embedded\4.7 2012q4\arm-none-eabi\lib\armv7e-m\libg.a(lib_a-locale.o)
 .data.__malloc_av_
                0x200004cc      0x408 ..\..\..\..\..\..\..\..\Program Files (x86)\GNU Tools ARM Embedded\4.7 2012q4\arm-none-eabi\lib\armv7e-m\libg.a(lib_a-mallocr.o)
                0x200004cc                __malloc_av_
 .data.__malloc_trim_threshold
                0x200008d4        0x4 ..\..\..\..\..\..\..\..\Program Files (x86)\GNU Tools ARM Embedded\4.7 2012q4\arm-none-eabi\lib\armv7e-m\libg.a(lib_a-mallocr.o)
                0x200008d4                __malloc_trim_threshold
 .data.__malloc_sbrk_base
                0x200008d8        0x4 ..\..\..\..\..\..\..\..\Program Files (x86)\GNU Tools ARM Embedded\4.7 2012q4\arm-none-eabi\lib\armv7e-m\libg.a(lib_a-mallocr.o)
                0x200008d8                __malloc_sbrk_base
                0x200008dc                . = ALIGN (0x4)
                0x200008dc                _edata = .

.igot.plt       0x200008dc        0x0 load address 0x0800ddec
 .igot.plt      0x00000000        0x0 d:/program files (x86)/gnu tools arm embedded/4.7 2012q4/bin/../lib/gcc/arm-none-eabi/4.7.3/armv7e-m/crtbegin.o

.bss            0x200008dc      0x408 load address 0x0800ddec
                0x200008dc                _sbss = .
 *(.bss .bss.*)
 .bss           0x200008dc        0x4 ..\obj\delay.o
 .bss           0x200008e0       0x18 ..\obj\main.o
                0x200008f0                serial
 .bss._ZN4UartILh1EE10rx_buffer_E
                0x200008f8       0x48 ..\obj\main.o
                0x200008f8                Uart<(unsigned char)1>::rx_buffer_
 .bss._ZN4UartILh1EE15GPIO_InitStructE
                0x20000940        0x8 ..\obj\main.o
                0x20000940                Uart<(unsigned char)1>::GPIO_InitStruct
 .bss._ZN4UartILh1EE18NVIC_InitStructureE
                0x20000948        0x4 ..\obj\main.o
                0x20000948                Uart<(unsigned char)1>::NVIC_InitStructure
 .bss._ZN4UartILh1EE16USART_InitStructE
                0x2000094c       0x10 ..\obj\main.o
                0x2000094c                Uart<(unsigned char)1>::USART_InitStruct
 .bss._ZGVZN9SingletonI19MotionControlSystemE8InstanceEvE8instance
                0x2000095c        0x4 ..\obj\main.o
                0x2000095c                guard variable for Singleton<MotionControlSystem>::Instance()::instance
 .bss._ZZN9SingletonI19MotionControlSystemE8InstanceEvE8instance
                0x20000960       0x94 ..\obj\main.o
                0x20000960                Singleton<MotionControlSystem>::Instance()::instance
 .bss._ZZN4UartILh1EE4readEPctE6buffer
                0x200009f4        0x1 ..\obj\main.o
                0x200009f4                Uart<(unsigned char)1>::read(char*, unsigned short)::buffer
 *fill*         0x200009f5        0x3 00
 .bss._ZZN4UartILh1EE4readIiEEhRT_tE6buffer
                0x200009f8       0x14 ..\obj\main.o
                0x200009f8                unsigned char Uart<(unsigned char)1>::read<int>(int&, unsigned short)::buffer
 .bss._ZZN4UartILh1EE4readERftE6buffer
                0x20000a0c       0x14 ..\obj\main.o
                0x20000a0c                Uart<(unsigned char)1>::read(float&, unsigned short)::buffer
 .bss._ZZN4UartILh1EE4readIlEEhRT_tE6buffer
                0x20000a20       0x14 ..\obj\main.o
                0x20000a20                unsigned char Uart<(unsigned char)1>::read<long>(long&, unsigned short)::buffer
 .bss           0x20000a34        0xc ..\obj\MotionControlSystem.o
 .bss           0x20000a40        0x4 ..\obj\syscalls.o
 .bss._ZN4UartILh6EE10rx_buffer_E
                0x20000a44       0x48 ..\obj\Uart_IT.o
                0x20000a44                Uart<(unsigned char)6>::rx_buffer_
 .bss._ZN4UartILh5EE10rx_buffer_E
                0x20000a8c       0x48 ..\obj\Uart_IT.o
                0x20000a8c                Uart<(unsigned char)5>::rx_buffer_
 .bss._ZN4UartILh4EE10rx_buffer_E
                0x20000ad4       0x48 ..\obj\Uart_IT.o
                0x20000ad4                Uart<(unsigned char)4>::rx_buffer_
 .bss._ZN4UartILh3EE10rx_buffer_E
                0x20000b1c       0x48 ..\obj\Uart_IT.o
                0x20000b1c                Uart<(unsigned char)3>::rx_buffer_
 .bss._ZN4UartILh2EE10rx_buffer_E
                0x20000b64       0x48 ..\obj\Uart_IT.o
                0x20000b64                Uart<(unsigned char)2>::rx_buffer_
 .bss.__malloc_max_total_mem
                0x20000bac        0x4 ..\..\..\..\..\..\..\..\Program Files (x86)\GNU Tools ARM Embedded\4.7 2012q4\arm-none-eabi\lib\armv7e-m\libg.a(lib_a-mallocr.o)
                0x20000bac                __malloc_max_total_mem
 .bss.__malloc_max_sbrked_mem
                0x20000bb0        0x4 ..\..\..\..\..\..\..\..\Program Files (x86)\GNU Tools ARM Embedded\4.7 2012q4\arm-none-eabi\lib\armv7e-m\libg.a(lib_a-mallocr.o)
                0x20000bb0                __malloc_max_sbrked_mem
 .bss.__malloc_top_pad
                0x20000bb4        0x4 ..\..\..\..\..\..\..\..\Program Files (x86)\GNU Tools ARM Embedded\4.7 2012q4\arm-none-eabi\lib\armv7e-m\libg.a(lib_a-mallocr.o)
                0x20000bb4                __malloc_top_pad
 .bss.__malloc_current_mallinfo
                0x20000bb8       0x28 ..\..\..\..\..\..\..\..\Program Files (x86)\GNU Tools ARM Embedded\4.7 2012q4\arm-none-eabi\lib\armv7e-m\libg.a(lib_a-mallocr.o)
                0x20000bb8                __malloc_current_mallinfo
 *(COMMON)
 COMMON         0x20000be0      0x100 ..\..\..\..\..\..\..\..\Program Files (x86)\GNU Tools ARM Embedded\4.7 2012q4\arm-none-eabi\lib\armv7e-m\libg.a(lib_a-gdtoa-gethex.o)
                0x20000be0                __hexdig
 COMMON         0x20000ce0        0x4 ..\..\..\..\..\..\..\..\Program Files (x86)\GNU Tools ARM Embedded\4.7 2012q4\arm-none-eabi\lib\armv7e-m\libg.a(lib_a-reent.o)
                0x20000ce0                errno
                0x20000ce4                . = ALIGN (0x4)
                0x20000ce4                _ebss = .

.co_stack       0x20000ce4      0x804 load address 0x0800e1f4
                0x20000ce8                . = ALIGN (0x8)
 *fill*         0x20000ce4        0x4 00
 *(.co_stack .co_stack.*)
 .co_stack      0x20000ce8      0x800 ..\obj\startup_stm32f4xx.o
                0x20000ce8                pulStack
                0x200014e8                . = ALIGN (0x4)
                0x200014e8                _end = .
LOAD ..\obj\delay.o
LOAD ..\obj\stm32f4xx_usart.o
LOAD ..\obj\startup_stm32f4xx.o
LOAD ..\obj\main.o
LOAD ..\obj\stm32f4xx_rcc.o
LOAD ..\obj\MotionControlSystem.o
LOAD ..\obj\stm32f4xx_gpio.o
LOAD ..\obj\system_stm32f4xx.o
LOAD ..\obj\syscalls.o
LOAD ..\obj\misc.o
LOAD ..\obj\Uart_IT.o
LOAD ..\obj\Motor.o
LOAD ..\obj\Counter.o
LOAD ..\obj\stm32f4xx_rtc.o
LOAD ..\obj\stm32f4xx_tim.o
LOAD ..\..\..\..\..\..\..\..\Program Files (x86)\GNU Tools ARM Embedded\4.7 2012q4\arm-none-eabi\lib\armv7e-m\libm.a
START GROUP
LOAD d:/program files (x86)/gnu tools arm embedded/4.7 2012q4/bin/../lib/gcc/arm-none-eabi/4.7.3/armv7e-m\libgcc.a
LOAD ..\..\..\..\..\..\..\..\Program Files (x86)\GNU Tools ARM Embedded\4.7 2012q4\arm-none-eabi\lib\armv7e-m\libg.a
LOAD ..\..\..\..\..\..\..\..\Program Files (x86)\GNU Tools ARM Embedded\4.7 2012q4\arm-none-eabi\lib\armv7e-m\libc.a
END GROUP
LOAD d:/program files (x86)/gnu tools arm embedded/4.7 2012q4/bin/../lib/gcc/arm-none-eabi/4.7.3/armv7e-m/crtend.o
LOAD d:/program files (x86)/gnu tools arm embedded/4.7 2012q4/bin/../lib/gcc/arm-none-eabi/4.7.3/armv7e-m/crtn.o
OUTPUT(asservissement.elf elf32-littlearm)

.ARM.attributes
                0x00000000       0x30
 .ARM.attributes
                0x00000000       0x2e ..\..\..\..\..\..\..\..\Program Files (x86)\GNU Tools ARM Embedded\4.7 2012q4\arm-none-eabi\lib\armv7e-m\libc.a(lib_a-impure.o)
 .ARM.attributes
                0x0000002e       0x2e ..\..\..\..\..\..\..\..\Program Files (x86)\GNU Tools ARM Embedded\4.7 2012q4\arm-none-eabi\lib\armv7e-m\libc.a(lib_a-memset.o)
 .ARM.attributes
                0x0000005c       0x3b ..\obj\delay.o
 .ARM.attributes
                0x00000097       0x3b ..\obj\stm32f4xx_usart.o
 .ARM.attributes
                0x000000d2       0x3b ..\obj\startup_stm32f4xx.o
 .ARM.attributes
                0x0000010d       0x3b ..\obj\main.o
 .ARM.attributes
                0x00000148       0x3b ..\obj\stm32f4xx_rcc.o
 .ARM.attributes
                0x00000183       0x3b ..\obj\MotionControlSystem.o
 .ARM.attributes
                0x000001be       0x3b ..\obj\stm32f4xx_gpio.o
 .ARM.attributes
                0x000001f9       0x3b ..\obj\system_stm32f4xx.o
 .ARM.attributes
                0x00000234       0x3b ..\obj\syscalls.o
 .ARM.attributes
                0x0000026f       0x3b ..\obj\misc.o
 .ARM.attributes
                0x000002aa       0x3b ..\obj\Uart_IT.o
 .ARM.attributes
                0x000002e5       0x3b ..\obj\Motor.o
 .ARM.attributes
                0x00000320       0x3b ..\obj\Counter.o
 .ARM.attributes
                0x0000035b       0x3b ..\obj\stm32f4xx_tim.o
 .ARM.attributes
                0x00000396       0x2e ..\..\..\..\..\..\..\..\Program Files (x86)\GNU Tools ARM Embedded\4.7 2012q4\arm-none-eabi\lib\armv7e-m\libm.a(lib_a-s_cos.o)
 .ARM.attributes
                0x000003c4       0x2e ..\..\..\..\..\..\..\..\Program Files (x86)\GNU Tools ARM Embedded\4.7 2012q4\arm-none-eabi\lib\armv7e-m\libm.a(lib_a-s_sin.o)
 .ARM.attributes
                0x000003f2       0x2e ..\..\..\..\..\..\..\..\Program Files (x86)\GNU Tools ARM Embedded\4.7 2012q4\arm-none-eabi\lib\armv7e-m\libm.a(lib_a-e_rem_pio2.o)
 .ARM.attributes
                0x00000420       0x2e ..\..\..\..\..\..\..\..\Program Files (x86)\GNU Tools ARM Embedded\4.7 2012q4\arm-none-eabi\lib\armv7e-m\libm.a(lib_a-k_cos.o)
 .ARM.attributes
                0x0000044e       0x2e ..\..\..\..\..\..\..\..\Program Files (x86)\GNU Tools ARM Embedded\4.7 2012q4\arm-none-eabi\lib\armv7e-m\libm.a(lib_a-k_rem_pio2.o)
 .ARM.attributes
                0x0000047c       0x2e ..\..\..\..\..\..\..\..\Program Files (x86)\GNU Tools ARM Embedded\4.7 2012q4\arm-none-eabi\lib\armv7e-m\libm.a(lib_a-k_sin.o)
 .ARM.attributes
                0x000004aa       0x2e ..\..\..\..\..\..\..\..\Program Files (x86)\GNU Tools ARM Embedded\4.7 2012q4\arm-none-eabi\lib\armv7e-m\libm.a(lib_a-s_fabs.o)
 .ARM.attributes
                0x000004d8       0x2e ..\..\..\..\..\..\..\..\Program Files (x86)\GNU Tools ARM Embedded\4.7 2012q4\arm-none-eabi\lib\armv7e-m\libm.a(lib_a-s_floor.o)
 .ARM.attributes
                0x00000506       0x2e ..\..\..\..\..\..\..\..\Program Files (x86)\GNU Tools ARM Embedded\4.7 2012q4\arm-none-eabi\lib\armv7e-m\libm.a(lib_a-s_scalbn.o)
 .ARM.attributes
                0x00000534       0x2e ..\..\..\..\..\..\..\..\Program Files (x86)\GNU Tools ARM Embedded\4.7 2012q4\arm-none-eabi\lib\armv7e-m\libm.a(lib_a-s_copysign.o)
 .ARM.attributes
                0x00000562       0x1e d:/program files (x86)/gnu tools arm embedded/4.7 2012q4/bin/../lib/gcc/arm-none-eabi/4.7.3/armv7e-m\libgcc.a(_arm_addsubdf3.o)
 .ARM.attributes
                0x00000580       0x1e d:/program files (x86)/gnu tools arm embedded/4.7 2012q4/bin/../lib/gcc/arm-none-eabi/4.7.3/armv7e-m\libgcc.a(_arm_muldivdf3.o)
 .ARM.attributes
                0x0000059e       0x1e d:/program files (x86)/gnu tools arm embedded/4.7 2012q4/bin/../lib/gcc/arm-none-eabi/4.7.3/armv7e-m\libgcc.a(_arm_cmpdf2.o)
 .ARM.attributes
                0x000005bc       0x1e d:/program files (x86)/gnu tools arm embedded/4.7 2012q4/bin/../lib/gcc/arm-none-eabi/4.7.3/armv7e-m\libgcc.a(_arm_fixdfsi.o)
 .ARM.attributes
                0x000005da       0x1e d:/program files (x86)/gnu tools arm embedded/4.7 2012q4/bin/../lib/gcc/arm-none-eabi/4.7.3/armv7e-m\libgcc.a(_arm_truncdfsf2.o)
 .ARM.attributes
                0x000005f8       0x2e d:/program files (x86)/gnu tools arm embedded/4.7 2012q4/bin/../lib/gcc/arm-none-eabi/4.7.3/armv7e-m\libgcc.a(unwind-arm.o)
 .ARM.attributes
                0x00000626       0x1e d:/program files (x86)/gnu tools arm embedded/4.7 2012q4/bin/../lib/gcc/arm-none-eabi/4.7.3/armv7e-m\libgcc.a(libunwind.o)
 .ARM.attributes
                0x00000644       0x2e d:/program files (x86)/gnu tools arm embedded/4.7 2012q4/bin/../lib/gcc/arm-none-eabi/4.7.3/armv7e-m\libgcc.a(pr-support.o)
 .ARM.attributes
                0x00000672       0x2e ..\..\..\..\..\..\..\..\Program Files (x86)\GNU Tools ARM Embedded\4.7 2012q4\arm-none-eabi\lib\armv7e-m\libg.a(lib_a-atof.o)
 .ARM.attributes
                0x000006a0       0x2e ..\..\..\..\..\..\..\..\Program Files (x86)\GNU Tools ARM Embedded\4.7 2012q4\arm-none-eabi\lib\armv7e-m\libg.a(lib_a-atol.o)
 .ARM.attributes
                0x000006ce       0x2e ..\..\..\..\..\..\..\..\Program Files (x86)\GNU Tools ARM Embedded\4.7 2012q4\arm-none-eabi\lib\armv7e-m\libg.a(lib_a-memcpy.o)
 .ARM.attributes
                0x000006fc       0x2e ..\..\..\..\..\..\..\..\Program Files (x86)\GNU Tools ARM Embedded\4.7 2012q4\arm-none-eabi\lib\armv7e-m\libg.a(lib_a-strcmp.o)
 .ARM.attributes
                0x0000072a       0x2e ..\..\..\..\..\..\..\..\Program Files (x86)\GNU Tools ARM Embedded\4.7 2012q4\arm-none-eabi\lib\armv7e-m\libg.a(lib_a-strlen.o)
 .ARM.attributes
                0x00000758       0x2e ..\..\..\..\..\..\..\..\Program Files (x86)\GNU Tools ARM Embedded\4.7 2012q4\arm-none-eabi\lib\armv7e-m\libg.a(lib_a-strtod.o)
 .ARM.attributes
                0x00000786       0x2e ..\..\..\..\..\..\..\..\Program Files (x86)\GNU Tools ARM Embedded\4.7 2012q4\arm-none-eabi\lib\armv7e-m\libg.a(lib_a-strtol.o)
 .ARM.attributes
                0x000007b4       0x2e ..\..\..\..\..\..\..\..\Program Files (x86)\GNU Tools ARM Embedded\4.7 2012q4\arm-none-eabi\lib\armv7e-m\libg.a(lib_a-vsnprintf.o)
 .ARM.attributes
                0x000007e2       0x2e ..\..\..\..\..\..\..\..\Program Files (x86)\GNU Tools ARM Embedded\4.7 2012q4\arm-none-eabi\lib\armv7e-m\libg.a(lib_a-ctype_.o)
 .ARM.attributes
                0x00000810       0x2e ..\..\..\..\..\..\..\..\Program Files (x86)\GNU Tools ARM Embedded\4.7 2012q4\arm-none-eabi\lib\armv7e-m\libg.a(lib_a-gdtoa-gethex.o)
 .ARM.attributes
                0x0000083e       0x2e ..\..\..\..\..\..\..\..\Program Files (x86)\GNU Tools ARM Embedded\4.7 2012q4\arm-none-eabi\lib\armv7e-m\libg.a(lib_a-gdtoa-hexnan.o)
 .ARM.attributes
                0x0000086c       0x2e ..\..\..\..\..\..\..\..\Program Files (x86)\GNU Tools ARM Embedded\4.7 2012q4\arm-none-eabi\lib\armv7e-m\libg.a(lib_a-locale.o)
 .ARM.attributes
                0x0000089a       0x2e ..\..\..\..\..\..\..\..\Program Files (x86)\GNU Tools ARM Embedded\4.7 2012q4\arm-none-eabi\lib\armv7e-m\libg.a(lib_a-mprec.o)
 .ARM.attributes
                0x000008c8       0x2e ..\..\..\..\..\..\..\..\Program Files (x86)\GNU Tools ARM Embedded\4.7 2012q4\arm-none-eabi\lib\armv7e-m\libg.a(lib_a-s_fpclassify.o)
 .ARM.attributes
                0x000008f6       0x2e ..\..\..\..\..\..\..\..\Program Files (x86)\GNU Tools ARM Embedded\4.7 2012q4\arm-none-eabi\lib\armv7e-m\libg.a(lib_a-strncmp.o)
 .ARM.attributes
                0x00000924       0x2e ..\..\..\..\..\..\..\..\Program Files (x86)\GNU Tools ARM Embedded\4.7 2012q4\arm-none-eabi\lib\armv7e-m\libg.a(lib_a-svfprintf.o)
 .ARM.attributes
                0x00000952       0x2e ..\..\..\..\..\..\..\..\Program Files (x86)\GNU Tools ARM Embedded\4.7 2012q4\arm-none-eabi\lib\armv7e-m\libg.a(lib_a-callocr.o)
 .ARM.attributes
                0x00000980       0x2e ..\..\..\..\..\..\..\..\Program Files (x86)\GNU Tools ARM Embedded\4.7 2012q4\arm-none-eabi\lib\armv7e-m\libg.a(lib_a-dtoa.o)
 .ARM.attributes
                0x000009ae       0x2e ..\..\..\..\..\..\..\..\Program Files (x86)\GNU Tools ARM Embedded\4.7 2012q4\arm-none-eabi\lib\armv7e-m\libg.a(lib_a-mallocr.o)
 .ARM.attributes
                0x000009dc       0x2e ..\..\..\..\..\..\..\..\Program Files (x86)\GNU Tools ARM Embedded\4.7 2012q4\arm-none-eabi\lib\armv7e-m\libg.a(lib_a-memchr.o)
 .ARM.attributes
                0x00000a0a       0x2e ..\..\..\..\..\..\..\..\Program Files (x86)\GNU Tools ARM Embedded\4.7 2012q4\arm-none-eabi\lib\armv7e-m\libg.a(lib_a-mlock.o)
 .ARM.attributes
                0x00000a38       0x2e ..\..\..\..\..\..\..\..\Program Files (x86)\GNU Tools ARM Embedded\4.7 2012q4\arm-none-eabi\lib\armv7e-m\libg.a(lib_a-sbrkr.o)
 .ARM.attributes
                0x00000a66       0x2e ..\..\..\..\..\..\..\..\Program Files (x86)\GNU Tools ARM Embedded\4.7 2012q4\arm-none-eabi\lib\armv7e-m\libg.a(lib_a-svfiprintf.o)
 .ARM.attributes
                0x00000a94       0x2e ..\..\..\..\..\..\..\..\Program Files (x86)\GNU Tools ARM Embedded\4.7 2012q4\arm-none-eabi\lib\armv7e-m\libg.a(lib_a-freer.o)
 .ARM.attributes
                0x00000ac2       0x2e ..\..\..\..\..\..\..\..\Program Files (x86)\GNU Tools ARM Embedded\4.7 2012q4\arm-none-eabi\lib\armv7e-m\libg.a(lib_a-memmove.o)
 .ARM.attributes
                0x00000af0       0x2e ..\..\..\..\..\..\..\..\Program Files (x86)\GNU Tools ARM Embedded\4.7 2012q4\arm-none-eabi\lib\armv7e-m\libg.a(lib_a-reallocr.o)
 .ARM.attributes
                0x00000b1e       0x2e ..\..\..\..\..\..\..\..\Program Files (x86)\GNU Tools ARM Embedded\4.7 2012q4\arm-none-eabi\lib\armv7e-m\libg.a(lib_a-reent.o)
 .ARM.attributes
                0x00000b4c       0x1e d:/program files (x86)/gnu tools arm embedded/4.7 2012q4/bin/../lib/gcc/arm-none-eabi/4.7.3/armv7e-m\libgcc.a(_arm_fixunsdfsi.o)
 .ARM.attributes
                0x00000b6a       0x1e d:/program files (x86)/gnu tools arm embedded/4.7 2012q4/bin/../lib/gcc/arm-none-eabi/4.7.3/armv7e-m\libgcc.a(_aeabi_uldivmod.o)
 .ARM.attributes
                0x00000b88       0x2e d:/program files (x86)/gnu tools arm embedded/4.7 2012q4/bin/../lib/gcc/arm-none-eabi/4.7.3/armv7e-m\libgcc.a(bpabi.o)
 .ARM.attributes
                0x00000bb6       0x1e d:/program files (x86)/gnu tools arm embedded/4.7 2012q4/bin/../lib/gcc/arm-none-eabi/4.7.3/armv7e-m\libgcc.a(_dvmd_tls.o)
 .ARM.attributes
                0x00000bd4       0x2e d:/program files (x86)/gnu tools arm embedded/4.7 2012q4/bin/../lib/gcc/arm-none-eabi/4.7.3/armv7e-m\libgcc.a(_divdi3.o)
 .ARM.attributes
                0x00000c02       0x2e d:/program files (x86)/gnu tools arm embedded/4.7 2012q4/bin/../lib/gcc/arm-none-eabi/4.7.3/armv7e-m\libgcc.a(_udivdi3.o)

.comment        0x00000000       0x70
 .comment       0x00000000       0x70 ..\obj\delay.o
                                 0x71 (size before relaxing)
 .comment       0x00000000       0x71 ..\obj\stm32f4xx_usart.o
 .comment       0x00000000       0x71 ..\obj\startup_stm32f4xx.o
 .comment       0x00000000       0x71 ..\obj\main.o
 .comment       0x00000000       0x71 ..\obj\stm32f4xx_rcc.o
 .comment       0x00000000       0x71 ..\obj\MotionControlSystem.o
 .comment       0x00000000       0x71 ..\obj\stm32f4xx_gpio.o
 .comment       0x00000000       0x71 ..\obj\system_stm32f4xx.o
 .comment       0x00000000       0x71 ..\obj\syscalls.o
 .comment       0x00000000       0x71 ..\obj\misc.o
 .comment       0x00000000       0x71 ..\obj\Uart_IT.o
 .comment       0x00000000       0x71 ..\obj\Motor.o
 .comment       0x00000000       0x71 ..\obj\Counter.o
 .comment       0x00000000       0x71 ..\obj\stm32f4xx_tim.o

.debug_frame    0x00000000     0x2264
 .debug_frame   0x00000000       0x2c ..\..\..\..\..\..\..\..\Program Files (x86)\GNU Tools ARM Embedded\4.7 2012q4\arm-none-eabi\lib\armv7e-m\libc.a(lib_a-memset.o)
 .debug_frame   0x0000002c       0x54 ..\obj\delay.o
 .debug_frame   0x00000080      0x210 ..\obj\stm32f4xx_usart.o
 .debug_frame   0x00000290       0x3c ..\obj\startup_stm32f4xx.o
 .debug_frame   0x000002cc       0xb4 ..\obj\main.o
 .debug_frame   0x00000380      0x2e4 ..\obj\stm32f4xx_rcc.o
 .debug_frame   0x00000664      0x2d8 ..\obj\MotionControlSystem.o
 .debug_frame   0x0000093c      0x11c ..\obj\stm32f4xx_gpio.o
 .debug_frame   0x00000a58       0x34 ..\obj\system_stm32f4xx.o
 .debug_frame   0x00000a8c       0xa0 ..\obj\syscalls.o
 .debug_frame   0x00000b2c       0x68 ..\obj\misc.o
 .debug_frame   0x00000b94       0xb0 ..\obj\Uart_IT.o
 .debug_frame   0x00000c44       0x8c ..\obj\Motor.o
 .debug_frame   0x00000cd0       0x68 ..\obj\Counter.o
 .debug_frame   0x00000d38      0x650 ..\obj\stm32f4xx_tim.o
 .debug_frame   0x00001388       0x2c ..\..\..\..\..\..\..\..\Program Files (x86)\GNU Tools ARM Embedded\4.7 2012q4\arm-none-eabi\lib\armv7e-m\libm.a(lib_a-s_cos.o)
 .debug_frame   0x000013b4       0x2c ..\..\..\..\..\..\..\..\Program Files (x86)\GNU Tools ARM Embedded\4.7 2012q4\arm-none-eabi\lib\armv7e-m\libm.a(lib_a-s_sin.o)
 .debug_frame   0x000013e0       0x38 ..\..\..\..\..\..\..\..\Program Files (x86)\GNU Tools ARM Embedded\4.7 2012q4\arm-none-eabi\lib\armv7e-m\libm.a(lib_a-e_rem_pio2.o)
 .debug_frame   0x00001418       0x38 ..\..\..\..\..\..\..\..\Program Files (x86)\GNU Tools ARM Embedded\4.7 2012q4\arm-none-eabi\lib\armv7e-m\libm.a(lib_a-k_cos.o)
 .debug_frame   0x00001450       0x3c ..\..\..\..\..\..\..\..\Program Files (x86)\GNU Tools ARM Embedded\4.7 2012q4\arm-none-eabi\lib\armv7e-m\libm.a(lib_a-k_rem_pio2.o)
 .debug_frame   0x0000148c       0x38 ..\..\..\..\..\..\..\..\Program Files (x86)\GNU Tools ARM Embedded\4.7 2012q4\arm-none-eabi\lib\armv7e-m\libm.a(lib_a-k_sin.o)
 .debug_frame   0x000014c4       0x20 ..\..\..\..\..\..\..\..\Program Files (x86)\GNU Tools ARM Embedded\4.7 2012q4\arm-none-eabi\lib\armv7e-m\libm.a(lib_a-s_fabs.o)
 .debug_frame   0x000014e4       0x34 ..\..\..\..\..\..\..\..\Program Files (x86)\GNU Tools ARM Embedded\4.7 2012q4\arm-none-eabi\lib\armv7e-m\libm.a(lib_a-s_floor.o)
 .debug_frame   0x00001518       0x30 ..\..\..\..\..\..\..\..\Program Files (x86)\GNU Tools ARM Embedded\4.7 2012q4\arm-none-eabi\lib\armv7e-m\libm.a(lib_a-s_scalbn.o)
 .debug_frame   0x00001548       0x28 ..\..\..\..\..\..\..\..\Program Files (x86)\GNU Tools ARM Embedded\4.7 2012q4\arm-none-eabi\lib\armv7e-m\libm.a(lib_a-s_copysign.o)
 .debug_frame   0x00001570      0x2a0 d:/program files (x86)/gnu tools arm embedded/4.7 2012q4/bin/../lib/gcc/arm-none-eabi/4.7.3/armv7e-m\libgcc.a(unwind-arm.o)
 .debug_frame   0x00001810       0xe8 d:/program files (x86)/gnu tools arm embedded/4.7 2012q4/bin/../lib/gcc/arm-none-eabi/4.7.3/armv7e-m\libgcc.a(pr-support.o)
 .debug_frame   0x000018f8       0x20 ..\..\..\..\..\..\..\..\Program Files (x86)\GNU Tools ARM Embedded\4.7 2012q4\arm-none-eabi\lib\armv7e-m\libg.a(lib_a-atof.o)
 .debug_frame   0x00001918       0x30 ..\..\..\..\..\..\..\..\Program Files (x86)\GNU Tools ARM Embedded\4.7 2012q4\arm-none-eabi\lib\armv7e-m\libg.a(lib_a-atol.o)
 .debug_frame   0x00001948       0x30 ..\..\..\..\..\..\..\..\Program Files (x86)\GNU Tools ARM Embedded\4.7 2012q4\arm-none-eabi\lib\armv7e-m\libg.a(lib_a-memcpy.o)
 .debug_frame   0x00001978       0x30 ..\..\..\..\..\..\..\..\Program Files (x86)\GNU Tools ARM Embedded\4.7 2012q4\arm-none-eabi\lib\armv7e-m\libg.a(lib_a-strcmp.o)
 .debug_frame   0x000019a8       0x20 ..\..\..\..\..\..\..\..\Program Files (x86)\GNU Tools ARM Embedded\4.7 2012q4\arm-none-eabi\lib\armv7e-m\libg.a(lib_a-strlen.o)
 .debug_frame   0x000019c8       0x70 ..\..\..\..\..\..\..\..\Program Files (x86)\GNU Tools ARM Embedded\4.7 2012q4\arm-none-eabi\lib\armv7e-m\libg.a(lib_a-strtod.o)
 .debug_frame   0x00001a38       0x54 ..\..\..\..\..\..\..\..\Program Files (x86)\GNU Tools ARM Embedded\4.7 2012q4\arm-none-eabi\lib\armv7e-m\libg.a(lib_a-strtol.o)
 .debug_frame   0x00001a8c       0x4c ..\..\..\..\..\..\..\..\Program Files (x86)\GNU Tools ARM Embedded\4.7 2012q4\arm-none-eabi\lib\armv7e-m\libg.a(lib_a-vsnprintf.o)
 .debug_frame   0x00001ad8       0x6c ..\..\..\..\..\..\..\..\Program Files (x86)\GNU Tools ARM Embedded\4.7 2012q4\arm-none-eabi\lib\armv7e-m\libg.a(lib_a-gdtoa-gethex.o)
 .debug_frame   0x00001b44       0x38 ..\..\..\..\..\..\..\..\Program Files (x86)\GNU Tools ARM Embedded\4.7 2012q4\arm-none-eabi\lib\armv7e-m\libg.a(lib_a-gdtoa-hexnan.o)
 .debug_frame   0x00001b7c       0xa0 ..\..\..\..\..\..\..\..\Program Files (x86)\GNU Tools ARM Embedded\4.7 2012q4\arm-none-eabi\lib\armv7e-m\libg.a(lib_a-locale.o)
 .debug_frame   0x00001c1c      0x234 ..\..\..\..\..\..\..\..\Program Files (x86)\GNU Tools ARM Embedded\4.7 2012q4\arm-none-eabi\lib\armv7e-m\libg.a(lib_a-mprec.o)
 .debug_frame   0x00001e50       0x20 ..\..\..\..\..\..\..\..\Program Files (x86)\GNU Tools ARM Embedded\4.7 2012q4\arm-none-eabi\lib\armv7e-m\libg.a(lib_a-s_fpclassify.o)
 .debug_frame   0x00001e70       0x2c ..\..\..\..\..\..\..\..\Program Files (x86)\GNU Tools ARM Embedded\4.7 2012q4\arm-none-eabi\lib\armv7e-m\libg.a(lib_a-strncmp.o)
 .debug_frame   0x00001e9c       0x3c ..\..\..\..\..\..\..\..\Program Files (x86)\GNU Tools ARM Embedded\4.7 2012q4\arm-none-eabi\lib\armv7e-m\libg.a(lib_a-svfprintf.o)
 .debug_frame   0x00001ed8       0x28 ..\..\..\..\..\..\..\..\Program Files (x86)\GNU Tools ARM Embedded\4.7 2012q4\arm-none-eabi\lib\armv7e-m\libg.a(lib_a-callocr.o)
 .debug_frame   0x00001f00       0x64 ..\..\..\..\..\..\..\..\Program Files (x86)\GNU Tools ARM Embedded\4.7 2012q4\arm-none-eabi\lib\armv7e-m\libg.a(lib_a-dtoa.o)
 .debug_frame   0x00001f64       0x38 ..\..\..\..\..\..\..\..\Program Files (x86)\GNU Tools ARM Embedded\4.7 2012q4\arm-none-eabi\lib\armv7e-m\libg.a(lib_a-mallocr.o)
 .debug_frame   0x00001f9c       0x2c ..\..\..\..\..\..\..\..\Program Files (x86)\GNU Tools ARM Embedded\4.7 2012q4\arm-none-eabi\lib\armv7e-m\libg.a(lib_a-memchr.o)
 .debug_frame   0x00001fc8       0x30 ..\..\..\..\..\..\..\..\Program Files (x86)\GNU Tools ARM Embedded\4.7 2012q4\arm-none-eabi\lib\armv7e-m\libg.a(lib_a-mlock.o)
 .debug_frame   0x00001ff8       0x2c ..\..\..\..\..\..\..\..\Program Files (x86)\GNU Tools ARM Embedded\4.7 2012q4\arm-none-eabi\lib\armv7e-m\libg.a(lib_a-sbrkr.o)
 .debug_frame   0x00002024       0x64 ..\..\..\..\..\..\..\..\Program Files (x86)\GNU Tools ARM Embedded\4.7 2012q4\arm-none-eabi\lib\armv7e-m\libg.a(lib_a-svfiprintf.o)
 .debug_frame   0x00002088       0x50 ..\..\..\..\..\..\..\..\Program Files (x86)\GNU Tools ARM Embedded\4.7 2012q4\arm-none-eabi\lib\armv7e-m\libg.a(lib_a-freer.o)
 .debug_frame   0x000020d8       0x30 ..\..\..\..\..\..\..\..\Program Files (x86)\GNU Tools ARM Embedded\4.7 2012q4\arm-none-eabi\lib\armv7e-m\libg.a(lib_a-memmove.o)
 .debug_frame   0x00002108       0x38 ..\..\..\..\..\..\..\..\Program Files (x86)\GNU Tools ARM Embedded\4.7 2012q4\arm-none-eabi\lib\armv7e-m\libg.a(lib_a-reallocr.o)
 .debug_frame   0x00002140       0x6c ..\..\..\..\..\..\..\..\Program Files (x86)\GNU Tools ARM Embedded\4.7 2012q4\arm-none-eabi\lib\armv7e-m\libg.a(lib_a-reent.o)
 .debug_frame   0x000021ac       0x50 d:/program files (x86)/gnu tools arm embedded/4.7 2012q4/bin/../lib/gcc/arm-none-eabi/4.7.3/armv7e-m\libgcc.a(bpabi.o)
 .debug_frame   0x000021fc       0x34 d:/program files (x86)/gnu tools arm embedded/4.7 2012q4/bin/../lib/gcc/arm-none-eabi/4.7.3/armv7e-m\libgcc.a(_divdi3.o)
 .debug_frame   0x00002230       0x34 d:/program files (x86)/gnu tools arm embedded/4.7 2012q4/bin/../lib/gcc/arm-none-eabi/4.7.3/armv7e-m\libgcc.a(_udivdi3.o)

.debug_info     0x00000000     0xdffa
 .debug_info    0x00000000      0x766 ..\obj\delay.o
 .debug_info    0x00000766      0xbef ..\obj\stm32f4xx_usart.o
 .debug_info    0x00001355      0x12e ..\obj\startup_stm32f4xx.o
 .debug_info    0x00001483     0x32e8 ..\obj\main.o
 .debug_info    0x0000476b      0xdd6 ..\obj\stm32f4xx_rcc.o
 .debug_info    0x00005541     0x2618 ..\obj\MotionControlSystem.o
 .debug_info    0x00007b59      0x81b ..\obj\stm32f4xx_gpio.o
 .debug_info    0x00008374      0x614 ..\obj\system_stm32f4xx.o
 .debug_info    0x00008988      0x439 ..\obj\syscalls.o
 .debug_info    0x00008dc1      0x594 ..\obj\misc.o
 .debug_info    0x00009355      0xb6a ..\obj\Uart_IT.o
 .debug_info    0x00009ebf     0x1041 ..\obj\Motor.o
 .debug_info    0x0000af00      0xa0c ..\obj\Counter.o
 .debug_info    0x0000b90c     0x26ee ..\obj\stm32f4xx_tim.o

.debug_abbrev   0x00000000     0x25d0
 .debug_abbrev  0x00000000      0x1d6 ..\obj\delay.o
 .debug_abbrev  0x000001d6      0x223 ..\obj\stm32f4xx_usart.o
 .debug_abbrev  0x000003f9       0xf8 ..\obj\startup_stm32f4xx.o
 .debug_abbrev  0x000004f1      0x771 ..\obj\main.o
 .debug_abbrev  0x00000c62      0x2b6 ..\obj\stm32f4xx_rcc.o
 .debug_abbrev  0x00000f18      0x5c7 ..\obj\MotionControlSystem.o
 .debug_abbrev  0x000014df      0x22c ..\obj\stm32f4xx_gpio.o
 .debug_abbrev  0x0000170b      0x15f ..\obj\system_stm32f4xx.o
 .debug_abbrev  0x0000186a       0xf3 ..\obj\syscalls.o
 .debug_abbrev  0x0000195d      0x152 ..\obj\misc.o
 .debug_abbrev  0x00001aaf      0x2bb ..\obj\Uart_IT.o
 .debug_abbrev  0x00001d6a      0x3af ..\obj\Motor.o
 .debug_abbrev  0x00002119      0x201 ..\obj\Counter.o
 .debug_abbrev  0x0000231a      0x2b6 ..\obj\stm32f4xx_tim.o

.debug_loc      0x00000000     0x5d35
 .debug_loc     0x00000000       0x52 ..\obj\delay.o
 .debug_loc     0x00000052      0xa68 ..\obj\stm32f4xx_usart.o
 .debug_loc     0x00000aba       0x20 ..\obj\startup_stm32f4xx.o
 .debug_loc     0x00000ada      0x678 ..\obj\main.o
 .debug_loc     0x00001152      0xbec ..\obj\stm32f4xx_rcc.o
 .debug_loc     0x00001d3e      0xd86 ..\obj\MotionControlSystem.o
 .debug_loc     0x00002ac4      0x439 ..\obj\stm32f4xx_gpio.o
 .debug_loc     0x00002efd      0x182 ..\obj\system_stm32f4xx.o
 .debug_loc     0x0000307f      0x108 ..\obj\syscalls.o
 .debug_loc     0x00003187      0x1ac ..\obj\misc.o
 .debug_loc     0x00003333      0x132 ..\obj\Uart_IT.o
 .debug_loc     0x00003465      0x157 ..\obj\Motor.o
 .debug_loc     0x000035bc       0x8b ..\obj\Counter.o
 .debug_loc     0x00003647     0x26ee ..\obj\stm32f4xx_tim.o

.debug_aranges  0x00000000      0x910
 .debug_aranges
                0x00000000       0x38 ..\obj\delay.o
 .debug_aranges
                0x00000038      0x100 ..\obj\stm32f4xx_usart.o
 .debug_aranges
                0x00000138       0x28 ..\obj\startup_stm32f4xx.o
 .debug_aranges
                0x00000160       0x40 ..\obj\main.o
 .debug_aranges
                0x000001a0      0x178 ..\obj\stm32f4xx_rcc.o
 .debug_aranges
                0x00000318      0x110 ..\obj\MotionControlSystem.o
 .debug_aranges
                0x00000428       0x88 ..\obj\stm32f4xx_gpio.o
 .debug_aranges
                0x000004b0       0x28 ..\obj\system_stm32f4xx.o
 .debug_aranges
                0x000004d8       0x60 ..\obj\syscalls.o
 .debug_aranges
                0x00000538       0x40 ..\obj\misc.o
 .debug_aranges
                0x00000578       0x50 ..\obj\Uart_IT.o
 .debug_aranges
                0x000005c8       0x40 ..\obj\Motor.o
 .debug_aranges
                0x00000608       0x30 ..\obj\Counter.o
 .debug_aranges
                0x00000638      0x2d8 ..\obj\stm32f4xx_tim.o

.debug_ranges   0x00000000     0x1418
 .debug_ranges  0x00000000       0x68 ..\obj\delay.o
 .debug_ranges  0x00000068       0xf0 ..\obj\stm32f4xx_usart.o
 .debug_ranges  0x00000158       0x18 ..\obj\startup_stm32f4xx.o
 .debug_ranges  0x00000170      0x5e8 ..\obj\main.o
 .debug_ranges  0x00000758      0x198 ..\obj\stm32f4xx_rcc.o
 .debug_ranges  0x000008f0      0x3f8 ..\obj\MotionControlSystem.o
 .debug_ranges  0x00000ce8       0x78 ..\obj\stm32f4xx_gpio.o
 .debug_ranges  0x00000d60       0x48 ..\obj\system_stm32f4xx.o
 .debug_ranges  0x00000da8       0x50 ..\obj\syscalls.o
 .debug_ranges  0x00000df8       0x30 ..\obj\misc.o
 .debug_ranges  0x00000e28      0x160 ..\obj\Uart_IT.o
 .debug_ranges  0x00000f88       0x90 ..\obj\Motor.o
 .debug_ranges  0x00001018       0x38 ..\obj\Counter.o
 .debug_ranges  0x00001050      0x3c8 ..\obj\stm32f4xx_tim.o

.debug_line     0x00000000     0x39f0
 .debug_line    0x00000000      0x1fd ..\obj\delay.o
 .debug_line    0x000001fd      0x503 ..\obj\stm32f4xx_usart.o
 .debug_line    0x00000700       0xb5 ..\obj\startup_stm32f4xx.o
 .debug_line    0x000007b5      0x6d4 ..\obj\main.o
 .debug_line    0x00000e89      0x59a ..\obj\stm32f4xx_rcc.o
 .debug_line    0x00001423      0x72d ..\obj\MotionControlSystem.o
 .debug_line    0x00001b50      0x3c4 ..\obj\stm32f4xx_gpio.o
 .debug_line    0x00001f14      0x1d3 ..\obj\system_stm32f4xx.o
 .debug_line    0x000020e7      0x1a1 ..\obj\syscalls.o
 .debug_line    0x00002288      0x252 ..\obj\misc.o
 .debug_line    0x000024da      0x2d6 ..\obj\Uart_IT.o
 .debug_line    0x000027b0      0x33c ..\obj\Motor.o
 .debug_line    0x00002aec      0x2c6 ..\obj\Counter.o
 .debug_line    0x00002db2      0xc3e ..\obj\stm32f4xx_tim.o

.debug_str      0x00000000     0x40e0
 .debug_str     0x00000000      0x73a ..\obj\delay.o
                                0x789 (size before relaxing)
 .debug_str     0x0000073a      0x4f8 ..\obj\stm32f4xx_usart.o
                                0x67b (size before relaxing)
 .debug_str     0x00000c32       0xc9 ..\obj\startup_stm32f4xx.o
                                0x12d (size before relaxing)
 .debug_str     0x00000cfb     0x191e ..\obj\main.o
                               0x2151 (size before relaxing)
 .debug_str     0x00002619      0x576 ..\obj\stm32f4xx_rcc.o
                                0x7fc (size before relaxing)
 .debug_str     0x00002b8f      0x185 ..\obj\MotionControlSystem.o
                               0x19b2 (size before relaxing)
 .debug_str     0x00002d14      0x181 ..\obj\stm32f4xx_gpio.o
                                0x476 (size before relaxing)
 .debug_str     0x00002e95       0xb2 ..\obj\system_stm32f4xx.o
                                0x356 (size before relaxing)
 .debug_str     0x00002f47      0x166 ..\obj\syscalls.o
                                0x2b8 (size before relaxing)
 .debug_str     0x000030ad      0x112 ..\obj\misc.o
                                0x385 (size before relaxing)
 .debug_str     0x000031bf      0x27a ..\obj\Uart_IT.o
                                0x56c (size before relaxing)
 .debug_str     0x00003439      0x2f2 ..\obj\Motor.o
                                0xb4b (size before relaxing)
 .debug_str     0x0000372b       0xa1 ..\obj\Counter.o
                                0x63b (size before relaxing)
 .debug_str     0x000037cc      0x914 ..\obj\stm32f4xx_tim.o
                                0xdaa (size before relaxing)
