Archive member included because of file (symbol)

..\..\..\..\..\..\..\..\Program Files (x86)\GNU Tools ARM Embedded\4.7 2012q4\arm-none-eabi\lib\armv7e-m\softfp\libstdc++.a(eh_arm.o)
                              ..\obj\main.o (__cxa_end_cleanup)
..\..\..\..\..\..\..\..\Program Files (x86)\GNU Tools ARM Embedded\4.7 2012q4\arm-none-eabi\lib\armv7e-m\softfp\libstdc++.a(eh_globals.o)
                              ..\..\..\..\..\..\..\..\Program Files (x86)\GNU Tools ARM Embedded\4.7 2012q4\arm-none-eabi\lib\armv7e-m\softfp\libstdc++.a(eh_arm.o) (__cxa_get_globals)
..\..\..\..\..\..\..\..\Program Files (x86)\GNU Tools ARM Embedded\4.7 2012q4\arm-none-eabi\lib\armv7e-m\softfp\libstdc++.a(guard.o)
                              ..\obj\main.o (__cxa_guard_acquire)
..\..\..\..\..\..\..\..\Program Files (x86)\GNU Tools ARM Embedded\4.7 2012q4\arm-none-eabi\lib\armv7e-m\softfp\libstdc++.a(eh_exception.o)
                              ..\..\..\..\..\..\..\..\Program Files (x86)\GNU Tools ARM Embedded\4.7 2012q4\arm-none-eabi\lib\armv7e-m\softfp\libstdc++.a(eh_arm.o) (typeinfo for __cxxabiv1::__forced_unwind)
..\..\..\..\..\..\..\..\Program Files (x86)\GNU Tools ARM Embedded\4.7 2012q4\arm-none-eabi\lib\armv7e-m\softfp\libstdc++.a(del_op.o)
                              ..\obj\main.o (operator delete(void*))
..\..\..\..\..\..\..\..\Program Files (x86)\GNU Tools ARM Embedded\4.7 2012q4\arm-none-eabi\lib\armv7e-m\softfp\libstdc++.a(class_type_info.o)
                              ..\..\..\..\..\..\..\..\Program Files (x86)\GNU Tools ARM Embedded\4.7 2012q4\arm-none-eabi\lib\armv7e-m\softfp\libstdc++.a(eh_exception.o) (vtable for __cxxabiv1::__class_type_info)
..\..\..\..\..\..\..\..\Program Files (x86)\GNU Tools ARM Embedded\4.7 2012q4\arm-none-eabi\lib\armv7e-m\softfp\libstdc++.a(eh_throw.o)
                              ..\..\..\..\..\..\..\..\Program Files (x86)\GNU Tools ARM Embedded\4.7 2012q4\arm-none-eabi\lib\armv7e-m\softfp\libstdc++.a(guard.o) (__cxa_throw)
..\..\..\..\..\..\..\..\Program Files (x86)\GNU Tools ARM Embedded\4.7 2012q4\arm-none-eabi\lib\armv7e-m\softfp\libstdc++.a(new_op.o)
                              ..\obj\main.o (operator new(unsigned int))
..\..\..\..\..\..\..\..\Program Files (x86)\GNU Tools ARM Embedded\4.7 2012q4\arm-none-eabi\lib\armv7e-m\softfp\libstdc++.a(eh_personality.o)
                              ..\obj\main.o (__gxx_personality_v0)
..\..\..\..\..\..\..\..\Program Files (x86)\GNU Tools ARM Embedded\4.7 2012q4\arm-none-eabi\lib\armv7e-m\softfp\libstdc++.a(eh_term_handler.o)
                              ..\..\..\..\..\..\..\..\Program Files (x86)\GNU Tools ARM Embedded\4.7 2012q4\arm-none-eabi\lib\armv7e-m\softfp\libstdc++.a(eh_throw.o) (__cxxabiv1::__terminate_handler)
..\..\..\..\..\..\..\..\Program Files (x86)\GNU Tools ARM Embedded\4.7 2012q4\arm-none-eabi\lib\armv7e-m\softfp\libstdc++.a(eh_alloc.o)
                              ..\..\..\..\..\..\..\..\Program Files (x86)\GNU Tools ARM Embedded\4.7 2012q4\arm-none-eabi\lib\armv7e-m\softfp\libstdc++.a(guard.o) (__cxa_allocate_exception)
..\..\..\..\..\..\..\..\Program Files (x86)\GNU Tools ARM Embedded\4.7 2012q4\arm-none-eabi\lib\armv7e-m\softfp\libstdc++.a(eh_terminate.o)
                              ..\..\..\..\..\..\..\..\Program Files (x86)\GNU Tools ARM Embedded\4.7 2012q4\arm-none-eabi\lib\armv7e-m\softfp\libstdc++.a(eh_throw.o) (__cxxabiv1::__terminate(void (*)()))
..\..\..\..\..\..\..\..\Program Files (x86)\GNU Tools ARM Embedded\4.7 2012q4\arm-none-eabi\lib\armv7e-m\softfp\libstdc++.a(tinfo.o)
                              ..\..\..\..\..\..\..\..\Program Files (x86)\GNU Tools ARM Embedded\4.7 2012q4\arm-none-eabi\lib\armv7e-m\softfp\libstdc++.a(class_type_info.o) (std::type_info::~type_info())
..\..\..\..\..\..\..\..\Program Files (x86)\GNU Tools ARM Embedded\4.7 2012q4\arm-none-eabi\lib\armv7e-m\softfp\libstdc++.a(eh_unex_handler.o)
                              ..\..\..\..\..\..\..\..\Program Files (x86)\GNU Tools ARM Embedded\4.7 2012q4\arm-none-eabi\lib\armv7e-m\softfp\libstdc++.a(eh_throw.o) (__cxxabiv1::__unexpected_handler)
..\..\..\..\..\..\..\..\Program Files (x86)\GNU Tools ARM Embedded\4.7 2012q4\arm-none-eabi\lib\armv7e-m\softfp\libstdc++.a(guard_error.o)
                              ..\..\..\..\..\..\..\..\Program Files (x86)\GNU Tools ARM Embedded\4.7 2012q4\arm-none-eabi\lib\armv7e-m\softfp\libstdc++.a(guard.o) (__gnu_cxx::recursive_init_error::~recursive_init_error())
..\..\..\..\..\..\..\..\Program Files (x86)\GNU Tools ARM Embedded\4.7 2012q4\arm-none-eabi\lib\armv7e-m\softfp\libstdc++.a(si_class_type_info.o)
                              ..\..\..\..\..\..\..\..\Program Files (x86)\GNU Tools ARM Embedded\4.7 2012q4\arm-none-eabi\lib\armv7e-m\softfp\libstdc++.a(eh_exception.o) (vtable for __cxxabiv1::__si_class_type_info)
..\..\..\..\..\..\..\..\Program Files (x86)\GNU Tools ARM Embedded\4.7 2012q4\arm-none-eabi\lib\armv7e-m\softfp\libstdc++.a(eh_call.o)
[...]
Memory Configuration

Name             Origin             Length             Attributes
rom              0x08000000         0x00100000         xr
ram              0x20000000         0x00020000         xrw
ram1             0x10000000         0x00010000         xrw
*default*        0x00000000         0xffffffff

Linker script and memory map

LOAD d:/program files (x86)/gnu tools arm embedded/4.7 2012q4/bin/../lib/gcc/arm-none-eabi/4.7.3/armv7e-m\libgcc.a
LOAD ..\..\..\..\..\..\..\..\Program Files (x86)\GNU Tools ARM Embedded\4.7 2012q4\arm-none-eabi\lib\armv7e-m\softfp\libc.a
LOAD ..\..\..\..\..\..\..\..\Program Files (x86)\GNU Tools ARM Embedded\4.7 2012q4\arm-none-eabi\lib\armv7e-m\softfp\libm.a
                0x20020000                _eram = 0x20020000

.text           0x08000000    0x1c8a8
 *(.isr_vector .isr_vector.*)
 .isr_vector    0x08000000      0x188 ..\obj\startup_stm32f4xx.o
                0x08000000                g_pfnVectors
 *(.text .text.* .gnu.linkonce.t.*)
 .text.NVIC_SetPriority
                0x08000188       0x5c ..\obj\delay.o
 .text.SysTick_Config
                0x080001e4       0x64 ..\obj\delay.o
 .text.Delay    0x08000248       0x34 ..\obj\delay.o
                0x08000248                Delay
 .text.Delay_Init
                0x0800027c       0x30 ..\obj\delay.o
                0x0800027c                Delay_Init
 .text.SysTick_Handler
                0x080002ac       0x24 ..\obj\delay.o
                0x080002ac                SysTick_Handler
 .text.Millis   0x080002d0       0x18 ..\obj\delay.o
                0x080002d0                Millis
 .text.USART_Init
                0x080002e8      0x1ac ..\obj\stm32f4xx_usart.o
                0x080002e8                USART_Init
 .text.USART_Cmd
                0x08000494       0x40 ..\obj\stm32f4xx_usart.o
                0x08000494                USART_Cmd
 .text.USART_SendData
                0x080004d4       0x28 ..\obj\stm32f4xx_usart.o
                0x080004d4                USART_SendData
 .text.USART_ReceiveData
                0x080004fc       0x24 ..\obj\stm32f4xx_usart.o
                0x080004fc                USART_ReceiveData
 .text.USART_ITConfig
                0x08000520       0xa4 ..\obj\stm32f4xx_usart.o
                0x08000520                USART_ITConfig
 .text.USART_GetFlagStatus
                0x080005c4       0x40 ..\obj\stm32f4xx_usart.o
                0x080005c4                USART_GetFlagStatus
 .text.USART_GetITStatus
                0x08000604       0xc4 ..\obj\stm32f4xx_usart.o
                0x08000604                USART_GetITStatus
 .text.Default_Reset_Handler
                0x080006c8       0x80 ..\obj\startup_stm32f4xx.o
                0x080006c8                Default_Reset_Handler
                0x080006c8                Reset_Handler
 .text.Default_Handler
                0x08000748        0x8 ..\obj\startup_stm32f4xx.o
                0x08000748                RTC_Alarm_IRQHandler
                0x08000748                HASH_RNG_IRQHandler
                0x08000748                EXTI2_IRQHandler
                0x08000748                TIM8_CC_IRQHandler
                0x08000748                DebugMon_Handler
                0x08000748                TIM1_CC_IRQHandler
                0x08000748                DMA2_Stream5_IRQHandler
                0x08000748                HardFault_Handler
                0x08000748                DMA1_Stream5_IRQHandler
                0x08000748                PVD_IRQHandler
                0x08000748                SDIO_IRQHandler
                0x08000748                TAMP_STAMP_IRQHandler
                0x08000748                PendSV_Handler
                0x08000748                NMI_Handler
                0x08000748                CAN2_RX1_IRQHandler
                0x08000748                EXTI3_IRQHandler
                0x08000748                TIM8_TRG_COM_TIM14_IRQHandler
                0x08000748                TIM1_UP_TIM10_IRQHandler
                0x08000748                TIM8_UP_TIM13_IRQHandler
                0x08000748                I2C3_ER_IRQHandler
                0x08000748                EXTI0_IRQHandler
                0x08000748                I2C2_EV_IRQHandler
                0x08000748                DMA1_Stream2_IRQHandler
                0x08000748                CAN1_RX0_IRQHandler
                0x08000748                FPU_IRQHandler
                0x08000748                OTG_HS_WKUP_IRQHandler
                0x08000748                UsageFault_Handler
                0x08000748                CAN2_SCE_IRQHandler
                0x08000748                DMA2_Stream2_IRQHandler
                0x08000748                SPI1_IRQHandler
                0x08000748                TIM6_DAC_IRQHandler
                0x08000748                TIM1_BRK_TIM9_IRQHandler
                0x08000748                DCMI_IRQHandler
                0x08000748                CAN2_RX0_IRQHandler
                0x08000748                DMA2_Stream3_IRQHandler
                0x08000748                CRYP_IRQHandler
                0x08000748                CAN1_RX1_IRQHandler
                0x08000748                DMA2_Stream0_IRQHandler
                0x08000748                I2C1_EV_IRQHandler
                0x08000748                DMA1_Stream6_IRQHandler
                0x08000748                DMA1_Stream1_IRQHandler
                0x08000748                TIM3_IRQHandler
                0x08000748                RCC_IRQHandler
                0x08000748                TIM8_BRK_TIM12_IRQHandler
                0x08000748                EXTI15_10_IRQHandler
                0x08000748                ADC_IRQHandler
                0x08000748                DMA1_Stream7_IRQHandler
                0x08000748                TIM7_IRQHandler
                0x08000748                CAN2_TX_IRQHandler
                0x08000748                TIM5_IRQHandler
                0x08000748                DMA2_Stream7_IRQHandler
                0x08000748                I2C3_EV_IRQHandler
                0x08000748                EXTI9_5_IRQHandler
                0x08000748                RTC_WKUP_IRQHandler
                0x08000748                ETH_WKUP_IRQHandler
                0x08000748                SPI2_IRQHandler
                0x08000748                OTG_HS_EP1_IN_IRQHandler
                0x08000748                MemManage_Handler
                0x08000748                DMA1_Stream0_IRQHandler
                0x08000748                CAN1_TX_IRQHandler
                0x08000748                SVC_Handler
                0x08000748                EXTI4_IRQHandler
                0x08000748                FSMC_IRQHandler
                0x08000748                ETH_IRQHandler
                0x08000748                OTG_HS_EP1_OUT_IRQHandler
                0x08000748                WWDG_IRQHandler
                0x08000748                TIM2_IRQHandler
                0x08000748                OTG_FS_WKUP_IRQHandler
                0x08000748                TIM1_TRG_COM_TIM11_IRQHandler
                0x08000748                OTG_HS_IRQHandler
                0x08000748                EXTI1_IRQHandler
                0x08000748                I2C2_ER_IRQHandler
                0x08000748                DMA2_Stream1_IRQHandler
                0x08000748                CAN1_SCE_IRQHandler
                0x08000748                FLASH_IRQHandler
                0x08000748                DMA2_Stream4_IRQHandler
                0x08000748                BusFault_Handler
                0x08000748                OTG_FS_IRQHandler
                0x08000748                SPI3_IRQHandler
                0x08000748                DMA1_Stream4_IRQHandler
                0x08000748                I2C1_ER_IRQHandler
                0x08000748                DMA2_Stream6_IRQHandler
                0x08000748                DMA1_Stream3_IRQHandler
 .text._ZN12ActuatorsMgrC2Ev
                0x08000750      0x22c ..\obj\main.o
                0x08000750                ActuatorsMgr::ActuatorsMgr()
                0x08000750                ActuatorsMgr::ActuatorsMgr()
 .text._ZN12ActuatorsMgr3omdEv
                0x0800097c       0x20 ..\obj\main.o
                0x0800097c                ActuatorsMgr::omd()
 .text._ZN12ActuatorsMgr3fmdEv
                0x0800099c       0x20 ..\obj\main.o
                0x0800099c                ActuatorsMgr::fmd()
 .text._ZN12ActuatorsMgr3omgEv
                0x080009bc       0x20 ..\obj\main.o
                0x080009bc                ActuatorsMgr::omg()
 .text._ZN12ActuatorsMgr3fmgEv
                0x080009dc       0x20 ..\obj\main.o
                0x080009dc                ActuatorsMgr::fmg()
 .text._ZN12ActuatorsMgr3obdEv
                0x080009fc       0x20 ..\obj\main.o
                0x080009fc                ActuatorsMgr::obd()
 .text._ZN12ActuatorsMgr3fbdEv
                0x08000a1c       0x20 ..\obj\main.o
                0x08000a1c                ActuatorsMgr::fbd()
 .text._ZN12ActuatorsMgr3obgEv
                0x08000a3c       0x20 ..\obj\main.o
                0x08000a3c                ActuatorsMgr::obg()
 .text._ZN12ActuatorsMgr3fbgEv
                0x08000a5c       0x20 ..\obj\main.o
                0x08000a5c                ActuatorsMgr::fbg()
 .text._ZN12ActuatorsMgr4obdlEv
                0x08000a7c       0x14 ..\obj\main.o
                0x08000a7c                ActuatorsMgr::obdl()
 .text._ZN12ActuatorsMgr4fbdlEv
                0x08000a90       0x14 ..\obj\main.o
                0x08000a90                ActuatorsMgr::fbdl()
 .text._ZN12ActuatorsMgr4obglEv
                0x08000aa4       0x14 ..\obj\main.o
                0x08000aa4                ActuatorsMgr::obgl()
 .text._ZN12ActuatorsMgr4fbglEv
                0x08000ab8       0x14 ..\obj\main.o
                0x08000ab8                ActuatorsMgr::fbgl()
 .text._ZN12ActuatorsMgr3ogdEv
                0x08000acc       0x20 ..\obj\main.o
                0x08000acc                ActuatorsMgr::ogd()
 .text._ZN12ActuatorsMgr3fgdEv
                0x08000aec       0x20 ..\obj\main.o
                0x08000aec                ActuatorsMgr::fgd()
 .text._ZN12ActuatorsMgr3gdiEv
                0x08000b0c       0x20 ..\obj\main.o
                0x08000b0c                ActuatorsMgr::gdi()
 .text._ZN12ActuatorsMgr3oggEv
                0x08000b2c       0x20 ..\obj\main.o
                0x08000b2c                ActuatorsMgr::ogg()
 .text._ZN12ActuatorsMgr3fggEv
                0x08000b4c       0x20 ..\obj\main.o
                0x08000b4c                ActuatorsMgr::fgg()
 .text._ZN12ActuatorsMgr3ggiEv
                0x08000b6c       0x20 ..\obj\main.o
                0x08000b6c                ActuatorsMgr::ggi()
 .text._ZN12ActuatorsMgr3ptdEv
                0x08000b8c       0x20 ..\obj\main.o
                0x08000b8c                ActuatorsMgr::ptd()
 .text._ZN12ActuatorsMgr3rtdEv
                0x08000bac       0x20 ..\obj\main.o
                0x08000bac                ActuatorsMgr::rtd()
 .text._ZN12ActuatorsMgr3ptgEv
                0x08000bcc       0x20 ..\obj\main.o
                0x08000bcc                ActuatorsMgr::ptg()
 .text._ZN12ActuatorsMgr3rtgEv
                0x08000bec       0x20 ..\obj\main.o
                0x08000bec                ActuatorsMgr::rtg()
 .text._ZN12ActuatorsMgr3cdhEv
                0x08000c0c       0x20 ..\obj\main.o
                0x08000c0c                ActuatorsMgr::cdh()
 .text._ZN12ActuatorsMgr3cdmEv
                0x08000c2c       0x20 ..\obj\main.o
                0x08000c2c                ActuatorsMgr::cdm()
 .text._ZN12ActuatorsMgr3cdbEv
                0x08000c4c       0x20 ..\obj\main.o
                0x08000c4c                ActuatorsMgr::cdb()
 .text._ZN12ActuatorsMgr3cghEv
                0x08000c6c       0x20 ..\obj\main.o
                0x08000c6c                ActuatorsMgr::cgh()
 .text._ZN12ActuatorsMgr3cgmEv
                0x08000c8c       0x20 ..\obj\main.o
                0x08000c8c                ActuatorsMgr::cgm()
 .text._ZN12ActuatorsMgr3cgbEv
                0x08000cac       0x20 ..\obj\main.o
                0x08000cac                ActuatorsMgr::cgb()
 .text._ZN12ActuatorsMgr2ahEv
                0x08000ccc       0x14 ..\obj\main.o
                0x08000ccc                ActuatorsMgr::ah()
 .text._ZN12ActuatorsMgr2abEv
                0x08000ce0       0x14 ..\obj\main.o
                0x08000ce0                ActuatorsMgr::ab()
 .text._ZN12ActuatorsMgr2asEv
                0x08000cf4       0x14 ..\obj\main.o
                0x08000cf4                ActuatorsMgr::as()
 .text._ZN12ActuatorsMgr2aeEv
                0x08000d08       0x14 ..\obj\main.o
                0x08000d08                ActuatorsMgr::ae()
 .text.main     0x08000d1c      0xcbc ..\obj\main.o
                0x08000d1c                main
 .text.TIM4_IRQHandler
                0x080019d8      0x138 ..\obj\main.o
                0x080019d8                TIM4_IRQHandler
 .text._ZN8side_defC2Ev
                0x08001b10       0x18 ..\obj\main.o
                0x08001b10                side_def::side_def()
                0x08001b10                side_def::side_def()
 .text._ZN9safe_enumI8side_defNS0_4typeEEC2ES1_
                0x08001b28       0x24 ..\obj\main.o
                0x08001b28                safe_enum<side_def, side_def::type>::safe_enum(side_def::type)
                0x08001b28                safe_enum<side_def, side_def::type>::safe_enum(side_def::type)
 .text._ZN9SingletonI12ActuatorsMgrEC2Ev
                0x08001b4c       0x18 ..\obj\main.o
                0x08001b4c                Singleton<ActuatorsMgr>::Singleton()
                0x08001b4c                Singleton<ActuatorsMgr>::Singleton()
 .text._ZN2AXI4UartILh2EEEC2Ehtt
                0x08001b64       0x40 ..\obj\main.o
                0x08001b64                AX<Uart<(unsigned char)2> >::AX(unsigned char, unsigned short, unsigned short)
                0x08001b64                AX<Uart<(unsigned char)2> >::AX(unsigned char, unsigned short, unsigned short)
 .text._ZN2AXI4UartILh2EEE4goToEt
                0x08001ba4       0x40 ..\obj\main.o
                0x08001ba4                AX<Uart<(unsigned char)2> >::goTo(unsigned short)
 .text._ZN4UartILh1EE4initEm
                0x08001be4      0x188 ..\obj\main.o
                0x08001be4                Uart<(unsigned char)1>::init(unsigned long)
 .text._ZN9SingletonI19MotionControlSystemE8InstanceEv
                0x08001d6c       0x70 ..\obj\main.o
                0x08001d6c                Singleton<MotionControlSystem>::Instance()
 .text._ZN4UartILh2EE4initEm
                0x08001ddc      0x188 ..\obj\main.o
                0x08001ddc                Uart<(unsigned char)2>::init(unsigned long)
 .text._ZN4UartILh1EE9availableEv
                0x08001f64       0x34 ..\obj\main.o
                0x08001f64                Uart<(unsigned char)1>::available()
 .text._ZN4UartILh1EE4readEPct
                0x08001f98       0xbc ..\obj\main.o
                0x08001f98                Uart<(unsigned char)1>::read(char*, unsigned short)
 .text._ZN4UartILh1EE8printflnEPKcz
                0x08002054       0x44 ..\obj\main.o
                0x08002054                Uart<(unsigned char)1>::printfln(char const*, ...)
 .text._ZN4UartILh1EE4readIiEEhRT_t
                0x08002098       0x40 ..\obj\main.o
                0x08002098                unsigned char Uart<(unsigned char)1>::read<int>(int&, unsigned short)
 .text._ZN4UartILh1EE4readERft
                0x080020d8       0x4c ..\obj\main.o
                0x080020d8                Uart<(unsigned char)1>::read(float&, unsigned short)
 .text._ZN4UartILh1EE4readIlEEhRT_t
                0x08002124       0x40 ..\obj\main.o
                0x08002124                unsigned char Uart<(unsigned char)1>::read<long>(long&, unsigned short)
 .text._ZN4UartILh2EE10disable_rxEv
                0x08002164       0x38 ..\obj\main.o
                0x08002164                Uart<(unsigned char)2>::disable_rx()
 .text._ZN2AXI4UartILh2EEE4initEtt
                0x0800219c       0x5c ..\obj\main.o
                0x0800219c                AX<Uart<(unsigned char)2> >::init(unsigned short, unsigned short)
 .text._ZN2AXI4UartILh2EEE9writeDataEhht
                0x080021f8       0xd0 ..\obj\main.o
                0x080021f8                AX<Uart<(unsigned char)2> >::writeData(unsigned char, unsigned char, unsigned short)
 .text._ZN4UartILh1EE9read_charERht
                0x080022c8       0xcc ..\obj\main.o
                0x080022c8                Uart<(unsigned char)1>::read_char(unsigned char&, unsigned short)
 .text._ZN4UartILh1EE5writeEPc
                0x08002394       0x48 ..\obj\main.o
                0x08002394                Uart<(unsigned char)1>::write(char*)
 .text._ZN4UartILh1EE7send_lnEv
                0x080023dc       0x18 ..\obj\main.o
                0x080023dc                Uart<(unsigned char)1>::send_ln()
 .text._ZN2AXI4UartILh2EEE10sendPacketEhhPh
                0x080023f4       0xb8 ..\obj\main.o
                0x080023f4                AX<Uart<(unsigned char)2> >::sendPacket(unsigned char, unsigned char, unsigned char*)
 .text._ZN4UartILh1EE9send_charEh
                0x080024ac       0x4c ..\obj\main.o
                0x080024ac                Uart<(unsigned char)1>::send_char(unsigned char)
 .text._ZN4UartILh2EE9send_charEh
                0x080024f8       0x4c ..\obj\main.o
                0x080024f8                Uart<(unsigned char)2>::send_char(unsigned char)
 .text.RCC_GetClocksFreq
                0x08002544      0x1cc ..\obj\stm32f4xx_rcc.o
                0x08002544                RCC_GetClocksFreq
 .text.RCC_AHB1PeriphClockCmd
                0x08002710       0x54 ..\obj\stm32f4xx_rcc.o
                0x08002710                RCC_AHB1PeriphClockCmd
 .text.RCC_APB1PeriphClockCmd
                0x08002764       0x54 ..\obj\stm32f4xx_rcc.o
                0x08002764                RCC_APB1PeriphClockCmd
 .text.RCC_APB2PeriphClockCmd
                0x080027b8       0x54 ..\obj\stm32f4xx_rcc.o
                0x080027b8                RCC_APB2PeriphClockCmd
 .text._ZN3PIDC2EPlPsS0_
                0x0800280c       0x74 ..\obj\MotionControlSystem.o
                0x0800280c                PID::PID(long*, short*, long*)
                0x0800280c                PID::PID(long*, short*, long*)
 .text._ZN3PID7computeEv
                0x08002880       0xd8 ..\obj\MotionControlSystem.o
                0x08002880                PID::compute()
 .text._ZN3PID10setTuningsEfff
                0x08002958       0xb8 ..\obj\MotionControlSystem.o
                0x08002958                PID::setTunings(float, float, float)
 .text._ZN3PID15setOutputLimitsEss
                0x08002a10       0x70 ..\obj\MotionControlSystem.o
                0x08002a10                PID::setOutputLimits(short, short)
 .text._ZN3PID22setControllerDirectionE9safe_enumI17pid_direction_defNS1_4typeEE
                0x08002a80       0x7c ..\obj\MotionControlSystem.o
                0x08002a80                PID::setControllerDirection(safe_enum<pid_direction_def, pid_direction_def::type>)
 .text._ZNK3PID8getErrorEv
                0x08002afc       0x18 ..\obj\MotionControlSystem.o
                0x08002afc                PID::getError() const
 .text._ZNK3PID18getDerivativeErrorEv
                0x08002b14       0x18 ..\obj\MotionControlSystem.o
                0x08002b14                PID::getDerivativeError() const
 .text._ZN19MotionControlSystemC2Ev
                0x08002b2c       0xf0 ..\obj\MotionControlSystem.o
                0x08002b2c                MotionControlSystem::MotionControlSystem()
                0x08002b2c                MotionControlSystem::MotionControlSystem()
 .text._ZN19MotionControlSystem4initEv
                0x08002c1c      0x108 ..\obj\MotionControlSystem.o
                0x08002c1c                MotionControlSystem::init()
 .text._ZN19MotionControlSystem17getPWMTranslationEv
                0x08002d24       0x1c ..\obj\MotionControlSystem.o
                0x08002d24                MotionControlSystem::getPWMTranslation()
 .text._ZN19MotionControlSystem14getPWMRotationEv
                0x08002d40       0x1c ..\obj\MotionControlSystem.o
                0x08002d40                MotionControlSystem::getPWMRotation()
 .text._ZN19MotionControlSystem18getTranslationGoalEv
                0x08002d5c       0x18 ..\obj\MotionControlSystem.o
                0x08002d5c                MotionControlSystem::getTranslationGoal()
 .text._ZN19MotionControlSystem15getRotationGoalEv
                0x08002d74       0x18 ..\obj\MotionControlSystem.o
                0x08002d74                MotionControlSystem::getRotationGoal()
 .text._ZN19MotionControlSystem14getLeftEncoderEv
                0x08002d8c       0x18 ..\obj\MotionControlSystem.o
                0x08002d8c                MotionControlSystem::getLeftEncoder()
 .text._ZN19MotionControlSystem15getRightEncoderEv
                0x08002da4       0x18 ..\obj\MotionControlSystem.o
                0x08002da4                MotionControlSystem::getRightEncoder()
 .text._ZN19MotionControlSystem15moveLeftEncoderEl
                0x08002dbc       0x20 ..\obj\MotionControlSystem.o
                0x08002dbc                MotionControlSystem::moveLeftEncoder(long)
 .text._ZN19MotionControlSystem16moveRightEncoderEl
                0x08002ddc       0x20 ..\obj\MotionControlSystem.o
                0x08002ddc                MotionControlSystem::moveRightEncoder(long)
 .text._ZN19MotionControlSystem6enableEb
                0x08002dfc       0x44 ..\obj\MotionControlSystem.o
                0x08002dfc                MotionControlSystem::enable(bool)
 .text._ZN19MotionControlSystem24enableTranslationControlEb
                0x08002e40       0x1c ..\obj\MotionControlSystem.o
                0x08002e40                MotionControlSystem::enableTranslationControl(bool)
 .text._ZN19MotionControlSystem21enableRotationControlEb
                0x08002e5c       0x1c ..\obj\MotionControlSystem.o
                0x08002e5c                MotionControlSystem::enableRotationControl(bool)
 .text._ZN19MotionControlSystem7controlEv
                0x08002e78       0x8c ..\obj\MotionControlSystem.o
                0x08002e78                MotionControlSystem::control()
 .text._ZN19MotionControlSystem19isPhysicallyStoppedEv
                0x08002f04       0x40 ..\obj\MotionControlSystem.o
                0x08002f04                MotionControlSystem::isPhysicallyStopped()
 .text._ZN19MotionControlSystem10manageStopEv
                0x08002f44      0x19c ..\obj\MotionControlSystem.o
                0x08002f44                MotionControlSystem::manageStop()
 .text._ZN19MotionControlSystem14updatePositionEv
                0x080030e0      0x138 ..\obj\MotionControlSystem.o
                0x080030e0                MotionControlSystem::updatePosition()
 .text._ZN19MotionControlSystem12optimumAngleEll
                0x08003218      0x108 ..\obj\MotionControlSystem.o
                0x08003218                MotionControlSystem::optimumAngle(long, long)
 .text._ZN19MotionControlSystem12applyControlEv
                0x08003320       0x64 ..\obj\MotionControlSystem.o
                0x08003320                MotionControlSystem::applyControl()
 *fill*         0x08003384        0x4 00
 .text._ZN19MotionControlSystem16orderTranslationEl
                0x08003388       0x68 ..\obj\MotionControlSystem.o
                0x08003388                MotionControlSystem::orderTranslation(long)
 .text._ZN19MotionControlSystem13orderRotationEf
                0x080033f0       0x70 ..\obj\MotionControlSystem.o
                0x080033f0                MotionControlSystem::orderRotation(float)
 .text._ZN19MotionControlSystem11orderRawPwmE9safe_enumI8side_defNS1_4typeEEs
                0x08003460       0x5c ..\obj\MotionControlSystem.o
                0x08003460                MotionControlSystem::orderRawPwm(safe_enum<side_def, side_def::type>, short)
 .text._ZN19MotionControlSystem4stopEv
                0x080034bc       0x68 ..\obj\MotionControlSystem.o
                0x080034bc                MotionControlSystem::stop()
 .text._ZN19MotionControlSystem21setTranslationTuningsEfff
                0x08003524       0x28 ..\obj\MotionControlSystem.o
                0x08003524                MotionControlSystem::setTranslationTunings(float, float, float)
 .text._ZN19MotionControlSystem18setRotationTuningsEfff
                0x0800354c       0x28 ..\obj\MotionControlSystem.o
                0x0800354c                MotionControlSystem::setRotationTunings(float, float, float)
 *fill*         0x08003574        0x4 00
 .text._ZNK19MotionControlSystem14getAngleRadianEv
                0x08003578       0x68 ..\obj\MotionControlSystem.o
                0x08003578                MotionControlSystem::getAngleRadian() const
 .text._ZN19MotionControlSystem4getXEv
                0x080035e0       0x1c ..\obj\MotionControlSystem.o
                0x080035e0                MotionControlSystem::getX()
 .text._ZN19MotionControlSystem4getYEv
                0x080035fc       0x1c ..\obj\MotionControlSystem.o
                0x080035fc                MotionControlSystem::getY()
 .text._ZN17pid_direction_defC2Ev
                0x08003618       0x18 ..\obj\MotionControlSystem.o
                0x08003618                pid_direction_def::pid_direction_def()
                0x08003618                pid_direction_def::pid_direction_def()
 .text._ZN9safe_enumI17pid_direction_defNS0_4typeEEC2ES1_
                0x08003630       0x24 ..\obj\MotionControlSystem.o
                0x08003630                safe_enum<pid_direction_def, pid_direction_def::type>::safe_enum(pid_direction_def::type)
                0x08003630                safe_enum<pid_direction_def, pid_direction_def::type>::safe_enum(pid_direction_def::type)
 .text._ZNK9safe_enumI17pid_direction_defNS0_4typeEEeqERKS2_
                0x08003654       0x28 ..\obj\MotionControlSystem.o
                0x08003654                safe_enum<pid_direction_def, pid_direction_def::type>::operator==(safe_enum<pid_direction_def, pid_direction_def::type> const&) const
 .text._ZN9SingletonI19MotionControlSystemEC2Ev
                0x0800367c       0x18 ..\obj\MotionControlSystem.o
                0x0800367c                Singleton<MotionControlSystem>::Singleton()
                0x0800367c                Singleton<MotionControlSystem>::Singleton()
 .text._ZNK9safe_enumI8side_defNS0_4typeEEeqERKS2_
                0x08003694       0x28 ..\obj\MotionControlSystem.o
                0x08003694                safe_enum<side_def, side_def::type>::operator==(safe_enum<side_def, side_def::type> const&) const
 .text.GPIO_Init
                0x080036bc      0x144 ..\obj\stm32f4xx_gpio.o
                0x080036bc                GPIO_Init
 .text.GPIO_StructInit
                0x08003800       0x3c ..\obj\stm32f4xx_gpio.o
                0x08003800                GPIO_StructInit
 .text.GPIO_SetBits
                0x0800383c       0x1c ..\obj\stm32f4xx_gpio.o
                0x0800383c                GPIO_SetBits
 .text.GPIO_ResetBits
                0x08003858       0x1c ..\obj\stm32f4xx_gpio.o
                0x08003858                GPIO_ResetBits
 .text.GPIO_PinAFConfig
                0x08003874       0xa8 ..\obj\stm32f4xx_gpio.o
                0x08003874                GPIO_PinAFConfig
 .text.SystemInit
                0x0800391c       0xb0 ..\obj\system_stm32f4xx.o
                0x0800391c                SystemInit
 .text.SetSysClock
                0x080039cc      0x1e0 ..\obj\system_stm32f4xx.o
 .text._sbrk    0x08003bac       0x5c ..\obj\syscalls.o
                0x08003bac                _sbrk
 .text._close   0x08003c08       0x18 ..\obj\syscalls.o
                0x08003c08                _close
 .text._fstat   0x08003c20       0x24 ..\obj\syscalls.o
                0x08003c20                _fstat
 .text._isatty  0x08003c44       0x18 ..\obj\syscalls.o
                0x08003c44                _isatty
 .text._lseek   0x08003c5c       0x1c ..\obj\syscalls.o
                0x08003c5c                _lseek
 .text._read    0x08003c78       0x1c ..\obj\syscalls.o
                0x08003c78                _read
 .text._write   0x08003c94       0x1c ..\obj\syscalls.o
                0x08003c94                _write
 .text.abort    0x08003cb0        0x8 ..\obj\syscalls.o
                0x08003cb0                abort
 .text.NVIC_Init
                0x08003cb8       0xe4 ..\obj\misc.o
                0x08003cb8                NVIC_Init
 .text.USART1_IRQHandler
                0x08003d9c       0x48 ..\obj\Uart_IT.o
                0x08003d9c                USART1_IRQHandler
 .text.USART2_IRQHandler
                0x08003de4       0x48 ..\obj\Uart_IT.o
                0x08003de4                USART2_IRQHandler
 .text.USART3_IRQHandler
                0x08003e2c       0x48 ..\obj\Uart_IT.o
                0x08003e2c                USART3_IRQHandler
 .text.UART4_IRQHandler
                0x08003e74       0x48 ..\obj\Uart_IT.o
                0x08003e74                UART4_IRQHandler
 .text.UART5_IRQHandler
                0x08003ebc       0x48 ..\obj\Uart_IT.o
                0x08003ebc                UART5_IRQHandler
 .text.USART6_IRQHandler
                0x08003f04       0x48 ..\obj\Uart_IT.o
                0x08003f04                USART6_IRQHandler
 .text._ZN4UartILh1EE10store_charEh
                0x08003f4c       0x7c ..\obj\Uart_IT.o
                0x08003f4c                Uart<(unsigned char)1>::store_char(unsigned char)
 .text._ZN4UartILh2EE10store_charEh
                0x08003fc8       0x7c ..\obj\Uart_IT.o
                0x08003fc8                Uart<(unsigned char)2>::store_char(unsigned char)
 .text._ZN4UartILh3EE10store_charEh
                0x08004044       0x7c ..\obj\Uart_IT.o
                0x08004044                Uart<(unsigned char)3>::store_char(unsigned char)
 .text._ZN4UartILh4EE10store_charEh
                0x080040c0       0x7c ..\obj\Uart_IT.o
                0x080040c0                Uart<(unsigned char)4>::store_char(unsigned char)
 .text._ZN4UartILh5EE10store_charEh
                0x0800413c       0x7c ..\obj\Uart_IT.o
                0x0800413c                Uart<(unsigned char)5>::store_char(unsigned char)
 .text._ZN4UartILh6EE10store_charEh
                0x080041b8       0x7c ..\obj\Uart_IT.o
                0x080041b8                Uart<(unsigned char)6>::store_char(unsigned char)
 .text._ZN5MotorC2E9safe_enumI8side_defNS1_4typeEE
                0x08004234       0xc4 ..\obj\Motor.o
                0x08004234                Motor::Motor(safe_enum<side_def, side_def::type>)
                0x08004234                Motor::Motor(safe_enum<side_def, side_def::type>)
 .text._ZN5Motor7initPWMEv
                0x080042f8      0x14c ..\obj\Motor.o
                0x080042f8                Motor::initPWM()
 .text._ZN5Motor3runEs
                0x08004444      0x10c ..\obj\Motor.o
                0x08004444                Motor::run(short)
 .text._ZN5Motor12setDirectionE9safe_enumI13direction_defNS1_4typeEE
                0x08004550       0xc0 ..\obj\Motor.o
                0x08004550                Motor::setDirection(safe_enum<direction_def, direction_def::type>)
 .text._ZN13direction_defC2Ev
                0x08004610       0x18 ..\obj\Motor.o
                0x08004610                direction_def::direction_def()
                0x08004610                direction_def::direction_def()
 .text._ZN9safe_enumI13direction_defNS0_4typeEEC2ES1_
                0x08004628       0x24 ..\obj\Motor.o
                0x08004628                safe_enum<direction_def, direction_def::type>::safe_enum(direction_def::type)
                0x08004628                safe_enum<direction_def, direction_def::type>::safe_enum(direction_def::type)
 .text._ZNK9safe_enumI13direction_defNS0_4typeEEeqERKS2_
                0x0800464c       0x28 ..\obj\Motor.o
                0x0800464c                safe_enum<direction_def, direction_def::type>::operator==(safe_enum<direction_def, direction_def::type> const&) const
 .text._ZN7CounterC2Ev
                0x08004674      0x1e8 ..\obj\Counter.o
                0x08004674                Counter::Counter()
                0x08004674                Counter::Counter()
 .text._ZN7Counter12getLeftValueEv
                0x0800485c       0x20 ..\obj\Counter.o
                0x0800485c                Counter::getLeftValue()
 .text._ZN7Counter13getRightValueEv
                0x0800487c       0x20 ..\obj\Counter.o
                0x0800487c                Counter::getRightValue()
 .text.TIM_TimeBaseInit
                0x0800489c       0xf4 ..\obj\stm32f4xx_tim.o
                0x0800489c                TIM_TimeBaseInit
 .text.TIM_TimeBaseStructInit
                0x08004990       0x3c ..\obj\stm32f4xx_tim.o
                0x08004990                TIM_TimeBaseStructInit
 .text.TIM_SetCounter
                0x080049cc       0x1c ..\obj\stm32f4xx_tim.o
                0x080049cc                TIM_SetCounter
 .text.TIM_GetCounter
                0x080049e8       0x18 ..\obj\stm32f4xx_tim.o
                0x080049e8                TIM_GetCounter
 .text.TIM_ARRPreloadConfig
                0x08004a00       0x40 ..\obj\stm32f4xx_tim.o
                0x08004a00                TIM_ARRPreloadConfig
 .text.TIM_Cmd  0x08004a40       0x40 ..\obj\stm32f4xx_tim.o
                0x08004a40                TIM_Cmd
 .text.TIM_OC1Init
                0x08004a80       0xfc ..\obj\stm32f4xx_tim.o
                0x08004a80                TIM_OC1Init
 .text.TIM_OC2Init
                0x08004b7c      0x128 ..\obj\stm32f4xx_tim.o
                0x08004b7c                TIM_OC2Init
 .text.TIM_OC1PreloadConfig
                0x08004ca4       0x38 ..\obj\stm32f4xx_tim.o
                0x08004ca4                TIM_OC1PreloadConfig
 .text.TIM_OC2PreloadConfig
                0x08004cdc       0x40 ..\obj\stm32f4xx_tim.o
                0x08004cdc                TIM_OC2PreloadConfig
 .text.TIM_ITConfig
                0x08004d1c       0x48 ..\obj\stm32f4xx_tim.o
                0x08004d1c                TIM_ITConfig
 .text.TIM_GetITStatus
                0x08004d64       0x60 ..\obj\stm32f4xx_tim.o
                0x08004d64                TIM_GetITStatus
 .text.TIM_ClearITPendingBit
                0x08004dc4       0x24 ..\obj\stm32f4xx_tim.o
                0x08004dc4                TIM_ClearITPendingBit
 .text.TIM_EncoderInterfaceConfig
                0x08004de8       0x94 ..\obj\stm32f4xx_tim.o
                0x08004de8                TIM_EncoderInterfaceConfig
 .text.__cxa_end_cleanup
                0x08004e7c        0xc ..\..\..\..\..\..\..\..\Program Files (x86)\GNU Tools ARM Embedded\4.7 2012q4\arm-none-eabi\lib\armv7e-m\softfp\libstdc++.a(eh_arm.o)
                0x08004e7c                __cxa_end_cleanup
 .text.__cxa_type_match
                0x08004e88       0xb0 ..\..\..\..\..\..\..\..\Program Files (x86)\GNU Tools ARM Embedded\4.7 2012q4\arm-none-eabi\lib\armv7e-m\softfp\libstdc++.a(eh_arm.o)
                0x08004e88                __cxa_type_match
 .text.__cxa_begin_cleanup
                0x08004f38       0x64 ..\..\..\..\..\..\..\..\Program Files (x86)\GNU Tools ARM Embedded\4.7 2012q4\arm-none-eabi\lib\armv7e-m\softfp\libstdc++.a(eh_arm.o)
                0x08004f38                __cxa_begin_cleanup
 .text.__gnu_end_cleanup
                0x08004f9c       0x74 ..\..\..\..\..\..\..\..\Program Files (x86)\GNU Tools ARM Embedded\4.7 2012q4\arm-none-eabi\lib\armv7e-m\softfp\libstdc++.a(eh_arm.o)
                0x08004f9c                __gnu_end_cleanup
 .text.__cxa_get_globals_fast
                0x08005010        0xc ..\..\..\..\..\..\..\..\Program Files (x86)\GNU Tools ARM Embedded\4.7 2012q4\arm-none-eabi\lib\armv7e-m\softfp\libstdc++.a(eh_globals.o)
                0x08005010                __cxa_get_globals_fast
 .text.__cxa_get_globals
                0x0800501c        0xc ..\..\..\..\..\..\..\..\Program Files (x86)\GNU Tools ARM Embedded\4.7 2012q4\arm-none-eabi\lib\armv7e-m\softfp\libstdc++.a(eh_globals.o)
                0x0800501c                __cxa_get_globals
 .text.__cxa_guard_acquire
                0x08005028       0x38 ..\..\..\..\..\..\..\..\Program Files (x86)\GNU Tools ARM Embedded\4.7 2012q4\arm-none-eabi\lib\armv7e-m\softfp\libstdc++.a(guard.o)
                0x08005028                __cxa_guard_acquire
 .text.__cxa_guard_abort
                0x08005060        0x8 ..\..\..\..\..\..\..\..\Program Files (x86)\GNU Tools ARM Embedded\4.7 2012q4\arm-none-eabi\lib\armv7e-m\softfp\libstdc++.a(guard.o)
                0x08005060                __cxa_guard_abort
 .text.__cxa_guard_release
                0x08005068        0x8 ..\..\..\..\..\..\..\..\Program Files (x86)\GNU Tools ARM Embedded\4.7 2012q4\arm-none-eabi\lib\armv7e-m\softfp\libstdc++.a(guard.o)
                0x08005068                __cxa_guard_release
 .text._ZNSt9exceptionD2Ev
                0x08005070        0xc ..\..\..\..\..\..\..\..\Program Files (x86)\GNU Tools ARM Embedded\4.7 2012q4\arm-none-eabi\lib\armv7e-m\softfp\libstdc++.a(eh_exception.o)
                0x08005070                std::exception::~exception()
                0x08005070                std::exception::~exception()
 .text._ZNSt13bad_exceptionD2Ev
                0x0800507c        0xc ..\..\..\..\..\..\..\..\Program Files (x86)\GNU Tools ARM Embedded\4.7 2012q4\arm-none-eabi\lib\armv7e-m\softfp\libstdc++.a(eh_exception.o)
                0x0800507c                std::bad_exception::~bad_exception()
                0x0800507c                std::bad_exception::~bad_exception()
 .text._ZNKSt9exception4whatEv
                0x08005088        0xc ..\..\..\..\..\..\..\..\Program Files (x86)\GNU Tools ARM Embedded\4.7 2012q4\arm-none-eabi\lib\armv7e-m\softfp\libstdc++.a(eh_exception.o)
                0x08005088                std::exception::what() const
 .text._ZNKSt13bad_exception4whatEv
                0x08005094        0xc ..\..\..\..\..\..\..\..\Program Files (x86)\GNU Tools ARM Embedded\4.7 2012q4\arm-none-eabi\lib\armv7e-m\softfp\libstdc++.a(eh_exception.o)
                0x08005094                std::bad_exception::what() const
 .text._ZNSt9exceptionD0Ev
                0x080050a0       0x14 ..\..\..\..\..\..\..\..\Program Files (x86)\GNU Tools ARM Embedded\4.7 2012q4\arm-none-eabi\lib\armv7e-m\softfp\libstdc++.a(eh_exception.o)
                0x080050a0                std::exception::~exception()
 .text._ZNSt13bad_exceptionD0Ev
                0x080050b4       0x14 ..\..\..\..\..\..\..\..\Program Files (x86)\GNU Tools ARM Embedded\4.7 2012q4\arm-none-eabi\lib\armv7e-m\softfp\libstdc++.a(eh_exception.o)
                0x080050b4                std::bad_exception::~bad_exception()
 .text._ZdlPv   0x080050c8        0x8 ..\..\..\..\..\..\..\..\Program Files (x86)\GNU Tools ARM Embedded\4.7 2012q4\arm-none-eabi\lib\armv7e-m\softfp\libstdc++.a(del_op.o)
                0x080050c8                operator delete(void*)
 .text._ZNK10__cxxabiv117__class_type_info11__do_upcastEPKS0_PPv
                0x080050d0       0x38 ..\..\..\..\..\..\..\..\Program Files (x86)\GNU Tools ARM Embedded\4.7 2012q4\arm-none-eabi\lib\armv7e-m\softfp\libstdc++.a(class_type_info.o)
                0x080050d0                __cxxabiv1::__class_type_info::__do_upcast(__cxxabiv1::__class_type_info const*, void**) const
 .text._ZNK10__cxxabiv117__class_type_info20__do_find_public_srcEiPKvPKS0_S2_
                0x08005108        0xc ..\..\..\..\..\..\..\..\Program Files (x86)\GNU Tools ARM Embedded\4.7 2012q4\arm-none-eabi\lib\armv7e-m\softfp\libstdc++.a(class_type_info.o)
                0x08005108                __cxxabiv1::__class_type_info::__do_find_public_src(int, void const*, __cxxabiv1::__class_type_info const*, void const*) const
 .text._ZNK10__cxxabiv117__class_type_info11__do_upcastEPKS0_PKvRNS0_15__upcast_resultE
                0x08005114       0x1c ..\..\..\..\..\..\..\..\Program Files (x86)\GNU Tools ARM Embedded\4.7 2012q4\arm-none-eabi\lib\armv7e-m\softfp\libstdc++.a(class_type_info.o)
                0x08005114                __cxxabiv1::__class_type_info::__do_upcast(__cxxabiv1::__class_type_info const*, void const*, __cxxabiv1::__class_type_info::__upcast_result&) const
 .text._ZN10__cxxabiv117__class_type_infoD2Ev
                0x08005130       0x14 ..\..\..\..\..\..\..\..\Program Files (x86)\GNU Tools ARM Embedded\4.7 2012q4\arm-none-eabi\lib\armv7e-m\softfp\libstdc++.a(class_type_info.o)
                0x08005130                __cxxabiv1::__class_type_info::~__class_type_info()
                0x08005130                __cxxabiv1::__class_type_info::~__class_type_info()
 .text._ZN10__cxxabiv117__class_type_infoD0Ev
                0x08005144       0x14 ..\..\..\..\..\..\..\..\Program Files (x86)\GNU Tools ARM Embedded\4.7 2012q4\arm-none-eabi\lib\armv7e-m\softfp\libstdc++.a(class_type_info.o)
                0x08005144                __cxxabiv1::__class_type_info::~__class_type_info()
 .text._ZNK10__cxxabiv117__class_type_info12__do_dyncastEiNS0_10__sub_kindEPKS0_PKvS3_S5_RNS0_16__dyncast_resultE
                0x08005158       0x40 ..\..\..\..\..\..\..\..\Program Files (x86)\GNU Tools ARM Embedded\4.7 2012q4\arm-none-eabi\lib\armv7e-m\softfp\libstdc++.a(class_type_info.o)
                0x08005158                __cxxabiv1::__class_type_info::__do_dyncast(int, __cxxabiv1::__class_type_info::__sub_kind, __cxxabiv1::__class_type_info const*, void const*, __cxxabiv1::__class_type_info const*, void const*, __cxxabiv1::__class_type_info::__dyncast_result&) const
 .text._ZNK10__cxxabiv117__class_type_info10__do_catchEPKSt9type_infoPPvj
                0x08005198       0x28 ..\..\..\..\..\..\..\..\Program Files (x86)\GNU Tools ARM Embedded\4.7 2012q4\arm-none-eabi\lib\armv7e-m\softfp\libstdc++.a(class_type_info.o)
                0x08005198                __cxxabiv1::__class_type_info::__do_catch(std::type_info const*, void**, unsigned int) const
 .text._ZL23__gxx_exception_cleanup19_Unwind_Reason_CodeP21_Unwind_Control_Block
                0x080051c0       0x44 ..\..\..\..\..\..\..\..\Program Files (x86)\GNU Tools ARM Embedded\4.7 2012q4\arm-none-eabi\lib\armv7e-m\softfp\libstdc++.a(eh_throw.o)
 .text.__cxa_throw
                0x08005204       0x7c ..\..\..\..\..\..\..\..\Program Files (x86)\GNU Tools ARM Embedded\4.7 2012q4\arm-none-eabi\lib\armv7e-m\softfp\libstdc++.a(eh_throw.o)
                0x08005204                __cxa_throw
 .text.__cxa_rethrow
                0x08005280       0x70 ..\..\..\..\..\..\..\..\Program Files (x86)\GNU Tools ARM Embedded\4.7 2012q4\arm-none-eabi\lib\armv7e-m\softfp\libstdc++.a(eh_throw.o)
                0x08005280                __cxa_rethrow
 .text._Znwj    0x080052f0       0x58 ..\..\..\..\..\..\..\..\Program Files (x86)\GNU Tools ARM Embedded\4.7 2012q4\arm-none-eabi\lib\armv7e-m\softfp\libstdc++.a(new_op.o)
                0x080052f0                operator new(unsigned int)
 .text._ZL12read_sleb128PKhPl
                0x08005348       0x3c ..\..\..\..\..\..\..\..\Program Files (x86)\GNU Tools ARM Embedded\4.7 2012q4\arm-none-eabi\lib\armv7e-m\softfp\libstdc++.a(eh_personality.o)
 .text._ZL28read_encoded_value_with_basehjPKhPj
                0x08005384       0xb0 ..\..\..\..\..\..\..\..\Program Files (x86)\GNU Tools ARM Embedded\4.7 2012q4\arm-none-eabi\lib\armv7e-m\softfp\libstdc++.a(eh_personality.o)
 .text._ZL21base_of_encoded_valuehP15_Unwind_Context
                0x08005434       0x4c ..\..\..\..\..\..\..\..\Program Files (x86)\GNU Tools ARM Embedded\4.7 2012q4\arm-none-eabi\lib\armv7e-m\softfp\libstdc++.a(eh_personality.o)
 .text._ZL17parse_lsda_headerP15_Unwind_ContextPKhP16lsda_header_info
                0x08005480       0x94 ..\..\..\..\..\..\..\..\Program Files (x86)\GNU Tools ARM Embedded\4.7 2012q4\arm-none-eabi\lib\armv7e-m\softfp\libstdc++.a(eh_personality.o)
 .text.__gxx_personality_v0
                0x08005514      0x3f8 ..\..\..\..\..\..\..\..\Program Files (x86)\GNU Tools ARM Embedded\4.7 2012q4\arm-none-eabi\lib\armv7e-m\softfp\libstdc++.a(eh_personality.o)
                0x08005514                __gxx_personality_v0
 .text.__cxa_allocate_exception
                0x0800590c       0x70 ..\..\..\..\..\..\..\..\Program Files (x86)\GNU Tools ARM Embedded\4.7 2012q4\arm-none-eabi\lib\armv7e-m\softfp\libstdc++.a(eh_alloc.o)
                0x0800590c                __cxa_allocate_exception
 .text.__cxa_free_exception
                0x0800597c       0x34 ..\..\..\..\..\..\..\..\Program Files (x86)\GNU Tools ARM Embedded\4.7 2012q4\arm-none-eabi\lib\armv7e-m\softfp\libstdc++.a(eh_alloc.o)
                0x0800597c                __cxa_free_exception
 .text._ZN10__cxxabiv111__terminateEPFvvE
                0x080059b0       0x28 ..\..\..\..\..\..\..\..\Program Files (x86)\GNU Tools ARM Embedded\4.7 2012q4\arm-none-eabi\lib\armv7e-m\softfp\libstdc++.a(eh_terminate.o)
                0x080059b0                __cxxabiv1::__terminate(void (*)())
 .text._ZSt9terminatev
                0x080059d8       0x10 ..\..\..\..\..\..\..\..\Program Files (x86)\GNU Tools ARM Embedded\4.7 2012q4\arm-none-eabi\lib\armv7e-m\softfp\libstdc++.a(eh_terminate.o)
                0x080059d8                std::terminate()
 .text._ZN10__cxxabiv112__unexpectedEPFvvE
                0x080059e8        0x8 ..\..\..\..\..\..\..\..\Program Files (x86)\GNU Tools ARM Embedded\4.7 2012q4\arm-none-eabi\lib\armv7e-m\softfp\libstdc++.a(eh_terminate.o)
                0x080059e8                __cxxabiv1::__unexpected(void (*)())
 .text._ZSt10unexpectedv
                0x080059f0       0x10 ..\..\..\..\..\..\..\..\Program Files (x86)\GNU Tools ARM Embedded\4.7 2012q4\arm-none-eabi\lib\armv7e-m\softfp\libstdc++.a(eh_terminate.o)
                0x080059f0                std::unexpected()
 .text._ZNSt9type_infoD2Ev
                0x08005a00        0xc ..\..\..\..\..\..\..\..\Program Files (x86)\GNU Tools ARM Embedded\4.7 2012q4\arm-none-eabi\lib\armv7e-m\softfp\libstdc++.a(tinfo.o)
                0x08005a00                std::type_info::~type_info()
                0x08005a00                std::type_info::~type_info()
 .text._ZNKSt9type_info14__is_pointer_pEv
                0x08005a0c        0x4 ..\..\..\..\..\..\..\..\Program Files (x86)\GNU Tools ARM Embedded\4.7 2012q4\arm-none-eabi\lib\armv7e-m\softfp\libstdc++.a(tinfo.o)
                0x08005a0c                std::type_info::__is_pointer_p() const
 .text._ZNKSt9type_info15__is_function_pEv
                0x08005a10        0x4 ..\..\..\..\..\..\..\..\Program Files (x86)\GNU Tools ARM Embedded\4.7 2012q4\arm-none-eabi\lib\armv7e-m\softfp\libstdc++.a(tinfo.o)
                0x08005a10                std::type_info::__is_function_p() const
 .text._ZNKSt9type_info11__do_upcastEPKN10__cxxabiv117__class_type_infoEPPv
                0x08005a14        0x4 ..\..\..\..\..\..\..\..\Program Files (x86)\GNU Tools ARM Embedded\4.7 2012q4\arm-none-eabi\lib\armv7e-m\softfp\libstdc++.a(tinfo.o)
                0x08005a14                std::type_info::__do_upcast(__cxxabiv1::__class_type_info const*, void**) const
 .text._ZNSt9type_infoD0Ev
                0x08005a18       0x14 ..\..\..\..\..\..\..\..\Program Files (x86)\GNU Tools ARM Embedded\4.7 2012q4\arm-none-eabi\lib\armv7e-m\softfp\libstdc++.a(tinfo.o)
                0x08005a18                std::type_info::~type_info()
 .text._ZNKSt9type_infoeqERKS_
                0x08005a2c       0x28 ..\..\..\..\..\..\..\..\Program Files (x86)\GNU Tools ARM Embedded\4.7 2012q4\arm-none-eabi\lib\armv7e-m\softfp\libstdc++.a(tinfo.o)
                0x08005a2c                std::type_info::operator==(std::type_info const&) const
 .text._ZNKSt9type_info10__do_catchEPKS_PPvj
                0x08005a54        0x4 ..\..\..\..\..\..\..\..\Program Files (x86)\GNU Tools ARM Embedded\4.7 2012q4\arm-none-eabi\lib\armv7e-m\softfp\libstdc++.a(tinfo.o)
                0x08005a54                std::type_info::__do_catch(std::type_info const*, void**, unsigned int) const
 .text._ZN9__gnu_cxx20recursive_init_errorD2Ev
                0x08005a58       0x14 ..\..\..\..\..\..\..\..\Program Files (x86)\GNU Tools ARM Embedded\4.7 2012q4\arm-none-eabi\lib\armv7e-m\softfp\libstdc++.a(guard_error.o)
                0x08005a58                __gnu_cxx::recursive_init_error::~recursive_init_error()
                0x08005a58                __gnu_cxx::recursive_init_error::~recursive_init_error()
 .text._ZN9__gnu_cxx20recursive_init_errorD0Ev
                0x08005a6c       0x14 ..\..\..\..\..\..\..\..\Program Files (x86)\GNU Tools ARM Embedded\4.7 2012q4\arm-none-eabi\lib\armv7e-m\softfp\libstdc++.a(guard_error.o)
                0x08005a6c                __gnu_cxx::recursive_init_error::~recursive_init_error()
 .text._ZNK10__cxxabiv120__si_class_type_info12__do_dyncastEiNS_17__class_type_info10__sub_kindEPKS1_PKvS4_S6_RNS1_16__dyncast_resultE
                0x08005a80       0x90 ..\..\..\..\..\..\..\..\Program Files (x86)\GNU Tools ARM Embedded\4.7 2012q4\arm-none-eabi\lib\armv7e-m\softfp\libstdc++.a(si_class_type_info.o)
                0x08005a80                __cxxabiv1::__si_class_type_info::__do_dyncast(int, __cxxabiv1::__class_type_info::__sub_kind, __cxxabiv1::__class_type_info const*, void const*, __cxxabiv1::__class_type_info const*, void const*, __cxxabiv1::__class_type_info::__dyncast_result&) const
 .text._ZN10__cxxabiv120__si_class_type_infoD2Ev
                0x08005b10       0x14 ..\..\..\..\..\..\..\..\Program Files (x86)\GNU Tools ARM Embedded\4.7 2012q4\arm-none-eabi\lib\armv7e-m\softfp\libstdc++.a(si_class_type_info.o)
                0x08005b10                __cxxabiv1::__si_class_type_info::~__si_class_type_info()
                0x08005b10                __cxxabiv1::__si_class_type_info::~__si_class_type_info()
 .text._ZN10__cxxabiv120__si_class_type_infoD0Ev
                0x08005b24       0x14 ..\..\..\..\..\..\..\..\Program Files (x86)\GNU Tools ARM Embedded\4.7 2012q4\arm-none-eabi\lib\armv7e-m\softfp\libstdc++.a(si_class_type_info.o)
                0x08005b24                __cxxabiv1::__si_class_type_info::~__si_class_type_info()
 .text._ZNK10__cxxabiv120__si_class_type_info11__do_upcastEPKNS_17__class_type_infoEPKvRNS1_15__upcast_resultE
                0x08005b38       0x24 ..\..\..\..\..\..\..\..\Program Files (x86)\GNU Tools ARM Embedded\4.7 2012q4\arm-none-eabi\lib\armv7e-m\softfp\libstdc++.a(si_class_type_info.o)
                0x08005b38                __cxxabiv1::__si_class_type_info::__do_upcast(__cxxabiv1::__class_type_info const*, void const*, __cxxabiv1::__class_type_info::__upcast_result&) const
 .text._ZNK10__cxxabiv120__si_class_type_info20__do_find_public_srcEiPKvPKNS_17__class_type_infoES2_
                0x08005b5c       0x34 ..\..\..\..\..\..\..\..\Program Files (x86)\GNU Tools ARM Embedded\4.7 2012q4\arm-none-eabi\lib\armv7e-m\softfp\libstdc++.a(si_class_type_info.o)
                0x08005b5c                __cxxabiv1::__si_class_type_info::__do_find_public_src(int, void const*, __cxxabiv1::__class_type_info const*, void const*) const
 .text._ZN10__cxxabiv1L24__is_gxx_exception_classEPc
                0x08005b90       0x3c ..\..\..\..\..\..\..\..\Program Files (x86)\GNU Tools ARM Embedded\4.7 2012q4\arm-none-eabi\lib\armv7e-m\softfp\libstdc++.a(eh_call.o)
 .text.__cxa_call_terminate
                0x08005bcc       0x20 ..\..\..\..\..\..\..\..\Program Files (x86)\GNU Tools ARM Embedded\4.7 2012q4\arm-none-eabi\lib\armv7e-m\softfp\libstdc++.a(eh_call.o)
                0x08005bcc                __cxa_call_terminate
 .text.__cxa_call_unexpected
                0x08005bec       0xe4 ..\..\..\..\..\..\..\..\Program Files (x86)\GNU Tools ARM Embedded\4.7 2012q4\arm-none-eabi\lib\armv7e-m\softfp\libstdc++.a(eh_call.o)
                0x08005bec                __cxa_call_unexpected
 .text._ZNKSt9bad_alloc4whatEv
                0x08005cd0        0xc ..\..\..\..\..\..\..\..\Program Files (x86)\GNU Tools ARM Embedded\4.7 2012q4\arm-none-eabi\lib\armv7e-m\softfp\libstdc++.a(bad_alloc.o)
                0x08005cd0                std::bad_alloc::what() const
 .text._ZNSt9bad_allocD2Ev
                0x08005cdc       0x14 ..\..\..\..\..\..\..\..\Program Files (x86)\GNU Tools ARM Embedded\4.7 2012q4\arm-none-eabi\lib\armv7e-m\softfp\libstdc++.a(bad_alloc.o)
                0x08005cdc                std::bad_alloc::~bad_alloc()
                0x08005cdc                std::bad_alloc::~bad_alloc()
 .text._ZNSt9bad_allocD0Ev
                0x08005cf0       0x14 ..\..\..\..\..\..\..\..\Program Files (x86)\GNU Tools ARM Embedded\4.7 2012q4\arm-none-eabi\lib\armv7e-m\softfp\libstdc++.a(bad_alloc.o)
                0x08005cf0                std::bad_alloc::~bad_alloc()
 .text.__cxa_begin_catch
                0x08005d04       0x8c ..\..\..\..\..\..\..\..\Program Files (x86)\GNU Tools ARM Embedded\4.7 2012q4\arm-none-eabi\lib\armv7e-m\softfp\libstdc++.a(eh_catch.o)
                0x08005d04                __cxa_begin_catch
 .text.__cxa_end_catch
                0x08005d90       0x8c ..\..\..\..\..\..\..\..\Program Files (x86)\GNU Tools ARM Embedded\4.7 2012q4\arm-none-eabi\lib\armv7e-m\softfp\libstdc++.a(eh_catch.o)
                0x08005d90                __cxa_end_catch
 .text._ZN9__gnu_cxx27__verbose_terminate_handlerEv
                0x08005e1c      0x110 ..\..\..\..\..\..\..\..\Program Files (x86)\GNU Tools ARM Embedded\4.7 2012q4\arm-none-eabi\lib\armv7e-m\softfp\libstdc++.a(vterminate.o)
                0x08005e1c                __gnu_cxx::__verbose_terminate_handler()
 .text.__cxa_current_exception_type
                0x08005f2c       0x1c ..\..\..\..\..\..\..\..\Program Files (x86)\GNU Tools ARM Embedded\4.7 2012q4\arm-none-eabi\lib\armv7e-m\softfp\libstdc++.a(eh_type.o)
                0x08005f2c                __cxa_current_exception_type
 .text          0x08005f48     0x9ad0 ..\..\..\..\..\..\..\..\Program Files (x86)\GNU Tools ARM Embedded\4.7 2012q4\arm-none-eabi\lib\armv7e-m\softfp\libstdc++.a(cp-demangle.o)
                0x0800f934                __cxa_demangle
                0x0800f9fc                __gcclibcxx_demangle_callback
 .text.cos      0x0800fa18       0x90 ..\..\..\..\..\..\..\..\Program Files (x86)\GNU Tools ARM Embedded\4.7 2012q4\arm-none-eabi\lib\armv7e-m\softfp\libm.a(lib_a-s_cos.o)
                0x0800fa18                cos
 .text.sin      0x0800faa8       0x98 ..\..\..\..\..\..\..\..\Program Files (x86)\GNU Tools ARM Embedded\4.7 2012q4\arm-none-eabi\lib\armv7e-m\softfp\libm.a(lib_a-s_sin.o)
                0x0800faa8                sin
 .text.__ieee754_rem_pio2
                0x0800fb40      0x488 ..\..\..\..\..\..\..\..\Program Files (x86)\GNU Tools ARM Embedded\4.7 2012q4\arm-none-eabi\lib\armv7e-m\softfp\libm.a(lib_a-e_rem_pio2.o)
                0x0800fb40                __ieee754_rem_pio2
 .text.__kernel_cos
                0x0800ffc8      0x258 ..\..\..\..\..\..\..\..\Program Files (x86)\GNU Tools ARM Embedded\4.7 2012q4\arm-none-eabi\lib\armv7e-m\softfp\libm.a(lib_a-k_cos.o)
                0x0800ffc8                __kernel_cos
 .text.__kernel_rem_pio2
                0x08010220      0xdec ..\..\..\..\..\..\..\..\Program Files (x86)\GNU Tools ARM Embedded\4.7 2012q4\arm-none-eabi\lib\armv7e-m\softfp\libm.a(lib_a-k_rem_pio2.o)
                0x08010220                __kernel_rem_pio2
 *fill*         0x0801100c        0x4 00
 .text.__kernel_sin
                0x08011010      0x170 ..\..\..\..\..\..\..\..\Program Files (x86)\GNU Tools ARM Embedded\4.7 2012q4\arm-none-eabi\lib\armv7e-m\softfp\libm.a(lib_a-k_sin.o)
                0x08011010                __kernel_sin
 .text.fabs     0x08011180        0x8 ..\..\..\..\..\..\..\..\Program Files (x86)\GNU Tools ARM Embedded\4.7 2012q4\arm-none-eabi\lib\armv7e-m\softfp\libm.a(lib_a-s_fabs.o)
                0x08011180                fabs
 .text.floor    0x08011188      0x110 ..\..\..\..\..\..\..\..\Program Files (x86)\GNU Tools ARM Embedded\4.7 2012q4\arm-none-eabi\lib\armv7e-m\softfp\libm.a(lib_a-s_floor.o)
                0x08011188                floor
 .text.scalbn   0x08011298      0x108 ..\..\..\..\..\..\..\..\Program Files (x86)\GNU Tools ARM Embedded\4.7 2012q4\arm-none-eabi\lib\armv7e-m\softfp\libm.a(lib_a-s_scalbn.o)
                0x08011298                scalbn
 .text.copysign
                0x080113a0       0x18 ..\..\..\..\..\..\..\..\Program Files (x86)\GNU Tools ARM Embedded\4.7 2012q4\arm-none-eabi\lib\armv7e-m\softfp\libm.a(lib_a-s_copysign.o)
                0x080113a0                copysign
 .text          0x080113b8      0x370 d:/program files (x86)/gnu tools arm embedded/4.7 2012q4/bin/../lib/gcc/arm-none-eabi/4.7.3/armv7e-m\libgcc.a(_arm_addsubdf3.o)
                0x080113b8                __aeabi_drsub
                0x080113c0                __aeabi_dsub
                0x080113c0                __subdf3
                0x080113c4                __aeabi_dadd
                0x080113c4                __adddf3
                0x0801163c                __floatunsidf
                0x0801163c                __aeabi_ui2d
                0x0801165c                __floatsidf
                0x0801165c                __aeabi_i2d
                0x08011680                __aeabi_f2d
                0x08011680                __extendsfdf2
                0x080116bc                __floatundidf
                0x080116bc                __aeabi_ul2d
                0x080116cc                __floatdidf
                0x080116cc                __aeabi_l2d
 .text          0x08011728      0x424 d:/program files (x86)/gnu tools arm embedded/4.7 2012q4/bin/../lib/gcc/arm-none-eabi/4.7.3/armv7e-m\libgcc.a(_arm_muldivdf3.o)
                0x08011728                __aeabi_dmul
                0x08011728                __muldf3
                0x0801197c                __divdf3
                0x0801197c                __aeabi_ddiv
 .text          0x08011b4c      0x110 d:/program files (x86)/gnu tools arm embedded/4.7 2012q4/bin/../lib/gcc/arm-none-eabi/4.7.3/armv7e-m\libgcc.a(_arm_cmpdf2.o)
                0x08011b4c                __gtdf2
                0x08011b4c                __gedf2
                0x08011b54                __ltdf2
                0x08011b54                __ledf2
                0x08011b5c                __nedf2
                0x08011b5c                __eqdf2
                0x08011b5c                __cmpdf2
                0x08011bd8                __aeabi_cdrcmple
                0x08011be8                __aeabi_cdcmpeq
                0x08011be8                __aeabi_cdcmple
                0x08011bf8                __aeabi_dcmpeq
                0x08011c0c                __aeabi_dcmplt
                0x08011c20                __aeabi_dcmple
                0x08011c34                __aeabi_dcmpge
                0x08011c48                __aeabi_dcmpgt
 .text          0x08011c5c       0x50 d:/program files (x86)/gnu tools arm embedded/4.7 2012q4/bin/../lib/gcc/arm-none-eabi/4.7.3/armv7e-m\libgcc.a(_arm_fixdfsi.o)
                0x08011c5c                __aeabi_d2iz
                0x08011c5c                __fixdfsi
 .text          0x08011cac       0xa0 d:/program files (x86)/gnu tools arm embedded/4.7 2012q4/bin/../lib/gcc/arm-none-eabi/4.7.3/armv7e-m\libgcc.a(_arm_truncdfsf2.o)
                0x08011cac                __truncdfsf2
                0x08011cac                __aeabi_d2f
 .text          0x08011d4c      0xba4 d:/program files (x86)/gnu tools arm embedded/4.7 2012q4/bin/../lib/gcc/arm-none-eabi/4.7.3/armv7e-m\libgcc.a(unwind-arm.o)
                0x08012010                _Unwind_GetCFA
                0x08012014                __gnu_Unwind_RaiseException
                0x08012074                __gnu_Unwind_ForcedUnwind
                0x0801208c                __gnu_Unwind_Resume
                0x080120d0                __gnu_Unwind_Resume_or_Rethrow
                0x080120e8                _Unwind_Complete
                0x080120ec                _Unwind_DeleteException
                0x080120fc                _Unwind_VRS_Get
                0x08012138                _Unwind_VRS_Set
                0x080124d4                __aeabi_unwind_cpp_pr2
                0x080124dc                __aeabi_unwind_cpp_pr1
                0x080124e4                __aeabi_unwind_cpp_pr0
                0x080124ec                __gnu_Unwind_Backtrace
                0x08012558                _Unwind_VRS_Pop
 .text          0x080128f0      0x1ac d:/program files (x86)/gnu tools arm embedded/4.7 2012q4/bin/../lib/gcc/arm-none-eabi/4.7.3/armv7e-m\libgcc.a(libunwind.o)
                0x080128f0                __restore_core_regs
                0x080128f0                restore_core_regs
                0x08012908                __gnu_Unwind_Restore_VFP
                0x08012910                __gnu_Unwind_Save_VFP
                0x08012918                __gnu_Unwind_Restore_VFP_D
                0x08012920                __gnu_Unwind_Save_VFP_D
                0x08012928                __gnu_Unwind_Restore_VFP_D_16_to_31
                0x08012930                __gnu_Unwind_Save_VFP_D_16_to_31
                0x08012938                __gnu_Unwind_Restore_WMMXD
                0x0801297c                __gnu_Unwind_Save_WMMXD
                0x080129c0                __gnu_Unwind_Restore_WMMXC
                0x080129d4                __gnu_Unwind_Save_WMMXC
                0x080129e8                ___Unwind_RaiseException
                0x080129e8                _Unwind_RaiseException
                0x08012a0c                _Unwind_Resume
                0x08012a0c                ___Unwind_Resume
                0x08012a30                _Unwind_Resume_or_Rethrow
                0x08012a30                ___Unwind_Resume_or_Rethrow
                0x08012a54                _Unwind_ForcedUnwind
                0x08012a54                ___Unwind_ForcedUnwind
                0x08012a78                ___Unwind_Backtrace
                0x08012a78                _Unwind_Backtrace
 .text          0x08012a9c      0x3a0 d:/program files (x86)/gnu tools arm embedded/4.7 2012q4/bin/../lib/gcc/arm-none-eabi/4.7.3/armv7e-m\libgcc.a(pr-support.o)
                0x08012ae8                __gnu_unwind_execute
                0x08012de4                __gnu_unwind_frame
                0x08012e0c                _Unwind_GetRegionStart
                0x08012e18                _Unwind_GetLanguageSpecificData
                0x08012e2c                _Unwind_GetDataRelBase
                0x08012e34                _Unwind_GetTextRelBase
 .text.atof     0x08012e3c        0x8 ..\..\..\..\..\..\..\..\Program Files (x86)\GNU Tools ARM Embedded\4.7 2012q4\arm-none-eabi\lib\armv7e-m\softfp\libg.a(lib_a-atof.o)
                0x08012e3c                atof
 .text.atol     0x08012e44        0x8 ..\..\..\..\..\..\..\..\Program Files (x86)\GNU Tools ARM Embedded\4.7 2012q4\arm-none-eabi\lib\armv7e-m\softfp\libg.a(lib_a-atol.o)
                0x08012e44                atol
 .text.fputc    0x08012e4c       0x2c ..\..\..\..\..\..\..\..\Program Files (x86)\GNU Tools ARM Embedded\4.7 2012q4\arm-none-eabi\lib\armv7e-m\softfp\libg.a(lib_a-fputc.o)
                0x08012e4c                fputc
 .text._fputs_r
                0x08012e78       0x50 ..\..\..\..\..\..\..\..\Program Files (x86)\GNU Tools ARM Embedded\4.7 2012q4\arm-none-eabi\lib\armv7e-m\softfp\libg.a(lib_a-fputs.o)
                0x08012e78                _fputs_r
 .text.fputs    0x08012ec8       0x18 ..\..\..\..\..\..\..\..\Program Files (x86)\GNU Tools ARM Embedded\4.7 2012q4\arm-none-eabi\lib\armv7e-m\softfp\libg.a(lib_a-fputs.o)
                0x08012ec8                fputs
 .text.__sfvwrite_r
                0x08012ee0      0x314 ..\..\..\..\..\..\..\..\Program Files (x86)\GNU Tools ARM Embedded\4.7 2012q4\arm-none-eabi\lib\armv7e-m\softfp\libg.a(lib_a-fvwrite.o)
                0x08012ee0                __sfvwrite_r
 .text._fwrite_r
                0x080131f4       0x60 ..\..\..\..\..\..\..\..\Program Files (x86)\GNU Tools ARM Embedded\4.7 2012q4\arm-none-eabi\lib\armv7e-m\softfp\libg.a(lib_a-fwrite.o)
                0x080131f4                _fwrite_r
 .text.fwrite   0x08013254       0x24 ..\..\..\..\..\..\..\..\Program Files (x86)\GNU Tools ARM Embedded\4.7 2012q4\arm-none-eabi\lib\armv7e-m\softfp\libg.a(lib_a-fwrite.o)
                0x08013254                fwrite
 .text.malloc   0x08013278       0x10 ..\..\..\..\..\..\..\..\Program Files (x86)\GNU Tools ARM Embedded\4.7 2012q4\arm-none-eabi\lib\armv7e-m\softfp\libg.a(lib_a-malloc.o)
                0x08013278                malloc
 .text.free     0x08013288       0x10 ..\..\..\..\..\..\..\..\Program Files (x86)\GNU Tools ARM Embedded\4.7 2012q4\arm-none-eabi\lib\armv7e-m\softfp\libg.a(lib_a-malloc.o)
                0x08013288                free
 .text._malloc_r
                0x08013298      0x55c ..\..\..\..\..\..\..\..\Program Files (x86)\GNU Tools ARM Embedded\4.7 2012q4\arm-none-eabi\lib\armv7e-m\softfp\libg.a(lib_a-mallocr.o)
                0x08013298                _malloc_r
 .text.memchr   0x080137f4      0x140 ..\..\..\..\..\..\..\..\Program Files (x86)\GNU Tools ARM Embedded\4.7 2012q4\arm-none-eabi\lib\armv7e-m\softfp\libg.a(lib_a-memchr.o)
                0x080137f4                memchr
 .text.memcmp   0x08013934       0xb8 ..\..\..\..\..\..\..\..\Program Files (x86)\GNU Tools ARM Embedded\4.7 2012q4\arm-none-eabi\lib\armv7e-m\softfp\libg.a(lib_a-memcmp.o)
                0x08013934                memcmp
 .text.memcpy   0x080139ec      0x144 ..\..\..\..\..\..\..\..\Program Files (x86)\GNU Tools ARM Embedded\4.7 2012q4\arm-none-eabi\lib\armv7e-m\softfp\libg.a(lib_a-memcpy.o)
                0x080139ec                memcpy
 .text.memmove  0x08013b30      0x198 ..\..\..\..\..\..\..\..\Program Files (x86)\GNU Tools ARM Embedded\4.7 2012q4\arm-none-eabi\lib\armv7e-m\softfp\libg.a(lib_a-memmove.o)
                0x08013b30                memmove
 .text.memset   0x08013cc8      0x12c ..\..\..\..\..\..\..\..\Program Files (x86)\GNU Tools ARM Embedded\4.7 2012q4\arm-none-eabi\lib\armv7e-m\softfp\libg.a(lib_a-memset.o)
                0x08013cc8                memset
 .text.__malloc_lock
                0x08013df4        0x4 ..\..\..\..\..\..\..\..\Program Files (x86)\GNU Tools ARM Embedded\4.7 2012q4\arm-none-eabi\lib\armv7e-m\softfp\libg.a(lib_a-mlock.o)
                0x08013df4                __malloc_lock
 .text.__malloc_unlock
                0x08013df8        0x4 ..\..\..\..\..\..\..\..\Program Files (x86)\GNU Tools ARM Embedded\4.7 2012q4\arm-none-eabi\lib\armv7e-m\softfp\libg.a(lib_a-mlock.o)
                0x08013df8                __malloc_unlock
 .text._putc_r  0x08013dfc       0x60 ..\..\..\..\..\..\..\..\Program Files (x86)\GNU Tools ARM Embedded\4.7 2012q4\arm-none-eabi\lib\armv7e-m\softfp\libg.a(lib_a-putc.o)
                0x08013dfc                _putc_r
 .text.realloc  0x08013e5c       0x18 ..\..\..\..\..\..\..\..\Program Files (x86)\GNU Tools ARM Embedded\4.7 2012q4\arm-none-eabi\lib\armv7e-m\softfp\libg.a(lib_a-realloc.o)
                0x08013e5c                realloc
 .text._realloc_r
                0x08013e74      0x3dc ..\..\..\..\..\..\..\..\Program Files (x86)\GNU Tools ARM Embedded\4.7 2012q4\arm-none-eabi\lib\armv7e-m\softfp\libg.a(lib_a-reallocr.o)
                0x08013e74                _realloc_r
 .text._sbrk_r  0x08014250       0x24 ..\..\..\..\..\..\..\..\Program Files (x86)\GNU Tools ARM Embedded\4.7 2012q4\arm-none-eabi\lib\armv7e-m\softfp\libg.a(lib_a-sbrkr.o)
                0x08014250                _sbrk_r
 .text.sprintf  0x08014274       0x50 ..\..\..\..\..\..\..\..\Program Files (x86)\GNU Tools ARM Embedded\4.7 2012q4\arm-none-eabi\lib\armv7e-m\softfp\libg.a(lib_a-sprintf.o)
                0x08014274                sprintf
 .text.strcmp   0x080142c4       0x80 ..\..\..\..\..\..\..\..\Program Files (x86)\GNU Tools ARM Embedded\4.7 2012q4\arm-none-eabi\lib\armv7e-m\softfp\libg.a(lib_a-strcmp.o)
                0x080142c4                strcmp
 .text.strcmp_unaligned
                0x08014344      0x15c ..\..\..\..\..\..\..\..\Program Files (x86)\GNU Tools ARM Embedded\4.7 2012q4\arm-none-eabi\lib\armv7e-m\softfp\libg.a(lib_a-strcmp.o)
 .text.strlen   0x080144a0       0x60 ..\..\..\..\..\..\..\..\Program Files (x86)\GNU Tools ARM Embedded\4.7 2012q4\arm-none-eabi\lib\armv7e-m\softfp\libg.a(lib_a-strlen.o)
                0x080144a0                strlen
 .text.strncmp  0x08014500      0x120 ..\..\..\..\..\..\..\..\Program Files (x86)\GNU Tools ARM Embedded\4.7 2012q4\arm-none-eabi\lib\armv7e-m\softfp\libg.a(lib_a-strncmp.o)
                0x08014500                strncmp
 .text._strtod_r
                0x08014620      0xeb0 ..\..\..\..\..\..\..\..\Program Files (x86)\GNU Tools ARM Embedded\4.7 2012q4\arm-none-eabi\lib\armv7e-m\softfp\libg.a(lib_a-strtod.o)
                0x08014620                _strtod_r
 .text.strtod   0x080154d0       0x18 ..\..\..\..\..\..\..\..\Program Files (x86)\GNU Tools ARM Embedded\4.7 2012q4\arm-none-eabi\lib\armv7e-m\softfp\libg.a(lib_a-strtod.o)
                0x080154d0                strtod
 .text._strtol_r
                0x080154e8      0x134 ..\..\..\..\..\..\..\..\Program Files (x86)\GNU Tools ARM Embedded\4.7 2012q4\arm-none-eabi\lib\armv7e-m\softfp\libg.a(lib_a-strtol.o)
                0x080154e8                _strtol_r
 .text.strtol   0x0801561c       0x1c ..\..\..\..\..\..\..\..\Program Files (x86)\GNU Tools ARM Embedded\4.7 2012q4\arm-none-eabi\lib\armv7e-m\softfp\libg.a(lib_a-strtol.o)
                0x0801561c                strtol
 .text._svfprintf_r
                0x08015638     0x1adc ..\..\..\..\..\..\..\..\Program Files (x86)\GNU Tools ARM Embedded\4.7 2012q4\arm-none-eabi\lib\armv7e-m\softfp\libg.a(lib_a-svfprintf.o)
                0x08015638                _svfprintf_r
 .text._vsnprintf_r
                0x08017114       0x58 ..\..\..\..\..\..\..\..\Program Files (x86)\GNU Tools ARM Embedded\4.7 2012q4\arm-none-eabi\lib\armv7e-m\softfp\libg.a(lib_a-vsnprintf.o)
                0x08017114                _vsnprintf_r
 .text.vsnprintf
                0x0801716c       0x24 ..\..\..\..\..\..\..\..\Program Files (x86)\GNU Tools ARM Embedded\4.7 2012q4\arm-none-eabi\lib\armv7e-m\softfp\libg.a(lib_a-vsnprintf.o)
                0x0801716c                vsnprintf
 .text.__swbuf_r
                0x08017190       0xbc ..\..\..\..\..\..\..\..\Program Files (x86)\GNU Tools ARM Embedded\4.7 2012q4\arm-none-eabi\lib\armv7e-m\softfp\libg.a(lib_a-wbuf.o)
                0x08017190                __swbuf_r
 .text._write_r
                0x0801724c       0x28 ..\..\..\..\..\..\..\..\Program Files (x86)\GNU Tools ARM Embedded\4.7 2012q4\arm-none-eabi\lib\armv7e-m\softfp\libg.a(lib_a-writer.o)
                0x0801724c                _write_r
 .text.__swsetup_r
                0x08017274       0xc4 ..\..\..\..\..\..\..\..\Program Files (x86)\GNU Tools ARM Embedded\4.7 2012q4\arm-none-eabi\lib\armv7e-m\softfp\libg.a(lib_a-wsetup.o)
                0x08017274                __swsetup_r
 .text.quorem   0x08017338      0x2ec ..\..\..\..\..\..\..\..\Program Files (x86)\GNU Tools ARM Embedded\4.7 2012q4\arm-none-eabi\lib\armv7e-m\softfp\libg.a(lib_a-dtoa.o)
 *fill*         0x08017624        0x4 00
 .text._dtoa_r  0x08017628     0x1260 ..\..\..\..\..\..\..\..\Program Files (x86)\GNU Tools ARM Embedded\4.7 2012q4\arm-none-eabi\lib\armv7e-m\softfp\libg.a(lib_a-dtoa.o)
                0x08017628                _dtoa_r
 .text._fflush_r
                0x08018888      0x168 ..\..\..\..\..\..\..\..\Program Files (x86)\GNU Tools ARM Embedded\4.7 2012q4\arm-none-eabi\lib\armv7e-m\softfp\libg.a(lib_a-fflush.o)
                0x08018888                _fflush_r
 .text._cleanup_r
                0x080189f0        0xc ..\..\..\..\..\..\..\..\Program Files (x86)\GNU Tools ARM Embedded\4.7 2012q4\arm-none-eabi\lib\armv7e-m\softfp\libg.a(lib_a-findfp.o)
                0x080189f0                _cleanup_r
 .text.std.isra.0
                0x080189fc       0x50 ..\..\..\..\..\..\..\..\Program Files (x86)\GNU Tools ARM Embedded\4.7 2012q4\arm-none-eabi\lib\armv7e-m\softfp\libg.a(lib_a-findfp.o)
 .text.__sinit  0x08018a4c       0x4c ..\..\..\..\..\..\..\..\Program Files (x86)\GNU Tools ARM Embedded\4.7 2012q4\arm-none-eabi\lib\armv7e-m\softfp\libg.a(lib_a-findfp.o)
                0x08018a4c                __sinit
 .text.__sfp_lock_acquire
                0x08018a98        0x4 ..\..\..\..\..\..\..\..\Program Files (x86)\GNU Tools ARM Embedded\4.7 2012q4\arm-none-eabi\lib\armv7e-m\softfp\libg.a(lib_a-findfp.o)
                0x08018a98                __sfp_lock_acquire
 .text.__sfp_lock_release
                0x08018a9c        0x4 ..\..\..\..\..\..\..\..\Program Files (x86)\GNU Tools ARM Embedded\4.7 2012q4\arm-none-eabi\lib\armv7e-m\softfp\libg.a(lib_a-findfp.o)
                0x08018a9c                __sfp_lock_release
 .text._malloc_trim_r
                0x08018aa0       0x98 ..\..\..\..\..\..\..\..\Program Files (x86)\GNU Tools ARM Embedded\4.7 2012q4\arm-none-eabi\lib\armv7e-m\softfp\libg.a(lib_a-freer.o)
                0x08018aa0                _malloc_trim_r
 .text._free_r  0x08018b38      0x194 ..\..\..\..\..\..\..\..\Program Files (x86)\GNU Tools ARM Embedded\4.7 2012q4\arm-none-eabi\lib\armv7e-m\softfp\libg.a(lib_a-freer.o)
                0x08018b38                _free_r
 .text._fwalk   0x08018ccc       0xb8 ..\..\..\..\..\..\..\..\Program Files (x86)\GNU Tools ARM Embedded\4.7 2012q4\arm-none-eabi\lib\armv7e-m\softfp\libg.a(lib_a-fwalk.o)
                0x08018ccc                _fwalk
 .text.rshift   0x08018d84      0x13c ..\..\..\..\..\..\..\..\Program Files (x86)\GNU Tools ARM Embedded\4.7 2012q4\arm-none-eabi\lib\armv7e-m\softfp\libg.a(lib_a-gdtoa-gethex.o)
 .text.__hexdig_init
                0x08018ec0       0x50 ..\..\..\..\..\..\..\..\Program Files (x86)\GNU Tools ARM Embedded\4.7 2012q4\arm-none-eabi\lib\armv7e-m\softfp\libg.a(lib_a-gdtoa-gethex.o)
                0x08018ec0                __hexdig_init
 .text.__gethex
                0x08018f10      0x58c ..\..\..\..\..\..\..\..\Program Files (x86)\GNU Tools ARM Embedded\4.7 2012q4\arm-none-eabi\lib\armv7e-m\softfp\libg.a(lib_a-gdtoa-gethex.o)
                0x08018f10                __gethex
 .text.__hexnan
                0x0801949c      0x2f0 ..\..\..\..\..\..\..\..\Program Files (x86)\GNU Tools ARM Embedded\4.7 2012q4\arm-none-eabi\lib\armv7e-m\softfp\libg.a(lib_a-gdtoa-hexnan.o)
                0x0801949c                __hexnan
 .text._localeconv_r
                0x0801978c        0xc ..\..\..\..\..\..\..\..\Program Files (x86)\GNU Tools ARM Embedded\4.7 2012q4\arm-none-eabi\lib\armv7e-m\softfp\libg.a(lib_a-locale.o)
                0x0801978c                _localeconv_r
 .text.__smakebuf_r
                0x08019798       0xe8 ..\..\..\..\..\..\..\..\Program Files (x86)\GNU Tools ARM Embedded\4.7 2012q4\arm-none-eabi\lib\armv7e-m\softfp\libg.a(lib_a-makebuf.o)
                0x08019798                __smakebuf_r
 .text._Balloc  0x08019880       0x4c ..\..\..\..\..\..\..\..\Program Files (x86)\GNU Tools ARM Embedded\4.7 2012q4\arm-none-eabi\lib\armv7e-m\softfp\libg.a(lib_a-mprec.o)
                0x08019880                _Balloc
 .text._Bfree   0x080198cc       0x14 ..\..\..\..\..\..\..\..\Program Files (x86)\GNU Tools ARM Embedded\4.7 2012q4\arm-none-eabi\lib\armv7e-m\softfp\libg.a(lib_a-mprec.o)
                0x080198cc                _Bfree
 .text.__multadd
                0x080198e0       0xf8 ..\..\..\..\..\..\..\..\Program Files (x86)\GNU Tools ARM Embedded\4.7 2012q4\arm-none-eabi\lib\armv7e-m\softfp\libg.a(lib_a-mprec.o)
                0x080198e0                __multadd
 .text.__s2b    0x080199d8      0x140 ..\..\..\..\..\..\..\..\Program Files (x86)\GNU Tools ARM Embedded\4.7 2012q4\arm-none-eabi\lib\armv7e-m\softfp\libg.a(lib_a-mprec.o)
                0x080199d8                __s2b
 .text.__hi0bits
                0x08019b18       0x3c ..\..\..\..\..\..\..\..\Program Files (x86)\GNU Tools ARM Embedded\4.7 2012q4\arm-none-eabi\lib\armv7e-m\softfp\libg.a(lib_a-mprec.o)
                0x08019b18                __hi0bits
 .text.__lo0bits
                0x08019b54       0x5c ..\..\..\..\..\..\..\..\Program Files (x86)\GNU Tools ARM Embedded\4.7 2012q4\arm-none-eabi\lib\armv7e-m\softfp\libg.a(lib_a-mprec.o)
                0x08019b54                __lo0bits
 .text.__i2b    0x08019bb0       0x14 ..\..\..\..\..\..\..\..\Program Files (x86)\GNU Tools ARM Embedded\4.7 2012q4\arm-none-eabi\lib\armv7e-m\softfp\libg.a(lib_a-mprec.o)
                0x08019bb0                __i2b
 .text.__multiply
                0x08019bc4      0x2d0 ..\..\..\..\..\..\..\..\Program Files (x86)\GNU Tools ARM Embedded\4.7 2012q4\arm-none-eabi\lib\armv7e-m\softfp\libg.a(lib_a-mprec.o)
                0x08019bc4                __multiply
 .text.__pow5mult
                0x08019e94       0x94 ..\..\..\..\..\..\..\..\Program Files (x86)\GNU Tools ARM Embedded\4.7 2012q4\arm-none-eabi\lib\armv7e-m\softfp\libg.a(lib_a-mprec.o)
                0x08019e94                __pow5mult
 .text.__lshift
                0x08019f28      0x188 ..\..\..\..\..\..\..\..\Program Files (x86)\GNU Tools ARM Embedded\4.7 2012q4\arm-none-eabi\lib\armv7e-m\softfp\libg.a(lib_a-mprec.o)
                0x08019f28                __lshift
 .text.__mcmp   0x0801a0b0       0x5c ..\..\..\..\..\..\..\..\Program Files (x86)\GNU Tools ARM Embedded\4.7 2012q4\arm-none-eabi\lib\armv7e-m\softfp\libg.a(lib_a-mprec.o)
                0x0801a0b0                __mcmp
 .text.__mdiff  0x0801a10c      0x20c ..\..\..\..\..\..\..\..\Program Files (x86)\GNU Tools ARM Embedded\4.7 2012q4\arm-none-eabi\lib\armv7e-m\softfp\libg.a(lib_a-mprec.o)
                0x0801a10c                __mdiff
 .text.__ulp    0x0801a318       0x44 ..\..\..\..\..\..\..\..\Program Files (x86)\GNU Tools ARM Embedded\4.7 2012q4\arm-none-eabi\lib\armv7e-m\softfp\libg.a(lib_a-mprec.o)
                0x0801a318                __ulp
 .text.__b2d    0x0801a35c       0xbc ..\..\..\..\..\..\..\..\Program Files (x86)\GNU Tools ARM Embedded\4.7 2012q4\arm-none-eabi\lib\armv7e-m\softfp\libg.a(lib_a-mprec.o)
                0x0801a35c                __b2d
 .text.__d2b    0x0801a418       0xc0 ..\..\..\..\..\..\..\..\Program Files (x86)\GNU Tools ARM Embedded\4.7 2012q4\arm-none-eabi\lib\armv7e-m\softfp\libg.a(lib_a-mprec.o)
                0x0801a418                __d2b
 .text.__ratio  0x0801a4d8       0x54 ..\..\..\..\..\..\..\..\Program Files (x86)\GNU Tools ARM Embedded\4.7 2012q4\arm-none-eabi\lib\armv7e-m\softfp\libg.a(lib_a-mprec.o)
                0x0801a4d8                __ratio
 .text.__copybits
                0x0801a52c       0xa4 ..\..\..\..\..\..\..\..\Program Files (x86)\GNU Tools ARM Embedded\4.7 2012q4\arm-none-eabi\lib\armv7e-m\softfp\libg.a(lib_a-mprec.o)
                0x0801a52c                __copybits
 .text.__any_on
                0x0801a5d0       0x74 ..\..\..\..\..\..\..\..\Program Files (x86)\GNU Tools ARM Embedded\4.7 2012q4\arm-none-eabi\lib\armv7e-m\softfp\libg.a(lib_a-mprec.o)
                0x0801a5d0                __any_on
 .text.__fpclassifyd
                0x0801a644       0x68 ..\..\..\..\..\..\..\..\Program Files (x86)\GNU Tools ARM Embedded\4.7 2012q4\arm-none-eabi\lib\armv7e-m\softfp\libg.a(lib_a-s_fpclassify.o)
                0x0801a644                __fpclassifyd
 .text.__sread  0x0801a6ac       0x24 ..\..\..\..\..\..\..\..\Program Files (x86)\GNU Tools ARM Embedded\4.7 2012q4\arm-none-eabi\lib\armv7e-m\softfp\libg.a(lib_a-stdio.o)
                0x0801a6ac                __sread
 .text.__swrite
                0x0801a6d0       0x44 ..\..\..\..\..\..\..\..\Program Files (x86)\GNU Tools ARM Embedded\4.7 2012q4\arm-none-eabi\lib\armv7e-m\softfp\libg.a(lib_a-stdio.o)
                0x0801a6d0                __swrite
 .text.__sseek  0x0801a714       0x24 ..\..\..\..\..\..\..\..\Program Files (x86)\GNU Tools ARM Embedded\4.7 2012q4\arm-none-eabi\lib\armv7e-m\softfp\libg.a(lib_a-stdio.o)
                0x0801a714                __sseek
 .text.__sclose
                0x0801a738        0x8 ..\..\..\..\..\..\..\..\Program Files (x86)\GNU Tools ARM Embedded\4.7 2012q4\arm-none-eabi\lib\armv7e-m\softfp\libg.a(lib_a-stdio.o)
                0x0801a738                __sclose
 .text.__ssprint_r
                0x0801a740      0x100 ..\..\..\..\..\..\..\..\Program Files (x86)\GNU Tools ARM Embedded\4.7 2012q4\arm-none-eabi\lib\armv7e-m\softfp\libg.a(lib_a-svfiprintf.o)
                0x0801a740                __ssprint_r
 .text._calloc_r
                0x0801a840       0x60 ..\..\..\..\..\..\..\..\Program Files (x86)\GNU Tools ARM Embedded\4.7 2012q4\arm-none-eabi\lib\armv7e-m\softfp\libg.a(lib_a-callocr.o)
                0x0801a840                _calloc_r
 .text._close_r
                0x0801a8a0       0x24 ..\..\..\..\..\..\..\..\Program Files (x86)\GNU Tools ARM Embedded\4.7 2012q4\arm-none-eabi\lib\armv7e-m\softfp\libg.a(lib_a-closer.o)
                0x0801a8a0                _close_r
 .text._fclose_r
                0x0801a8c4       0x94 ..\..\..\..\..\..\..\..\Program Files (x86)\GNU Tools ARM Embedded\4.7 2012q4\arm-none-eabi\lib\armv7e-m\softfp\libg.a(lib_a-fclose.o)
                0x0801a8c4                _fclose_r
 .text.fclose   0x0801a958       0x10 ..\..\..\..\..\..\..\..\Program Files (x86)\GNU Tools ARM Embedded\4.7 2012q4\arm-none-eabi\lib\armv7e-m\softfp\libg.a(lib_a-fclose.o)
                0x0801a958                fclose
 .text._fstat_r
                0x0801a968       0x28 ..\..\..\..\..\..\..\..\Program Files (x86)\GNU Tools ARM Embedded\4.7 2012q4\arm-none-eabi\lib\armv7e-m\softfp\libg.a(lib_a-fstatr.o)
                0x0801a968                _fstat_r
 .text._isatty_r
                0x0801a990       0x24 ..\..\..\..\..\..\..\..\Program Files (x86)\GNU Tools ARM Embedded\4.7 2012q4\arm-none-eabi\lib\armv7e-m\softfp\libg.a(lib_a-isattyr.o)
                0x0801a990                _isatty_r
 .text._lseek_r
                0x0801a9b4       0x28 ..\..\..\..\..\..\..\..\Program Files (x86)\GNU Tools ARM Embedded\4.7 2012q4\arm-none-eabi\lib\armv7e-m\softfp\libg.a(lib_a-lseekr.o)
                0x0801a9b4                _lseek_r
 .text._read_r  0x0801a9dc       0x28 ..\..\..\..\..\..\..\..\Program Files (x86)\GNU Tools ARM Embedded\4.7 2012q4\arm-none-eabi\lib\armv7e-m\softfp\libg.a(lib_a-readr.o)
                0x0801a9dc                _read_r
 .text          0x0801aa04       0x40 d:/program files (x86)/gnu tools arm embedded/4.7 2012q4/bin/../lib/gcc/arm-none-eabi/4.7.3/armv7e-m\libgcc.a(_arm_fixunsdfsi.o)
                0x0801aa04                __aeabi_d2uiz
                0x0801aa04                __fixunsdfsi
 .text          0x0801aa44       0x2c d:/program files (x86)/gnu tools arm embedded/4.7 2012q4/bin/../lib/gcc/arm-none-eabi/4.7.3/armv7e-m\libgcc.a(_aeabi_uldivmod.o)
                0x0801aa44                __aeabi_uldivmod
 .text          0x0801aa70       0x58 d:/program files (x86)/gnu tools arm embedded/4.7 2012q4/bin/../lib/gcc/arm-none-eabi/4.7.3/armv7e-m\libgcc.a(bpabi.o)
                0x0801aa70                __gnu_ldivmod_helper
                0x0801aa9c                __gnu_uldivmod_helper
 .text          0x0801aac8        0x4 d:/program files (x86)/gnu tools arm embedded/4.7 2012q4/bin/../lib/gcc/arm-none-eabi/4.7.3/armv7e-m\libgcc.a(_dvmd_tls.o)
                0x0801aac8                __aeabi_idiv0
                0x0801aac8                __aeabi_ldiv0
 .text          0x0801aacc      0x2bc d:/program files (x86)/gnu tools arm embedded/4.7 2012q4/bin/../lib/gcc/arm-none-eabi/4.7.3/armv7e-m\libgcc.a(_divdi3.o)
                0x0801aacc                __divdi3
 .text          0x0801ad88      0x288 d:/program files (x86)/gnu tools arm embedded/4.7 2012q4/bin/../lib/gcc/arm-none-eabi/4.7.3/armv7e-m\libgcc.a(_udivdi3.o)
                0x0801ad88                __udivdi3
 *(.glue_7t)
 .glue_7t       0x00000000        0x0 linker stubs
 *(.glue_7)
 .glue_7        0x00000000        0x0 linker stubs
 *(.rodata .rodata* .gnu.linkonce.r.*)
 .rodata        0x0801b010      0x3cc ..\obj\main.o
 *fill*         0x0801b3dc        0x4 00
 .rodata._ZTVSt9exception
                0x0801b3e0       0x18 ..\..\..\..\..\..\..\..\Program Files (x86)\GNU Tools ARM Embedded\4.7 2012q4\arm-none-eabi\lib\armv7e-m\softfp\libstdc++.a(eh_exception.o)
                0x0801b3e0                vtable for std::exception
 .rodata._ZTIN10__cxxabiv115__forced_unwindE
                0x0801b3f8        0x8 ..\..\..\..\..\..\..\..\Program Files (x86)\GNU Tools ARM Embedded\4.7 2012q4\arm-none-eabi\lib\armv7e-m\softfp\libstdc++.a(eh_exception.o)
                0x0801b3f8                typeinfo for __cxxabiv1::__forced_unwind
 .rodata._ZTISt9exception
                0x0801b400        0x8 ..\..\..\..\..\..\..\..\Program Files (x86)\GNU Tools ARM Embedded\4.7 2012q4\arm-none-eabi\lib\armv7e-m\softfp\libstdc++.a(eh_exception.o)
                0x0801b400                typeinfo for std::exception
 .rodata._ZTSSt13bad_exception
                0x0801b408       0x14 ..\..\..\..\..\..\..\..\Program Files (x86)\GNU Tools ARM Embedded\4.7 2012q4\arm-none-eabi\lib\armv7e-m\softfp\libstdc++.a(eh_exception.o)
                0x0801b408                typeinfo name for std::bad_exception
 .rodata.str1.4
                0x0801b41c       0x23 ..\..\..\..\..\..\..\..\Program Files (x86)\GNU Tools ARM Embedded\4.7 2012q4\arm-none-eabi\lib\armv7e-m\softfp\libstdc++.a(eh_exception.o)
                                 0x24 (size before relaxing)
 *fill*         0x0801b43f        0x1 00
 .rodata._ZTSN10__cxxabiv119__foreign_exceptionE
                0x0801b440       0x24 ..\..\..\..\..\..\..\..\Program Files (x86)\GNU Tools ARM Embedded\4.7 2012q4\arm-none-eabi\lib\armv7e-m\softfp\libstdc++.a(eh_exception.o)
                0x0801b440                typeinfo name for __cxxabiv1::__foreign_exception
 .rodata._ZTIN10__cxxabiv119__foreign_exceptionE
                0x0801b464        0x8 ..\..\..\..\..\..\..\..\Program Files (x86)\GNU Tools ARM Embedded\4.7 2012q4\arm-none-eabi\lib\armv7e-m\softfp\libstdc++.a(eh_exception.o)
                0x0801b464                typeinfo for __cxxabiv1::__foreign_exception
 *fill*         0x0801b46c        0x4 00
 .rodata._ZTVSt13bad_exception
                0x0801b470       0x18 ..\..\..\..\..\..\..\..\Program Files (x86)\GNU Tools ARM Embedded\4.7 2012q4\arm-none-eabi\lib\armv7e-m\softfp\libstdc++.a(eh_exception.o)
                0x0801b470                vtable for std::bad_exception
 .rodata._ZTSSt9exception
                0x0801b488       0x10 ..\..\..\..\..\..\..\..\Program Files (x86)\GNU Tools ARM Embedded\4.7 2012q4\arm-none-eabi\lib\armv7e-m\softfp\libstdc++.a(eh_exception.o)
                0x0801b488                typeinfo name for std::exception
 .rodata._ZTSN10__cxxabiv115__forced_unwindE
                0x0801b498       0x20 ..\..\..\..\..\..\..\..\Program Files (x86)\GNU Tools ARM Embedded\4.7 2012q4\arm-none-eabi\lib\armv7e-m\softfp\libstdc++.a(eh_exception.o)
                0x0801b498                typeinfo name for __cxxabiv1::__forced_unwind
 .rodata._ZTISt13bad_exception
                0x0801b4b8        0xc ..\..\..\..\..\..\..\..\Program Files (x86)\GNU Tools ARM Embedded\4.7 2012q4\arm-none-eabi\lib\armv7e-m\softfp\libstdc++.a(eh_exception.o)
                0x0801b4b8                typeinfo for std::bad_exception
 *fill*         0x0801b4c4        0x4 00
 .rodata._ZTVN10__cxxabiv117__class_type_infoE
                0x0801b4c8       0x30 ..\..\..\..\..\..\..\..\Program Files (x86)\GNU Tools ARM Embedded\4.7 2012q4\arm-none-eabi\lib\armv7e-m\softfp\libstdc++.a(class_type_info.o)
                0x0801b4c8                vtable for __cxxabiv1::__class_type_info
 .rodata._ZTIN10__cxxabiv117__class_type_infoE
                0x0801b4f8        0xc ..\..\..\..\..\..\..\..\Program Files (x86)\GNU Tools ARM Embedded\4.7 2012q4\arm-none-eabi\lib\armv7e-m\softfp\libstdc++.a(class_type_info.o)
                0x0801b4f8                typeinfo for __cxxabiv1::__class_type_info
 .rodata._ZTSN10__cxxabiv117__class_type_infoE
                0x0801b504       0x24 ..\..\..\..\..\..\..\..\Program Files (x86)\GNU Tools ARM Embedded\4.7 2012q4\arm-none-eabi\lib\armv7e-m\softfp\libstdc++.a(class_type_info.o)
                0x0801b504                typeinfo name for __cxxabiv1::__class_type_info
 .rodata._ZTISt9type_info
                0x0801b528        0x8 ..\..\..\..\..\..\..\..\Program Files (x86)\GNU Tools ARM Embedded\4.7 2012q4\arm-none-eabi\lib\armv7e-m\softfp\libstdc++.a(tinfo.o)
                0x0801b528                typeinfo for std::type_info
 .rodata._ZTSSt9type_info
                0x0801b530       0x10 ..\..\..\..\..\..\..\..\Program Files (x86)\GNU Tools ARM Embedded\4.7 2012q4\arm-none-eabi\lib\armv7e-m\softfp\libstdc++.a(tinfo.o)
                0x0801b530                typeinfo name for std::type_info
 .rodata._ZTVSt9type_info
                0x0801b540       0x20 ..\..\..\..\..\..\..\..\Program Files (x86)\GNU Tools ARM Embedded\4.7 2012q4\arm-none-eabi\lib\armv7e-m\softfp\libstdc++.a(tinfo.o)
                0x0801b540                vtable for std::type_info
 .rodata._ZTIN9__gnu_cxx20recursive_init_errorE
                0x0801b560        0xc ..\..\..\..\..\..\..\..\Program Files (x86)\GNU Tools ARM Embedded\4.7 2012q4\arm-none-eabi\lib\armv7e-m\softfp\libstdc++.a(guard_error.o)
                0x0801b560                typeinfo for __gnu_cxx::recursive_init_error
 .rodata._ZTSN9__gnu_cxx20recursive_init_errorE
                0x0801b56c       0x24 ..\..\..\..\..\..\..\..\Program Files (x86)\GNU Tools ARM Embedded\4.7 2012q4\arm-none-eabi\lib\armv7e-m\softfp\libstdc++.a(guard_error.o)
                0x0801b56c                typeinfo name for __gnu_cxx::recursive_init_error
 .rodata._ZTVN9__gnu_cxx20recursive_init_errorE
                0x0801b590       0x18 ..\..\..\..\..\..\..\..\Program Files (x86)\GNU Tools ARM Embedded\4.7 2012q4\arm-none-eabi\lib\armv7e-m\softfp\libstdc++.a(guard_error.o)
                0x0801b590                vtable for __gnu_cxx::recursive_init_error
 .rodata._ZTVN10__cxxabiv120__si_class_type_infoE
                0x0801b5a8       0x30 ..\..\..\..\..\..\..\..\Program Files (x86)\GNU Tools ARM Embedded\4.7 2012q4\arm-none-eabi\lib\armv7e-m\softfp\libstdc++.a(si_class_type_info.o)
                0x0801b5a8                vtable for __cxxabiv1::__si_class_type_info
 .rodata._ZTIN10__cxxabiv120__si_class_type_infoE
                0x0801b5d8        0xc ..\..\..\..\..\..\..\..\Program Files (x86)\GNU Tools ARM Embedded\4.7 2012q4\arm-none-eabi\lib\armv7e-m\softfp\libstdc++.a(si_class_type_info.o)
                0x0801b5d8                typeinfo for __cxxabiv1::__si_class_type_info
 .rodata._ZTSN10__cxxabiv120__si_class_type_infoE
                0x0801b5e4       0x28 ..\..\..\..\..\..\..\..\Program Files (x86)\GNU Tools ARM Embedded\4.7 2012q4\arm-none-eabi\lib\armv7e-m\softfp\libstdc++.a(si_class_type_info.o)
                0x0801b5e4                typeinfo name for __cxxabiv1::__si_class_type_info
 *fill*         0x0801b60c        0x4 00
 .rodata._ZTVSt9bad_alloc
                0x0801b610       0x18 ..\..\..\..\..\..\..\..\Program Files (x86)\GNU Tools ARM Embedded\4.7 2012q4\arm-none-eabi\lib\armv7e-m\softfp\libstdc++.a(bad_alloc.o)
                0x0801b610                vtable for std::bad_alloc
 .rodata._ZTISt9bad_alloc
                0x0801b628        0xc ..\..\..\..\..\..\..\..\Program Files (x86)\GNU Tools ARM Embedded\4.7 2012q4\arm-none-eabi\lib\armv7e-m\softfp\libstdc++.a(bad_alloc.o)
                0x0801b628                typeinfo for std::bad_alloc
 .rodata.str1.4
                0x0801b634        0xf ..\..\..\..\..\..\..\..\Program Files (x86)\GNU Tools ARM Embedded\4.7 2012q4\arm-none-eabi\lib\armv7e-m\softfp\libstdc++.a(bad_alloc.o)
                                 0x10 (size before relaxing)
 *fill*         0x0801b643        0x1 00
 .rodata._ZTSSt9bad_alloc
                0x0801b644       0x10 ..\..\..\..\..\..\..\..\Program Files (x86)\GNU Tools ARM Embedded\4.7 2012q4\arm-none-eabi\lib\armv7e-m\softfp\libstdc++.a(bad_alloc.o)
                0x0801b644                typeinfo name for std::bad_alloc
 .rodata.str1.4
                0x0801b654       0x94 ..\..\..\..\..\..\..\..\Program Files (x86)\GNU Tools ARM Embedded\4.7 2012q4\arm-none-eabi\lib\armv7e-m\softfp\libstdc++.a(vterminate.o)
 .rodata        0x0801b6e8      0x6f8 ..\..\..\..\..\..\..\..\Program Files (x86)\GNU Tools ARM Embedded\4.7 2012q4\arm-none-eabi\lib\armv7e-m\softfp\libstdc++.a(cp-demangle.o)
 .rodata.str1.4
                0x0801bde0      0x61b ..\..\..\..\..\..\..\..\Program Files (x86)\GNU Tools ARM Embedded\4.7 2012q4\arm-none-eabi\lib\armv7e-m\softfp\libstdc++.a(cp-demangle.o)
                                0x644 (size before relaxing)
 *fill*         0x0801c3fb        0x1 00
 .rodata.npio2_hw
                0x0801c3fc       0x80 ..\..\..\..\..\..\..\..\Program Files (x86)\GNU Tools ARM Embedded\4.7 2012q4\arm-none-eabi\lib\armv7e-m\softfp\libm.a(lib_a-e_rem_pio2.o)
 .rodata.two_over_pi
                0x0801c47c      0x108 ..\..\..\..\..\..\..\..\Program Files (x86)\GNU Tools ARM Embedded\4.7 2012q4\arm-none-eabi\lib\armv7e-m\softfp\libm.a(lib_a-e_rem_pio2.o)
 .rodata.init_jk
                0x0801c584       0x10 ..\..\..\..\..\..\..\..\Program Files (x86)\GNU Tools ARM Embedded\4.7 2012q4\arm-none-eabi\lib\armv7e-m\softfp\libm.a(lib_a-k_rem_pio2.o)
 *fill*         0x0801c594        0x4 00
 .rodata.PIo2   0x0801c598       0x40 ..\..\..\..\..\..\..\..\Program Files (x86)\GNU Tools ARM Embedded\4.7 2012q4\arm-none-eabi\lib\armv7e-m\softfp\libm.a(lib_a-k_rem_pio2.o)
 .rodata.str1.4
                0x0801c5d8        0x2 ..\..\..\..\..\..\..\..\Program Files (x86)\GNU Tools ARM Embedded\4.7 2012q4\arm-none-eabi\lib\armv7e-m\softfp\libg.a(lib_a-impure.o)
                                  0x4 (size before relaxing)
 *fill*         0x0801c5da        0x2 00
 .rodata.str1.4
                0x0801c5dc        0xa ..\..\..\..\..\..\..\..\Program Files (x86)\GNU Tools ARM Embedded\4.7 2012q4\arm-none-eabi\lib\armv7e-m\softfp\libg.a(lib_a-strtod.o)
                                 0x10 (size before relaxing)
 *fill*         0x0801c5e6        0x2 00
 .rodata.tinytens